/workspace/r10/swm_a/stable_worldmodel/envs/__init__.py:215: UserWarning: ale-py not found; ALE/* envs are unavailable. Install with: pip install 'stable-worldmodel[env]' or pip install ale-py.
  from stable_worldmodel.envs import ale  # noqa: F401
/workspace/r10/env_a/lib/python3.12/site-packages/gymnasium/envs/registration.py:729: UserWarning: [33mWARN: The environment is being initialised with render_mode='rgb_array' that is not in the possible render_modes ([]).[0m
  logger.warn(
CEM solve time: 1.3101 seconds
CEM solve time: 0.6547 seconds
/workspace/r10/env_a/lib/python3.12/site-packages/gymnasium/envs/registration.py:729: UserWarning: [33mWARN: The environment is being initialised with render_mode='rgb_array' that is not in the possible render_modes ([]).[0m
  logger.warn(
CEM solve time: 0.6653 seconds
CEM solve time: 0.6619 seconds
{"case_id": "R6_reacher_0184346c125528018922c654", "stream": "R3_ORIGINAL", "history1": 0, "history3": 1, "replans3": [{"replan_index": 0, "anchor_raw": 0, "seed_uint64": 8608525955776389027, "model_pixels_shape": [1, 300, 1, 3, 224, 224], "model_action_history_shape": null, "candidate_shape": [1, 300, 5, 10], "warmup": "ONE_REAL_FRAME_NO_ACTION_HISTORY", "plan_sha256": "f7aa67f0b263dd66e7cedf0599d8e3ac631a8c7defc6ec73d9a39f5190df5328", "first_plan_bitwise_equal": true, "first_plan_max_abs_difference": 0.0}, {"replan_index": 1, "anchor_raw": 25, "seed_uint64": 4917019559926388254, "model_pixels_shape": [1, 300, 3, 3, 224, 224], "model_action_history_shape": [1, 300, 2, 10], "candidate_shape": [1, 300, 5, 10], "emitted_action_dtype": "float32", "observed_action_dtype": "float64", "action_history_max_abs_difference": 0.0, "previous_probe_max_abs_difference": 1.1920928955078125e-07, "history_raw_indices": [15, 20, 25], "real_actions_verified": true, "real_pixels_verified": true, "plan_sha256": "30673c17b394d536e057a4901f720efcbff52921d6ff23a79ba63547be6f2bb4"}]}
/workspace/r10/env_a/lib/python3.12/site-packages/gymnasium/envs/registration.py:729: UserWarning: [33mWARN: The environment is being initialised with render_mode='rgb_array' that is not in the possible render_modes ([]).[0m
  logger.warn(
CEM solve time: 0.6814 seconds
CEM solve time: 0.6585 seconds
/workspace/r10/env_a/lib/python3.12/site-packages/gymnasium/envs/registration.py:729: UserWarning: [33mWARN: The environment is being initialised with render_mode='rgb_array' that is not in the possible render_modes ([]).[0m
  logger.warn(
CEM solve time: 0.6773 seconds
CEM solve time: 0.6521 seconds
{"case_id": "R6_reacher_0184346c125528018922c654", "stream": "R4_ALT_CEM_1", "history1": 1, "history3": 1, "replans3": [{"replan_index": 0, "anchor_raw": 0, "seed_uint64": 17377016814985032883, "model_pixels_shape": [1, 300, 1, 3, 224, 224], "model_action_history_shape": null, "candidate_shape": [1, 300, 5, 10], "warmup": "ONE_REAL_FRAME_NO_ACTION_HISTORY", "plan_sha256": "2278bb50beb26f58f8148be3e32328a74e0f970b226da0622b808db23d98b571", "first_plan_bitwise_equal": true, "first_plan_max_abs_difference": 0.0}, {"replan_index": 1, "anchor_raw": 25, "seed_uint64": 286073913192827705, "model_pixels_shape": [1, 300, 3, 3, 224, 224], "model_action_history_shape": [1, 300, 2, 10], "candidate_shape": [1, 300, 5, 10], "emitted_action_dtype": "float32", "observed_action_dtype": "float64", "action_history_max_abs_difference": 0.0, "previous_probe_max_abs_difference": 1.1920928955078125e-07, "history_raw_indices": [15, 20, 25], "real_actions_verified": true, "real_pixels_verified": true, "plan_sha256": "f28cdba8767548ae3dac0e89e8c767f3e1bdff7e21ef0c9e879e6ddd1f51938f"}]}
/workspace/r10/env_a/lib/python3.12/site-packages/gymnasium/envs/registration.py:729: UserWarning: [33mWARN: The environment is being initialised with render_mode='rgb_array' that is not in the possible render_modes ([]).[0m
  logger.warn(
CEM solve time: 0.6685 seconds
CEM solve time: 0.6699 seconds
/workspace/r10/env_a/lib/python3.12/site-packages/gymnasium/envs/registration.py:729: UserWarning: [33mWARN: The environment is being initialised with render_mode='rgb_array' that is not in the possible render_modes ([]).[0m
  logger.warn(
CEM solve time: 0.6713 seconds
CEM solve time: 0.6713 seconds
{"case_id": "R6_reacher_0184346c125528018922c654", "stream": "R4_ALT_CEM_2", "history1": 1, "history3": 1, "replans3": [{"replan_index": 0, "anchor_raw": 0, "seed_uint64": 8510603405017568995, "model_pixels_shape": [1, 300, 1, 3, 224, 224], "model_action_history_shape": null, "candidate_shape": [1, 300, 5, 10], "warmup": "ONE_REAL_FRAME_NO_ACTION_HISTORY", "plan_sha256": "b7081071bbdc2a34968e999a7c91d2abc33248ccef6337ccc392c97cc0bfdc64", "first_plan_bitwise_equal": true, "first_plan_max_abs_difference": 0.0}, {"replan_index": 1, "anchor_raw": 25, "seed_uint64": 676674542144750984, "model_pixels_shape": [1, 300, 3, 3, 224, 224], "model_action_history_shape": [1, 300, 2, 10], "candidate_shape": [1, 300, 5, 10], "emitted_action_dtype": "float32", "observed_action_dtype": "float64", "action_history_max_abs_difference": 0.0, "previous_probe_max_abs_difference": 1.1920928955078125e-07, "history_raw_indices": [15, 20, 25], "real_actions_verified": true, "real_pixels_verified": true, "plan_sha256": "b291bea85949b944268a317efe76955516d9863143c1873f395dd2b6e7082411"}]}
/workspace/r10/env_a/lib/python3.12/site-packages/gymnasium/envs/registration.py:729: UserWarning: [33mWARN: The environment is being initialised with render_mode='rgb_array' that is not in the possible render_modes ([]).[0m
  logger.warn(
CEM solve time: 0.6813 seconds
CEM solve time: 0.6509 seconds
/workspace/r10/env_a/lib/python3.12/site-packages/gymnasium/envs/registration.py:729: UserWarning: [33mWARN: The environment is being initialised with render_mode='rgb_array' that is not in the possible render_modes ([]).[0m
  logger.warn(
CEM solve time: 0.6582 seconds
CEM solve time: 0.6615 seconds
{"case_id": "R6_reacher_0236acda3799285bc7c01150", "stream": "R3_ORIGINAL", "history1": 1, "history3": 1, "replans3": [{"replan_index": 0, "anchor_raw": 0, "seed_uint64": 6011844986790426884, "model_pixels_shape": [1, 300, 1, 3, 224, 224], "model_action_history_shape": null, "candidate_shape": [1, 300, 5, 10], "warmup": "ONE_REAL_FRAME_NO_ACTION_HISTORY", "plan_sha256": "5ca48a3186918f4ff98100a7be01e88320d114c83e2ba3f1a566f151953a1dce", "first_plan_bitwise_equal": true, "first_plan_max_abs_difference": 0.0}, {"replan_index": 1, "anchor_raw": 25, "seed_uint64": 9740092158245873397, "model_pixels_shape": [1, 300, 3, 3, 224, 224], "model_action_history_shape": [1, 300, 2, 10], "candidate_shape": [1, 300, 5, 10], "emitted_action_dtype": "float32", "observed_action_dtype": "float64", "action_history_max_abs_difference": 0.0, "previous_probe_max_abs_difference": 1.1920928955078125e-07, "history_raw_indices": [15, 20, 25], "real_actions_verified": true, "real_pixels_verified": true, "plan_sha256": "22ef9b9cd6cdbc0d310006abcb296d86819fac9ad693c13aa609bb0054703785"}]}
/workspace/r10/env_a/lib/python3.12/site-packages/gymnasium/envs/registration.py:729: UserWarning: [33mWARN: The environment is being initialised with render_mode='rgb_array' that is not in the possible render_modes ([]).[0m
  logger.warn(
CEM solve time: 0.6671 seconds
/workspace/r10/env_a/lib/python3.12/site-packages/gymnasium/envs/registration.py:729: UserWarning: [33mWARN: The environment is being initialised with render_mode='rgb_array' that is not in the possible render_modes ([]).[0m
  logger.warn(
CEM solve time: 0.6466 seconds
{"case_id": "R6_reacher_0236acda3799285bc7c01150", "stream": "R4_ALT_CEM_1", "history1": 1, "history3": 1, "replans3": [{"replan_index": 0, "anchor_raw": 0, "seed_uint64": 5227398579543130511, "model_pixels_shape": [1, 300, 1, 3, 224, 224], "model_action_history_shape": null, "candidate_shape": [1, 300, 5, 10], "warmup": "ONE_REAL_FRAME_NO_ACTION_HISTORY", "plan_sha256": "1f9b7608cebdd92692e8537e81aa574217e6c760e083b135a82979e6e931491c", "first_plan_bitwise_equal": true, "first_plan_max_abs_difference": 0.0}]}
/workspace/r10/env_a/lib/python3.12/site-packages/gymnasium/envs/registration.py:729: UserWarning: [33mWARN: The environment is being initialised with render_mode='rgb_array' that is not in the possible render_modes ([]).[0m
  logger.warn(
CEM solve time: 0.6559 seconds
/workspace/r10/env_a/lib/python3.12/site-packages/gymnasium/envs/registration.py:729: UserWarning: [33mWARN: The environment is being initialised with render_mode='rgb_array' that is not in the possible render_modes ([]).[0m
  logger.warn(
CEM solve time: 0.6692 seconds
{"case_id": "R6_reacher_0236acda3799285bc7c01150", "stream": "R4_ALT_CEM_2", "history1": 1, "history3": 1, "replans3": [{"replan_index": 0, "anchor_raw": 0, "seed_uint64": 6912694127367458048, "model_pixels_shape": [1, 300, 1, 3, 224, 224], "model_action_history_shape": null, "candidate_shape": [1, 300, 5, 10], "warmup": "ONE_REAL_FRAME_NO_ACTION_HISTORY", "plan_sha256": "19ce3ff2d3cdf2eec1153b4fe2683a9881f40a631769c8bc0e99428e10d5aaae", "first_plan_bitwise_equal": true, "first_plan_max_abs_difference": 0.0}]}
/workspace/r10/env_a/lib/python3.12/site-packages/gymnasium/envs/registration.py:729: UserWarning: [33mWARN: The environment is being initialised with render_mode='rgb_array' that is not in the possible render_modes ([]).[0m
  logger.warn(
CEM solve time: 0.6593 seconds
CEM solve time: 0.6542 seconds
/workspace/r10/env_a/lib/python3.12/site-packages/gymnasium/envs/registration.py:729: UserWarning: [33mWARN: The environment is being initialised with render_mode='rgb_array' that is not in the possible render_modes ([]).[0m
  logger.warn(
CEM solve time: 0.6529 seconds
CEM solve time: 0.6672 seconds
{"case_id": "R6_reacher_0323e2a42cd2b4632da3af22", "stream": "R3_ORIGINAL", "history1": 0, "history3": 1, "replans3": [{"replan_index": 0, "anchor_raw": 0, "seed_uint64": 6094626704978590304, "model_pixels_shape": [1, 300, 1, 3, 224, 224], "model_action_history_shape": null, "candidate_shape": [1, 300, 5, 10], "warmup": "ONE_REAL_FRAME_NO_ACTION_HISTORY", "plan_sha256": "288ffba5acdc42df80bc591da85ab10bb46934d0d0fceced9b80cd53993a2767", "first_plan_bitwise_equal": true, "first_plan_max_abs_difference": 0.0}, {"replan_index": 1, "anchor_raw": 25, "seed_uint64": 2520246972100539585, "model_pixels_shape": [1, 300, 3, 3, 224, 224], "model_action_history_shape": [1, 300, 2, 10], "candidate_shape": [1, 300, 5, 10], "emitted_action_dtype": "float32", "observed_action_dtype": "float64", "action_history_max_abs_difference": 0.0, "previous_probe_max_abs_difference": 5.960464477539063e-08, "history_raw_indices": [15, 20, 25], "real_actions_verified": true, "real_pixels_verified": true, "plan_sha256": "e6f535bc0162977addf9d926b3fd5bf47b8ff75055fdaa5bb5d2c3cab0c1a9fa"}]}
/workspace/r10/env_a/lib/python3.12/site-packages/gymnasium/envs/registration.py:729: UserWarning: [33mWARN: The environment is being initialised with render_mode='rgb_array' that is not in the possible render_modes ([]).[0m
  logger.warn(
CEM solve time: 0.6644 seconds
CEM solve time: 0.6684 seconds
/workspace/r10/env_a/lib/python3.12/site-packages/gymnasium/envs/registration.py:729: UserWarning: [33mWARN: The environment is being initialised with render_mode='rgb_array' that is not in the possible render_modes ([]).[0m
  logger.warn(
CEM solve time: 0.6613 seconds
CEM solve time: 0.6706 seconds
{"case_id": "R6_reacher_0323e2a42cd2b4632da3af22", "stream": "R4_ALT_CEM_1", "history1": 1, "history3": 1, "replans3": [{"replan_index": 0, "anchor_raw": 0, "seed_uint64": 3804881586514611208, "model_pixels_shape": [1, 300, 1, 3, 224, 224], "model_action_history_shape": null, "candidate_shape": [1, 300, 5, 10], "warmup": "ONE_REAL_FRAME_NO_ACTION_HISTORY", "plan_sha256": "51037fb95ea2cfa3c03e18c9c2810cef942228afabb09edde5c5ff4cb49e76d8", "first_plan_bitwise_equal": true, "first_plan_max_abs_difference": 0.0}, {"replan_index": 1, "anchor_raw": 25, "seed_uint64": 7215750220010084651, "model_pixels_shape": [1, 300, 3, 3, 224, 224], "model_action_history_shape": [1, 300, 2, 10], "candidate_shape": [1, 300, 5, 10], "emitted_action_dtype": "float32", "observed_action_dtype": "float64", "action_history_max_abs_difference": 0.0, "previous_probe_max_abs_difference": 1.1920928955078125e-07, "history_raw_indices": [15, 20, 25], "real_actions_verified": true, "real_pixels_verified": true, "plan_sha256": "32acdf3523abe74ee9185080e3be9c0b0e06aea987411eab79659470f0874aa6"}]}
/workspace/r10/env_a/lib/python3.12/site-packages/gymnasium/envs/registration.py:729: UserWarning: [33mWARN: The environment is being initialised with render_mode='rgb_array' that is not in the possible render_modes ([]).[0m
  logger.warn(
CEM solve time: 0.6584 seconds
/workspace/r10/env_a/lib/python3.12/site-packages/gymnasium/envs/registration.py:729: UserWarning: [33mWARN: The environment is being initialised with render_mode='rgb_array' that is not in the possible render_modes ([]).[0m
  logger.warn(
CEM solve time: 0.6508 seconds
{"case_id": "R6_reacher_0323e2a42cd2b4632da3af22", "stream": "R4_ALT_CEM_2", "history1": 1, "history3": 1, "replans3": [{"replan_index": 0, "anchor_raw": 0, "seed_uint64": 16943576093721164895, "model_pixels_shape": [1, 300, 1, 3, 224, 224], "model_action_history_shape": null, "candidate_shape": [1, 300, 5, 10], "warmup": "ONE_REAL_FRAME_NO_ACTION_HISTORY", "plan_sha256": "620b25e158ddab66b749166f08b73482c7c175e9fe73a7e01c4279a07422f49d", "first_plan_bitwise_equal": true, "first_plan_max_abs_difference": 0.0}]}
/workspace/r10/env_a/lib/python3.12/site-packages/gymnasium/envs/registration.py:729: UserWarning: [33mWARN: The environment is being initialised with render_mode='rgb_array' that is not in the possible render_modes ([]).[0m
  logger.warn(
CEM solve time: 0.6511 seconds
/workspace/r10/env_a/lib/python3.12/site-packages/gymnasium/envs/registration.py:729: UserWarning: [33mWARN: The environment is being initialised with render_mode='rgb_array' that is not in the possible render_modes ([]).[0m
  logger.warn(
CEM solve time: 0.6865 seconds
{"case_id": "R6_reacher_04010050b2406790c8247103", "stream": "R3_ORIGINAL", "history1": 1, "history3": 1, "replans3": [{"replan_index": 0, "anchor_raw": 0, "seed_uint64": 10365035795863778219, "model_pixels_shape": [1, 300, 1, 3, 224, 224], "model_action_history_shape": null, "candidate_shape": [1, 300, 5, 10], "warmup": "ONE_REAL_FRAME_NO_ACTION_HISTORY", "plan_sha256": "3ea0e4d32252b7b4dcd4b0671b91384f71c9aa9339599745b42076a4cb34e51c", "first_plan_bitwise_equal": true, "first_plan_max_abs_difference": 0.0}]}
/workspace/r10/env_a/lib/python3.12/site-packages/gymnasium/envs/registration.py:729: UserWarning: [33mWARN: The environment is being initialised with render_mode='rgb_array' that is not in the possible render_modes ([]).[0m
  logger.warn(
CEM solve time: 0.6615 seconds
CEM solve time: 0.6765 seconds
/workspace/r10/env_a/lib/python3.12/site-packages/gymnasium/envs/registration.py:729: UserWarning: [33mWARN: The environment is being initialised with render_mode='rgb_array' that is not in the possible render_modes ([]).[0m
  logger.warn(
CEM solve time: 0.6634 seconds
CEM solve time: 0.6762 seconds
{"case_id": "R6_reacher_04010050b2406790c8247103", "stream": "R4_ALT_CEM_1", "history1": 1, "history3": 1, "replans3": [{"replan_index": 0, "anchor_raw": 0, "seed_uint64": 16366260742407060320, "model_pixels_shape": [1, 300, 1, 3, 224, 224], "model_action_history_shape": null, "candidate_shape": [1, 300, 5, 10], "warmup": "ONE_REAL_FRAME_NO_ACTION_HISTORY", "plan_sha256": "1e299c463ad0f2e33869b028d55ec74fa34e01838261045e3f84122d9911249f", "first_plan_bitwise_equal": true, "first_plan_max_abs_difference": 0.0}, {"replan_index": 1, "anchor_raw": 25, "seed_uint64": 7169162252459146545, "model_pixels_shape": [1, 300, 3, 3, 224, 224], "model_action_history_shape": [1, 300, 2, 10], "candidate_shape": [1, 300, 5, 10], "emitted_action_dtype": "float32", "observed_action_dtype": "float64", "action_history_max_abs_difference": 0.0, "previous_probe_max_abs_difference": 2.384185791015625e-07, "history_raw_indices": [15, 20, 25], "real_actions_verified": true, "real_pixels_verified": true, "plan_sha256": "ab62f7a40f6cc24dcdd79df8c58437247d6e1ed0d1c8d1239914835f8c1a7747"}]}
/workspace/r10/env_a/lib/python3.12/site-packages/gymnasium/envs/registration.py:729: UserWarning: [33mWARN: The environment is being initialised with render_mode='rgb_array' that is not in the possible render_modes ([]).[0m
  logger.warn(
CEM solve time: 0.6546 seconds
CEM solve time: 0.6581 seconds
/workspace/r10/env_a/lib/python3.12/site-packages/gymnasium/envs/registration.py:729: UserWarning: [33mWARN: The environment is being initialised with render_mode='rgb_array' that is not in the possible render_modes ([]).[0m
  logger.warn(
CEM solve time: 0.6553 seconds
CEM solve time: 0.6697 seconds
{"case_id": "R6_reacher_04010050b2406790c8247103", "stream": "R4_ALT_CEM_2", "history1": 0, "history3": 1, "replans3": [{"replan_index": 0, "anchor_raw": 0, "seed_uint64": 4862901591663485673, "model_pixels_shape": [1, 300, 1, 3, 224, 224], "model_action_history_shape": null, "candidate_shape": [1, 300, 5, 10], "warmup": "ONE_REAL_FRAME_NO_ACTION_HISTORY", "plan_sha256": "6aa44f56808b10739f0ec6409d1c13d00140114de1c3ceb2d75b512f39942234", "first_plan_bitwise_equal": true, "first_plan_max_abs_difference": 0.0}, {"replan_index": 1, "anchor_raw": 25, "seed_uint64": 4374757469658964484, "model_pixels_shape": [1, 300, 3, 3, 224, 224], "model_action_history_shape": [1, 300, 2, 10], "candidate_shape": [1, 300, 5, 10], "emitted_action_dtype": "float32", "observed_action_dtype": "float64", "action_history_max_abs_difference": 0.0, "previous_probe_max_abs_difference": 2.384185791015625e-07, "history_raw_indices": [15, 20, 25], "real_actions_verified": true, "real_pixels_verified": true, "plan_sha256": "19eacbcc0e2542a09780534798487510b169ca45452fef33f6f35e0e7a10102e"}]}
/workspace/r10/env_a/lib/python3.12/site-packages/gymnasium/envs/registration.py:729: UserWarning: [33mWARN: The environment is being initialised with render_mode='rgb_array' that is not in the possible render_modes ([]).[0m
  logger.warn(
CEM solve time: 0.6700 seconds
CEM solve time: 0.6490 seconds
/workspace/r10/env_a/lib/python3.12/site-packages/gymnasium/envs/registration.py:729: UserWarning: [33mWARN: The environment is being initialised with render_mode='rgb_array' that is not in the possible render_modes ([]).[0m
  logger.warn(
CEM solve time: 0.6640 seconds
CEM solve time: 0.6986 seconds
{"case_id": "R6_reacher_04689ec072dab02039d86a47", "stream": "R3_ORIGINAL", "history1": 1, "history3": 1, "replans3": [{"replan_index": 0, "anchor_raw": 0, "seed_uint64": 10842147047090360374, "model_pixels_shape": [1, 300, 1, 3, 224, 224], "model_action_history_shape": null, "candidate_shape": [1, 300, 5, 10], "warmup": "ONE_REAL_FRAME_NO_ACTION_HISTORY", "plan_sha256": "56bceca179e33fad87967785f2fb3b41cce83f6badd09eb6568740ba7cbfdc3f", "first_plan_bitwise_equal": true, "first_plan_max_abs_difference": 0.0}, {"replan_index": 1, "anchor_raw": 25, "seed_uint64": 5504775680656847145, "model_pixels_shape": [1, 300, 3, 3, 224, 224], "model_action_history_shape": [1, 300, 2, 10], "candidate_shape": [1, 300, 5, 10], "emitted_action_dtype": "float32", "observed_action_dtype": "float64", "action_history_max_abs_difference": 0.0, "previous_probe_max_abs_difference": 2.384185791015625e-07, "history_raw_indices": [15, 20, 25], "real_actions_verified": true, "real_pixels_verified": true, "plan_sha256": "96e1fd75f8ee8ce9d71a435bf47b769434228e592e6934c76c981bce752c87ef"}]}
/workspace/r10/env_a/lib/python3.12/site-packages/gymnasium/envs/registration.py:729: UserWarning: [33mWARN: The environment is being initialised with render_mode='rgb_array' that is not in the possible render_modes ([]).[0m
  logger.warn(
CEM solve time: 0.6563 seconds
CEM solve time: 0.6650 seconds
/workspace/r10/env_a/lib/python3.12/site-packages/gymnasium/envs/registration.py:729: UserWarning: [33mWARN: The environment is being initialised with render_mode='rgb_array' that is not in the possible render_modes ([]).[0m
  logger.warn(
CEM solve time: 0.6571 seconds
CEM solve time: 0.6845 seconds
{"case_id": "R6_reacher_04689ec072dab02039d86a47", "stream": "R4_ALT_CEM_1", "history1": 0, "history3": 1, "replans3": [{"replan_index": 0, "anchor_raw": 0, "seed_uint64": 9744183274971760608, "model_pixels_shape": [1, 300, 1, 3, 224, 224], "model_action_history_shape": null, "candidate_shape": [1, 300, 5, 10], "warmup": "ONE_REAL_FRAME_NO_ACTION_HISTORY", "plan_sha256": "12dfacff5294e9b3500b822d014912c8ee0960bd34f9ef269fe722cf29b9511f", "first_plan_bitwise_equal": true, "first_plan_max_abs_difference": 0.0}, {"replan_index": 1, "anchor_raw": 25, "seed_uint64": 14294783401368842199, "model_pixels_shape": [1, 300, 3, 3, 224, 224], "model_action_history_shape": [1, 300, 2, 10], "candidate_shape": [1, 300, 5, 10], "emitted_action_dtype": "float32", "observed_action_dtype": "float64", "action_history_max_abs_difference": 0.0, "previous_probe_max_abs_difference": 1.1920928955078125e-07, "history_raw_indices": [15, 20, 25], "real_actions_verified": true, "real_pixels_verified": true, "plan_sha256": "0b96d681d45418689146d780da8985869d79198ed13007f2c87ad27923b81533"}]}
/workspace/r10/env_a/lib/python3.12/site-packages/gymnasium/envs/registration.py:729: UserWarning: [33mWARN: The environment is being initialised with render_mode='rgb_array' that is not in the possible render_modes ([]).[0m
  logger.warn(
CEM solve time: 0.6663 seconds
CEM solve time: 0.6631 seconds
/workspace/r10/env_a/lib/python3.12/site-packages/gymnasium/envs/registration.py:729: UserWarning: [33mWARN: The environment is being initialised with render_mode='rgb_array' that is not in the possible render_modes ([]).[0m
  logger.warn(
CEM solve time: 0.6520 seconds
CEM solve time: 0.6771 seconds
{"case_id": "R6_reacher_04689ec072dab02039d86a47", "stream": "R4_ALT_CEM_2", "history1": 1, "history3": 1, "replans3": [{"replan_index": 0, "anchor_raw": 0, "seed_uint64": 4678217034000143665, "model_pixels_shape": [1, 300, 1, 3, 224, 224], "model_action_history_shape": null, "candidate_shape": [1, 300, 5, 10], "warmup": "ONE_REAL_FRAME_NO_ACTION_HISTORY", "plan_sha256": "31f3527ec18a9c2a4bbf3fa7be5c80215f68b0ccdcc375f1cbbea4fb9db53979", "first_plan_bitwise_equal": true, "first_plan_max_abs_difference": 0.0}, {"replan_index": 1, "anchor_raw": 25, "seed_uint64": 2229469939887368091, "model_pixels_shape": [1, 300, 3, 3, 224, 224], "model_action_history_shape": [1, 300, 2, 10], "candidate_shape": [1, 300, 5, 10], "emitted_action_dtype": "float32", "observed_action_dtype": "float64", "action_history_max_abs_difference": 0.0, "previous_probe_max_abs_difference": 5.960464477539063e-08, "history_raw_indices": [15, 20, 25], "real_actions_verified": true, "real_pixels_verified": true, "plan_sha256": "a9999f4786f55c3b3621ae994be71b185b4e6a7a754ad054ec530fae245e5bdf"}]}
/workspace/r10/env_a/lib/python3.12/site-packages/gymnasium/envs/registration.py:729: UserWarning: [33mWARN: The environment is being initialised with render_mode='rgb_array' that is not in the possible render_modes ([]).[0m
  logger.warn(
CEM solve time: 0.6744 seconds
/workspace/r10/env_a/lib/python3.12/site-packages/gymnasium/envs/registration.py:729: UserWarning: [33mWARN: The environment is being initialised with render_mode='rgb_array' that is not in the possible render_modes ([]).[0m
  logger.warn(
CEM solve time: 0.6576 seconds
{"case_id": "R6_reacher_05673647385df937e0c2da8e", "stream": "R3_ORIGINAL", "history1": 1, "history3": 1, "replans3": [{"replan_index": 0, "anchor_raw": 0, "seed_uint64": 16425212939337956430, "model_pixels_shape": [1, 300, 1, 3, 224, 224], "model_action_history_shape": null, "candidate_shape": [1, 300, 5, 10], "warmup": "ONE_REAL_FRAME_NO_ACTION_HISTORY", "plan_sha256": "ea47b850211b484fea38635e25edd744c23aa6be97e6ce940f63289c075ae91a", "first_plan_bitwise_equal": true, "first_plan_max_abs_difference": 0.0}]}
/workspace/r10/env_a/lib/python3.12/site-packages/gymnasium/envs/registration.py:729: UserWarning: [33mWARN: The environment is being initialised with render_mode='rgb_array' that is not in the possible render_modes ([]).[0m
  logger.warn(
CEM solve time: 0.6734 seconds
CEM solve time: 0.6628 seconds
/workspace/r10/env_a/lib/python3.12/site-packages/gymnasium/envs/registration.py:729: UserWarning: [33mWARN: The environment is being initialised with render_mode='rgb_array' that is not in the possible render_modes ([]).[0m
  logger.warn(
CEM solve time: 0.6633 seconds
CEM solve time: 0.6638 seconds
{"case_id": "R6_reacher_05673647385df937e0c2da8e", "stream": "R4_ALT_CEM_1", "history1": 1, "history3": 1, "replans3": [{"replan_index": 0, "anchor_raw": 0, "seed_uint64": 16881112097564530470, "model_pixels_shape": [1, 300, 1, 3, 224, 224], "model_action_history_shape": null, "candidate_shape": [1, 300, 5, 10], "warmup": "ONE_REAL_FRAME_NO_ACTION_HISTORY", "plan_sha256": "618db06848099a1bb9d64fa39f4021f8fd6a2b0152da2a28a44ae90dab37a424", "first_plan_bitwise_equal": true, "first_plan_max_abs_difference": 0.0}, {"replan_index": 1, "anchor_raw": 25, "seed_uint64": 820619497927628706, "model_pixels_shape": [1, 300, 3, 3, 224, 224], "model_action_history_shape": [1, 300, 2, 10], "candidate_shape": [1, 300, 5, 10], "emitted_action_dtype": "float32", "observed_action_dtype": "float64", "action_history_max_abs_difference": 0.0, "previous_probe_max_abs_difference": 5.960464477539063e-08, "history_raw_indices": [15, 20, 25], "real_actions_verified": true, "real_pixels_verified": true, "plan_sha256": "2eba6779a2e6a21ba6a827ade7426098004ca78eae13c6a7c840919cd27a8f6b"}]}
/workspace/r10/env_a/lib/python3.12/site-packages/gymnasium/envs/registration.py:729: UserWarning: [33mWARN: The environment is being initialised with render_mode='rgb_array' that is not in the possible render_modes ([]).[0m
  logger.warn(
CEM solve time: 0.6765 seconds
/workspace/r10/env_a/lib/python3.12/site-packages/gymnasium/envs/registration.py:729: UserWarning: [33mWARN: The environment is being initialised with render_mode='rgb_array' that is not in the possible render_modes ([]).[0m
  logger.warn(
CEM solve time: 0.6551 seconds
{"case_id": "R6_reacher_05673647385df937e0c2da8e", "stream": "R4_ALT_CEM_2", "history1": 1, "history3": 1, "replans3": [{"replan_index": 0, "anchor_raw": 0, "seed_uint64": 12787839819828921678, "model_pixels_shape": [1, 300, 1, 3, 224, 224], "model_action_history_shape": null, "candidate_shape": [1, 300, 5, 10], "warmup": "ONE_REAL_FRAME_NO_ACTION_HISTORY", "plan_sha256": "c3ba3b71b0565e46f5654d4b72b3afe3fd7ac24009a24871df5acabb2613cb6e", "first_plan_bitwise_equal": true, "first_plan_max_abs_difference": 0.0}]}
/workspace/r10/env_a/lib/python3.12/site-packages/gymnasium/envs/registration.py:729: UserWarning: [33mWARN: The environment is being initialised with render_mode='rgb_array' that is not in the possible render_modes ([]).[0m
  logger.warn(
CEM solve time: 0.6633 seconds
CEM solve time: 0.6556 seconds
/workspace/r10/env_a/lib/python3.12/site-packages/gymnasium/envs/registration.py:729: UserWarning: [33mWARN: The environment is being initialised with render_mode='rgb_array' that is not in the possible render_modes ([]).[0m
  logger.warn(
CEM solve time: 0.6604 seconds
CEM solve time: 0.6559 seconds
{"case_id": "R6_reacher_0685d60e12fdbdbe63e5d232", "stream": "R3_ORIGINAL", "history1": 0, "history3": 1, "replans3": [{"replan_index": 0, "anchor_raw": 0, "seed_uint64": 3390239005582018465, "model_pixels_shape": [1, 300, 1, 3, 224, 224], "model_action_history_shape": null, "candidate_shape": [1, 300, 5, 10], "warmup": "ONE_REAL_FRAME_NO_ACTION_HISTORY", "plan_sha256": "299de8610d05c38d9e49d5db71cdf8dcd925ca4a20bd5feed4c0447c4219bd15", "first_plan_bitwise_equal": true, "first_plan_max_abs_difference": 0.0}, {"replan_index": 1, "anchor_raw": 25, "seed_uint64": 13383304355886390876, "model_pixels_shape": [1, 300, 3, 3, 224, 224], "model_action_history_shape": [1, 300, 2, 10], "candidate_shape": [1, 300, 5, 10], "emitted_action_dtype": "float32", "observed_action_dtype": "float64", "action_history_max_abs_difference": 0.0, "previous_probe_max_abs_difference": 5.960464477539063e-08, "history_raw_indices": [15, 20, 25], "real_actions_verified": true, "real_pixels_verified": true, "plan_sha256": "5847d5138dee0b47d92370e9ce00a4e6de22c30515bbace2b4cff64858ee09fd"}]}
/workspace/r10/env_a/lib/python3.12/site-packages/gymnasium/envs/registration.py:729: UserWarning: [33mWARN: The environment is being initialised with render_mode='rgb_array' that is not in the possible render_modes ([]).[0m
  logger.warn(
CEM solve time: 0.6608 seconds
CEM solve time: 0.6587 seconds
/workspace/r10/env_a/lib/python3.12/site-packages/gymnasium/envs/registration.py:729: UserWarning: [33mWARN: The environment is being initialised with render_mode='rgb_array' that is not in the possible render_modes ([]).[0m
  logger.warn(
CEM solve time: 0.6751 seconds
CEM solve time: 0.6647 seconds
{"case_id": "R6_reacher_0685d60e12fdbdbe63e5d232", "stream": "R4_ALT_CEM_1", "history1": 1, "history3": 1, "replans3": [{"replan_index": 0, "anchor_raw": 0, "seed_uint64": 10568462608083555146, "model_pixels_shape": [1, 300, 1, 3, 224, 224], "model_action_history_shape": null, "candidate_shape": [1, 300, 5, 10], "warmup": "ONE_REAL_FRAME_NO_ACTION_HISTORY", "plan_sha256": "e916f4417b8e6d88e35fc4e614ac90f66d288dacbfb1671cdbdb975f622e1102", "first_plan_bitwise_equal": true, "first_plan_max_abs_difference": 0.0}, {"replan_index": 1, "anchor_raw": 25, "seed_uint64": 15610057471838671974, "model_pixels_shape": [1, 300, 3, 3, 224, 224], "model_action_history_shape": [1, 300, 2, 10], "candidate_shape": [1, 300, 5, 10], "emitted_action_dtype": "float32", "observed_action_dtype": "float64", "action_history_max_abs_difference": 0.0, "previous_probe_max_abs_difference": 5.960464477539063e-08, "history_raw_indices": [15, 20, 25], "real_actions_verified": true, "real_pixels_verified": true, "plan_sha256": "95a0873f1f300bacc32514c92c759cc48223292b6d2a480846a6d43b61dedd69"}]}
/workspace/r10/env_a/lib/python3.12/site-packages/gymnasium/envs/registration.py:729: UserWarning: [33mWARN: The environment is being initialised with render_mode='rgb_array' that is not in the possible render_modes ([]).[0m
  logger.warn(
CEM solve time: 0.6676 seconds
/workspace/r10/env_a/lib/python3.12/site-packages/gymnasium/envs/registration.py:729: UserWarning: [33mWARN: The environment is being initialised with render_mode='rgb_array' that is not in the possible render_modes ([]).[0m
  logger.warn(
CEM solve time: 0.6536 seconds
{"case_id": "R6_reacher_0685d60e12fdbdbe63e5d232", "stream": "R4_ALT_CEM_2", "history1": 1, "history3": 1, "replans3": [{"replan_index": 0, "anchor_raw": 0, "seed_uint64": 8120134161956532253, "model_pixels_shape": [1, 300, 1, 3, 224, 224], "model_action_history_shape": null, "candidate_shape": [1, 300, 5, 10], "warmup": "ONE_REAL_FRAME_NO_ACTION_HISTORY", "plan_sha256": "d8027d6b2f82abbe5de0a041dea0adffc4aa44bd3f69d8c4e8abe7a7fe63930b", "first_plan_bitwise_equal": true, "first_plan_max_abs_difference": 0.0}]}
/workspace/r10/env_a/lib/python3.12/site-packages/gymnasium/envs/registration.py:729: UserWarning: [33mWARN: The environment is being initialised with render_mode='rgb_array' that is not in the possible render_modes ([]).[0m
  logger.warn(
CEM solve time: 0.6627 seconds
CEM solve time: 0.6462 seconds
/workspace/r10/env_a/lib/python3.12/site-packages/gymnasium/envs/registration.py:729: UserWarning: [33mWARN: The environment is being initialised with render_mode='rgb_array' that is not in the possible render_modes ([]).[0m
  logger.warn(
CEM solve time: 0.6587 seconds
CEM solve time: 0.6579 seconds
{"case_id": "R6_reacher_07a0ab05518d2f71e8a802de", "stream": "R3_ORIGINAL", "history1": 1, "history3": 1, "replans3": [{"replan_index": 0, "anchor_raw": 0, "seed_uint64": 15856100612944324472, "model_pixels_shape": [1, 300, 1, 3, 224, 224], "model_action_history_shape": null, "candidate_shape": [1, 300, 5, 10], "warmup": "ONE_REAL_FRAME_NO_ACTION_HISTORY", "plan_sha256": "2452d1a6da5eeeb8d5c0741b1ea8c4530bd0269c074a70a5b0af71fbd9974176", "first_plan_bitwise_equal": true, "first_plan_max_abs_difference": 0.0}, {"replan_index": 1, "anchor_raw": 25, "seed_uint64": 6478095792510940788, "model_pixels_shape": [1, 300, 3, 3, 224, 224], "model_action_history_shape": [1, 300, 2, 10], "candidate_shape": [1, 300, 5, 10], "emitted_action_dtype": "float32", "observed_action_dtype": "float64", "action_history_max_abs_difference": 0.0, "previous_probe_max_abs_difference": 1.1920928955078125e-07, "history_raw_indices": [15, 20, 25], "real_actions_verified": true, "real_pixels_verified": true, "plan_sha256": "5db2a662c817ded7c12cfc420fa51d126309484afbe0e1bece540aa3ad06180e"}]}
/workspace/r10/env_a/lib/python3.12/site-packages/gymnasium/envs/registration.py:729: UserWarning: [33mWARN: The environment is being initialised with render_mode='rgb_array' that is not in the possible render_modes ([]).[0m
  logger.warn(
CEM solve time: 0.6654 seconds
CEM solve time: 0.6548 seconds
/workspace/r10/env_a/lib/python3.12/site-packages/gymnasium/envs/registration.py:729: UserWarning: [33mWARN: The environment is being initialised with render_mode='rgb_array' that is not in the possible render_modes ([]).[0m
  logger.warn(
CEM solve time: 0.6780 seconds
CEM solve time: 0.6612 seconds
{"case_id": "R6_reacher_07a0ab05518d2f71e8a802de", "stream": "R4_ALT_CEM_1", "history1": 1, "history3": 1, "replans3": [{"replan_index": 0, "anchor_raw": 0, "seed_uint64": 546959516992492215, "model_pixels_shape": [1, 300, 1, 3, 224, 224], "model_action_history_shape": null, "candidate_shape": [1, 300, 5, 10], "warmup": "ONE_REAL_FRAME_NO_ACTION_HISTORY", "plan_sha256": "35f2d14957b07b452c655c23e4f2bd0d9fa2274ea143904530f6932ccce7247a", "first_plan_bitwise_equal": true, "first_plan_max_abs_difference": 0.0}, {"replan_index": 1, "anchor_raw": 25, "seed_uint64": 16222667534181884508, "model_pixels_shape": [1, 300, 3, 3, 224, 224], "model_action_history_shape": [1, 300, 2, 10], "candidate_shape": [1, 300, 5, 10], "emitted_action_dtype": "float32", "observed_action_dtype": "float64", "action_history_max_abs_difference": 0.0, "previous_probe_max_abs_difference": 1.1920928955078125e-07, "history_raw_indices": [15, 20, 25], "real_actions_verified": true, "real_pixels_verified": true, "plan_sha256": "fd84c6b2274f61b057ed9337959cf780a4ed3010486c6bb1acb2a5d13c0ff6c1"}]}
/workspace/r10/env_a/lib/python3.12/site-packages/gymnasium/envs/registration.py:729: UserWarning: [33mWARN: The environment is being initialised with render_mode='rgb_array' that is not in the possible render_modes ([]).[0m
  logger.warn(
CEM solve time: 0.6623 seconds
CEM solve time: 0.6641 seconds
/workspace/r10/env_a/lib/python3.12/site-packages/gymnasium/envs/registration.py:729: UserWarning: [33mWARN: The environment is being initialised with render_mode='rgb_array' that is not in the possible render_modes ([]).[0m
  logger.warn(
CEM solve time: 0.6697 seconds
CEM solve time: 0.6602 seconds
{"case_id": "R6_reacher_07a0ab05518d2f71e8a802de", "stream": "R4_ALT_CEM_2", "history1": 1, "history3": 1, "replans3": [{"replan_index": 0, "anchor_raw": 0, "seed_uint64": 2794593864545688169, "model_pixels_shape": [1, 300, 1, 3, 224, 224], "model_action_history_shape": null, "candidate_shape": [1, 300, 5, 10], "warmup": "ONE_REAL_FRAME_NO_ACTION_HISTORY", "plan_sha256": "1aa17e2ebc68d02c1367b533b05d425c3cd780029fdd626cb9b3540c70fae613", "first_plan_bitwise_equal": true, "first_plan_max_abs_difference": 0.0}, {"replan_index": 1, "anchor_raw": 25, "seed_uint64": 5472802341406841776, "model_pixels_shape": [1, 300, 3, 3, 224, 224], "model_action_history_shape": [1, 300, 2, 10], "candidate_shape": [1, 300, 5, 10], "emitted_action_dtype": "float32", "observed_action_dtype": "float64", "action_history_max_abs_difference": 0.0, "previous_probe_max_abs_difference": 5.960464477539063e-08, "history_raw_indices": [15, 20, 25], "real_actions_verified": true, "real_pixels_verified": true, "plan_sha256": "48207e2ebd60f9177573f4842271db07e11cd502fb0a4b27c7626ed2a06a639b"}]}
/workspace/r10/env_a/lib/python3.12/site-packages/gymnasium/envs/registration.py:729: UserWarning: [33mWARN: The environment is being initialised with render_mode='rgb_array' that is not in the possible render_modes ([]).[0m
  logger.warn(
CEM solve time: 0.6627 seconds
CEM solve time: 0.6713 seconds
/workspace/r10/env_a/lib/python3.12/site-packages/gymnasium/envs/registration.py:729: UserWarning: [33mWARN: The environment is being initialised with render_mode='rgb_array' that is not in the possible render_modes ([]).[0m
  logger.warn(
CEM solve time: 0.6707 seconds
CEM solve time: 0.6687 seconds
{"case_id": "R6_reacher_0859eef19809752e9afbb84a", "stream": "R3_ORIGINAL", "history1": 1, "history3": 1, "replans3": [{"replan_index": 0, "anchor_raw": 0, "seed_uint64": 11725671156371847618, "model_pixels_shape": [1, 300, 1, 3, 224, 224], "model_action_history_shape": null, "candidate_shape": [1, 300, 5, 10], "warmup": "ONE_REAL_FRAME_NO_ACTION_HISTORY", "plan_sha256": "ab15a6d31580f94a54de25ac6be6d0d0c4422ae6b933a2245031f9698f31d4a8", "first_plan_bitwise_equal": true, "first_plan_max_abs_difference": 0.0}, {"replan_index": 1, "anchor_raw": 25, "seed_uint64": 14421544610835835049, "model_pixels_shape": [1, 300, 3, 3, 224, 224], "model_action_history_shape": [1, 300, 2, 10], "candidate_shape": [1, 300, 5, 10], "emitted_action_dtype": "float32", "observed_action_dtype": "float64", "action_history_max_abs_difference": 0.0, "previous_probe_max_abs_difference": 5.960464477539063e-08, "history_raw_indices": [15, 20, 25], "real_actions_verified": true, "real_pixels_verified": true, "plan_sha256": "a69f916ce0f60176baf4fa4d010d8e40be4a5c84ecc3217acd48a6017e98aa1a"}]}
/workspace/r10/env_a/lib/python3.12/site-packages/gymnasium/envs/registration.py:729: UserWarning: [33mWARN: The environment is being initialised with render_mode='rgb_array' that is not in the possible render_modes ([]).[0m
  logger.warn(
CEM solve time: 0.6608 seconds
CEM solve time: 0.6578 seconds
/workspace/r10/env_a/lib/python3.12/site-packages/gymnasium/envs/registration.py:729: UserWarning: [33mWARN: The environment is being initialised with render_mode='rgb_array' that is not in the possible render_modes ([]).[0m
  logger.warn(
CEM solve time: 0.6602 seconds
CEM solve time: 0.6586 seconds
{"case_id": "R6_reacher_0859eef19809752e9afbb84a", "stream": "R4_ALT_CEM_1", "history1": 0, "history3": 1, "replans3": [{"replan_index": 0, "anchor_raw": 0, "seed_uint64": 672191043361653580, "model_pixels_shape": [1, 300, 1, 3, 224, 224], "model_action_history_shape": null, "candidate_shape": [1, 300, 5, 10], "warmup": "ONE_REAL_FRAME_NO_ACTION_HISTORY", "plan_sha256": "c7176d7c94afa347e0b13c1997cc5e88c17b1e21a33cac6212da10f01ae3556c", "first_plan_bitwise_equal": true, "first_plan_max_abs_difference": 0.0}, {"replan_index": 1, "anchor_raw": 25, "seed_uint64": 17527481579217917340, "model_pixels_shape": [1, 300, 3, 3, 224, 224], "model_action_history_shape": [1, 300, 2, 10], "candidate_shape": [1, 300, 5, 10], "emitted_action_dtype": "float32", "observed_action_dtype": "float64", "action_history_max_abs_difference": 0.0, "previous_probe_max_abs_difference": 1.1920928955078125e-07, "history_raw_indices": [15, 20, 25], "real_actions_verified": true, "real_pixels_verified": true, "plan_sha256": "9348a63a221d0d7f050116969560c5236c9b1793f89c1535ec1e7dea268d602c"}]}
/workspace/r10/env_a/lib/python3.12/site-packages/gymnasium/envs/registration.py:729: UserWarning: [33mWARN: The environment is being initialised with render_mode='rgb_array' that is not in the possible render_modes ([]).[0m
  logger.warn(
CEM solve time: 0.6533 seconds
CEM solve time: 0.6605 seconds
/workspace/r10/env_a/lib/python3.12/site-packages/gymnasium/envs/registration.py:729: UserWarning: [33mWARN: The environment is being initialised with render_mode='rgb_array' that is not in the possible render_modes ([]).[0m
  logger.warn(
CEM solve time: 0.6609 seconds
CEM solve time: 0.6694 seconds
{"case_id": "R6_reacher_0859eef19809752e9afbb84a", "stream": "R4_ALT_CEM_2", "history1": 1, "history3": 1, "replans3": [{"replan_index": 0, "anchor_raw": 0, "seed_uint64": 17334743926054511419, "model_pixels_shape": [1, 300, 1, 3, 224, 224], "model_action_history_shape": null, "candidate_shape": [1, 300, 5, 10], "warmup": "ONE_REAL_FRAME_NO_ACTION_HISTORY", "plan_sha256": "8ec2316825ed5512f03567d1f22d8fce000bb0a9a6cd996983ce88c09d45f4dd", "first_plan_bitwise_equal": true, "first_plan_max_abs_difference": 0.0}, {"replan_index": 1, "anchor_raw": 25, "seed_uint64": 13392194565621576084, "model_pixels_shape": [1, 300, 3, 3, 224, 224], "model_action_history_shape": [1, 300, 2, 10], "candidate_shape": [1, 300, 5, 10], "emitted_action_dtype": "float32", "observed_action_dtype": "float64", "action_history_max_abs_difference": 0.0, "previous_probe_max_abs_difference": 2.9802322387695312e-08, "history_raw_indices": [15, 20, 25], "real_actions_verified": true, "real_pixels_verified": true, "plan_sha256": "52a1421f22944497218c399b67d0c7d4ae8cb8ec8e1263081a5e51f0c4b7c3a4"}]}
/workspace/r10/env_a/lib/python3.12/site-packages/gymnasium/envs/registration.py:729: UserWarning: [33mWARN: The environment is being initialised with render_mode='rgb_array' that is not in the possible render_modes ([]).[0m
  logger.warn(
CEM solve time: 0.6634 seconds
CEM solve time: 0.6525 seconds
/workspace/r10/env_a/lib/python3.12/site-packages/gymnasium/envs/registration.py:729: UserWarning: [33mWARN: The environment is being initialised with render_mode='rgb_array' that is not in the possible render_modes ([]).[0m
  logger.warn(
CEM solve time: 0.6750 seconds
CEM solve time: 0.7618 seconds
{"case_id": "R6_reacher_08edd6141fcf2cc487e96efd", "stream": "R3_ORIGINAL", "history1": 1, "history3": 1, "replans3": [{"replan_index": 0, "anchor_raw": 0, "seed_uint64": 8403725111298265289, "model_pixels_shape": [1, 300, 1, 3, 224, 224], "model_action_history_shape": null, "candidate_shape": [1, 300, 5, 10], "warmup": "ONE_REAL_FRAME_NO_ACTION_HISTORY", "plan_sha256": "6e4bcecee13237fa2faacb701576d52ac4faa69f80326d556249fb64d617747e", "first_plan_bitwise_equal": true, "first_plan_max_abs_difference": 0.0}, {"replan_index": 1, "anchor_raw": 25, "seed_uint64": 16556498181615434472, "model_pixels_shape": [1, 300, 3, 3, 224, 224], "model_action_history_shape": [1, 300, 2, 10], "candidate_shape": [1, 300, 5, 10], "emitted_action_dtype": "float32", "observed_action_dtype": "float64", "action_history_max_abs_difference": 0.0, "previous_probe_max_abs_difference": 1.1920928955078125e-07, "history_raw_indices": [15, 20, 25], "real_actions_verified": true, "real_pixels_verified": true, "plan_sha256": "3ef39c4e03741e042739e25501be8b65f66e06ea98c938112900e6589c40c207"}]}
/workspace/r10/env_a/lib/python3.12/site-packages/gymnasium/envs/registration.py:729: UserWarning: [33mWARN: The environment is being initialised with render_mode='rgb_array' that is not in the possible render_modes ([]).[0m
  logger.warn(
CEM solve time: 0.6507 seconds
CEM solve time: 0.6616 seconds
/workspace/r10/env_a/lib/python3.12/site-packages/gymnasium/envs/registration.py:729: UserWarning: [33mWARN: The environment is being initialised with render_mode='rgb_array' that is not in the possible render_modes ([]).[0m
  logger.warn(
CEM solve time: 0.6626 seconds
CEM solve time: 0.6692 seconds
{"case_id": "R6_reacher_08edd6141fcf2cc487e96efd", "stream": "R4_ALT_CEM_1", "history1": 1, "history3": 0, "replans3": [{"replan_index": 0, "anchor_raw": 0, "seed_uint64": 17275017555774703084, "model_pixels_shape": [1, 300, 1, 3, 224, 224], "model_action_history_shape": null, "candidate_shape": [1, 300, 5, 10], "warmup": "ONE_REAL_FRAME_NO_ACTION_HISTORY", "plan_sha256": "609bcff3b9bd69f2d78901a4dad26b6da12e5f1435b5699e3d58533ab0c4d071", "first_plan_bitwise_equal": true, "first_plan_max_abs_difference": 0.0}, {"replan_index": 1, "anchor_raw": 25, "seed_uint64": 16894448521253663887, "model_pixels_shape": [1, 300, 3, 3, 224, 224], "model_action_history_shape": [1, 300, 2, 10], "candidate_shape": [1, 300, 5, 10], "emitted_action_dtype": "float32", "observed_action_dtype": "float64", "action_history_max_abs_difference": 0.0, "previous_probe_max_abs_difference": 5.960464477539063e-08, "history_raw_indices": [15, 20, 25], "real_actions_verified": true, "real_pixels_verified": true, "plan_sha256": "6667bf90b22f1e25efdaff2a1f28793a3224f3316779ab98d5f79c400e2441d9"}]}
/workspace/r10/env_a/lib/python3.12/site-packages/gymnasium/envs/registration.py:729: UserWarning: [33mWARN: The environment is being initialised with render_mode='rgb_array' that is not in the possible render_modes ([]).[0m
  logger.warn(
CEM solve time: 0.6644 seconds
CEM solve time: 0.6618 seconds
/workspace/r10/env_a/lib/python3.12/site-packages/gymnasium/envs/registration.py:729: UserWarning: [33mWARN: The environment is being initialised with render_mode='rgb_array' that is not in the possible render_modes ([]).[0m
  logger.warn(
CEM solve time: 0.6646 seconds
CEM solve time: 0.6664 seconds
{"case_id": "R6_reacher_08edd6141fcf2cc487e96efd", "stream": "R4_ALT_CEM_2", "history1": 0, "history3": 0, "replans3": [{"replan_index": 0, "anchor_raw": 0, "seed_uint64": 13085107287289137143, "model_pixels_shape": [1, 300, 1, 3, 224, 224], "model_action_history_shape": null, "candidate_shape": [1, 300, 5, 10], "warmup": "ONE_REAL_FRAME_NO_ACTION_HISTORY", "plan_sha256": "e097e20d0d2ef245728dd367b502a68b717fb2134c16f42d35650f54ad04d7bf", "first_plan_bitwise_equal": true, "first_plan_max_abs_difference": 0.0}, {"replan_index": 1, "anchor_raw": 25, "seed_uint64": 10093821530390315752, "model_pixels_shape": [1, 300, 3, 3, 224, 224], "model_action_history_shape": [1, 300, 2, 10], "candidate_shape": [1, 300, 5, 10], "emitted_action_dtype": "float32", "observed_action_dtype": "float64", "action_history_max_abs_difference": 0.0, "previous_probe_max_abs_difference": 1.1920928955078125e-07, "history_raw_indices": [15, 20, 25], "real_actions_verified": true, "real_pixels_verified": true, "plan_sha256": "9b0040cf0e9740392a924639145cbc5de179da5514130dcb2243352ffc1688d2"}]}
/workspace/r10/env_a/lib/python3.12/site-packages/gymnasium/envs/registration.py:729: UserWarning: [33mWARN: The environment is being initialised with render_mode='rgb_array' that is not in the possible render_modes ([]).[0m
  logger.warn(
CEM solve time: 0.6503 seconds
/workspace/r10/env_a/lib/python3.12/site-packages/gymnasium/envs/registration.py:729: UserWarning: [33mWARN: The environment is being initialised with render_mode='rgb_array' that is not in the possible render_modes ([]).[0m
  logger.warn(
CEM solve time: 0.6564 seconds
{"case_id": "R6_reacher_09a47a8bb70067f36643bc00", "stream": "R3_ORIGINAL", "history1": 1, "history3": 1, "replans3": [{"replan_index": 0, "anchor_raw": 0, "seed_uint64": 3786084843891548130, "model_pixels_shape": [1, 300, 1, 3, 224, 224], "model_action_history_shape": null, "candidate_shape": [1, 300, 5, 10], "warmup": "ONE_REAL_FRAME_NO_ACTION_HISTORY", "plan_sha256": "8e685937ecf8af6b2c6d5b9cec2b257e5cf6787de1172f5b8a355dfa97292bed", "first_plan_bitwise_equal": true, "first_plan_max_abs_difference": 0.0}]}
/workspace/r10/env_a/lib/python3.12/site-packages/gymnasium/envs/registration.py:729: UserWarning: [33mWARN: The environment is being initialised with render_mode='rgb_array' that is not in the possible render_modes ([]).[0m
  logger.warn(
CEM solve time: 0.6582 seconds
/workspace/r10/env_a/lib/python3.12/site-packages/gymnasium/envs/registration.py:729: UserWarning: [33mWARN: The environment is being initialised with render_mode='rgb_array' that is not in the possible render_modes ([]).[0m
  logger.warn(
CEM solve time: 0.6634 seconds
{"case_id": "R6_reacher_09a47a8bb70067f36643bc00", "stream": "R4_ALT_CEM_1", "history1": 1, "history3": 1, "replans3": [{"replan_index": 0, "anchor_raw": 0, "seed_uint64": 13464887759757184601, "model_pixels_shape": [1, 300, 1, 3, 224, 224], "model_action_history_shape": null, "candidate_shape": [1, 300, 5, 10], "warmup": "ONE_REAL_FRAME_NO_ACTION_HISTORY", "plan_sha256": "83e1840d16332676b9fbd6e9b2d996595ddca42c437e4320fa51c5a3dbbcf999", "first_plan_bitwise_equal": true, "first_plan_max_abs_difference": 0.0}]}
/workspace/r10/env_a/lib/python3.12/site-packages/gymnasium/envs/registration.py:729: UserWarning: [33mWARN: The environment is being initialised with render_mode='rgb_array' that is not in the possible render_modes ([]).[0m
  logger.warn(
CEM solve time: 0.6491 seconds
/workspace/r10/env_a/lib/python3.12/site-packages/gymnasium/envs/registration.py:729: UserWarning: [33mWARN: The environment is being initialised with render_mode='rgb_array' that is not in the possible render_modes ([]).[0m
  logger.warn(
CEM solve time: 0.6646 seconds
{"case_id": "R6_reacher_09a47a8bb70067f36643bc00", "stream": "R4_ALT_CEM_2", "history1": 1, "history3": 1, "replans3": [{"replan_index": 0, "anchor_raw": 0, "seed_uint64": 4834202067351151199, "model_pixels_shape": [1, 300, 1, 3, 224, 224], "model_action_history_shape": null, "candidate_shape": [1, 300, 5, 10], "warmup": "ONE_REAL_FRAME_NO_ACTION_HISTORY", "plan_sha256": "2bd329c2e70f06ed8dbb212feb520f694db5651d342d0c9206b21aad5faf695d", "first_plan_bitwise_equal": true, "first_plan_max_abs_difference": 0.0}]}
/workspace/r10/env_a/lib/python3.12/site-packages/gymnasium/envs/registration.py:729: UserWarning: [33mWARN: The environment is being initialised with render_mode='rgb_array' that is not in the possible render_modes ([]).[0m
  logger.warn(
CEM solve time: 0.6609 seconds
/workspace/r10/env_a/lib/python3.12/site-packages/gymnasium/envs/registration.py:729: UserWarning: [33mWARN: The environment is being initialised with render_mode='rgb_array' that is not in the possible render_modes ([]).[0m
  logger.warn(
CEM solve time: 0.6566 seconds
{"case_id": "R6_reacher_0a67eaaa889aba7173dd8b5e", "stream": "R3_ORIGINAL", "history1": 1, "history3": 1, "replans3": [{"replan_index": 0, "anchor_raw": 0, "seed_uint64": 7942806576599567844, "model_pixels_shape": [1, 300, 1, 3, 224, 224], "model_action_history_shape": null, "candidate_shape": [1, 300, 5, 10], "warmup": "ONE_REAL_FRAME_NO_ACTION_HISTORY", "plan_sha256": "f66c2e6a0ee5eb2752ee901261bbf540722064588150a3a9125fffdaeaba8b4b", "first_plan_bitwise_equal": true, "first_plan_max_abs_difference": 0.0}]}
/workspace/r10/env_a/lib/python3.12/site-packages/gymnasium/envs/registration.py:729: UserWarning: [33mWARN: The environment is being initialised with render_mode='rgb_array' that is not in the possible render_modes ([]).[0m
  logger.warn(
CEM solve time: 0.6522 seconds
/workspace/r10/env_a/lib/python3.12/site-packages/gymnasium/envs/registration.py:729: UserWarning: [33mWARN: The environment is being initialised with render_mode='rgb_array' that is not in the possible render_modes ([]).[0m
  logger.warn(
CEM solve time: 0.6555 seconds
{"case_id": "R6_reacher_0a67eaaa889aba7173dd8b5e", "stream": "R4_ALT_CEM_1", "history1": 1, "history3": 1, "replans3": [{"replan_index": 0, "anchor_raw": 0, "seed_uint64": 4413483531979713871, "model_pixels_shape": [1, 300, 1, 3, 224, 224], "model_action_history_shape": null, "candidate_shape": [1, 300, 5, 10], "warmup": "ONE_REAL_FRAME_NO_ACTION_HISTORY", "plan_sha256": "268ea7646cce77b28c385620ac7a3f47fef1f98d0c4815706d79f2bb1e36142b", "first_plan_bitwise_equal": true, "first_plan_max_abs_difference": 0.0}]}
/workspace/r10/env_a/lib/python3.12/site-packages/gymnasium/envs/registration.py:729: UserWarning: [33mWARN: The environment is being initialised with render_mode='rgb_array' that is not in the possible render_modes ([]).[0m
  logger.warn(
CEM solve time: 0.6629 seconds
/workspace/r10/env_a/lib/python3.12/site-packages/gymnasium/envs/registration.py:729: UserWarning: [33mWARN: The environment is being initialised with render_mode='rgb_array' that is not in the possible render_modes ([]).[0m
  logger.warn(
CEM solve time: 0.6510 seconds
{"case_id": "R6_reacher_0a67eaaa889aba7173dd8b5e", "stream": "R4_ALT_CEM_2", "history1": 1, "history3": 1, "replans3": [{"replan_index": 0, "anchor_raw": 0, "seed_uint64": 11034259107641139779, "model_pixels_shape": [1, 300, 1, 3, 224, 224], "model_action_history_shape": null, "candidate_shape": [1, 300, 5, 10], "warmup": "ONE_REAL_FRAME_NO_ACTION_HISTORY", "plan_sha256": "bd509b1aed7931b4bf165f38b4afa0d2c9e6dd1d821fd8a726aa60c58548ddb0", "first_plan_bitwise_equal": true, "first_plan_max_abs_difference": 0.0}]}
