Traceback (most recent call last):
  File "/workspace/r10/code/r10/old_history_runner.py", line 175, in <module>
    if __name__=='__main__':main()
                            ^^^^^^
  File "/workspace/r10/code/r10/old_history_runner.py", line 168, in main
    ok=run(model,scaler,a.task,entry,a.assets,folder,arm,stream,mode,plans[ref['plan_index']],ref,a.phase,prereg_sha)
       ^^^^^^^^^^^^^^^^^^^^^^^^^^^^^^^^^^^^^^^^^^^^^^^^^^^^^^^^^^^^^^^^^^^^^^^^^^^^^^^^^^^^^^^^^^^^^^^^^^^^^^^^^^^^^^
  File "/workspace/r10/code/r10/old_history_runner.py", line 71, in run
    swm,Solver,Policy,source=planning.load_official_api()
                             ^^^^^^^^^^^^^^^^^^^^^^^^^^^^
  File "/workspace/r10/shared_data/r3/r3/planning.py", line 95, in load_official_api
    swm = importlib.import_module('stable_worldmodel')
          ^^^^^^^^^^^^^^^^^^^^^^^^^^^^^^^^^^^^^^^^^^^^
  File "/venv/main/lib/python3.12/importlib/__init__.py", line 90, in import_module
    return _bootstrap._gcd_import(name[level:], package, level)
           ^^^^^^^^^^^^^^^^^^^^^^^^^^^^^^^^^^^^^^^^^^^^^^^^^^^^
  File "<frozen importlib._bootstrap>", line 1387, in _gcd_import
  File "<frozen importlib._bootstrap>", line 1360, in _find_and_load
  File "<frozen importlib._bootstrap>", line 1331, in _find_and_load_unlocked
  File "<frozen importlib._bootstrap>", line 935, in _load_unlocked
  File "<frozen importlib._bootstrap_external>", line 999, in exec_module
  File "<frozen importlib._bootstrap>", line 488, in _call_with_frames_removed
  File "/workspace/r10/shared_data/r3/source/swm_compat/stable_worldmodel/__init__.py", line 1, in <module>
    from stable_worldmodel import (
  File "/workspace/r10/shared_data/r3/source/swm_compat/stable_worldmodel/data/__init__.py", line 25, in <module>
    from . import formats as _formats  # noqa: F401
    ^^^^^^^^^^^^^^^^^^^^^^^^^^^^^^^^^
  File "/workspace/r10/shared_data/r3/source/swm_compat/stable_worldmodel/data/formats/__init__.py", line 13, in <module>
    from . import lance  # noqa: F401
    ^^^^^^^^^^^^^^^^^^^
  File "/workspace/r10/shared_data/r3/source/swm_compat/stable_worldmodel/data/formats/lance.py", line 28, in <module>
    import lancedb
ModuleNotFoundError: No module named 'lancedb'
