/workspace/r10/shared_data/r3/source/swm_compat/stable_worldmodel/envs/__init__.py:215: UserWarning: ale-py not found; ALE/* envs are unavailable. Install with: pip install 'stable-worldmodel[env]' or pip install ale-py.
  from stable_worldmodel.envs import ale  # noqa: F401
/workspace/r10/env_old/lib/python3.12/site-packages/gymnasium/envs/registration.py:729: UserWarning: [33mWARN: The environment is being initialised with render_mode='rgb_array' that is not in the possible render_modes ([]).[0m
  logger.warn(
CEM solve time: 1.6013 seconds
CEM solve time: 1.1085 seconds
/workspace/r10/env_old/lib/python3.12/site-packages/gymnasium/envs/registration.py:729: UserWarning: [33mWARN: The environment is being initialised with render_mode='rgb_array' that is not in the possible render_modes ([]).[0m
  logger.warn(
CEM solve time: 1.1263 seconds
CEM solve time: 1.1106 seconds
{"completed": 1, "missing": 0, "case": "R6_reacher_004a2bdf27d8bfceafa73467", "arm": "H0", "stream": "R3_ORIGINAL", "mode": "REAL3_NULLACT"}
/workspace/r10/env_old/lib/python3.12/site-packages/gymnasium/envs/registration.py:729: UserWarning: [33mWARN: The environment is being initialised with render_mode='rgb_array' that is not in the possible render_modes ([]).[0m
  logger.warn(
CEM solve time: 1.1116 seconds
CEM solve time: 1.1120 seconds
{"completed": 2, "missing": 0, "case": "R6_reacher_004a2bdf27d8bfceafa73467", "arm": "H0", "stream": "R3_ORIGINAL", "mode": "REPEAT3_REALACT"}
/workspace/r10/env_old/lib/python3.12/site-packages/gymnasium/envs/registration.py:729: UserWarning: [33mWARN: The environment is being initialised with render_mode='rgb_array' that is not in the possible render_modes ([]).[0m
  logger.warn(
CEM solve time: 1.1207 seconds
CEM solve time: 1.1106 seconds
/workspace/r10/env_old/lib/python3.12/site-packages/gymnasium/envs/registration.py:729: UserWarning: [33mWARN: The environment is being initialised with render_mode='rgb_array' that is not in the possible render_modes ([]).[0m
  logger.warn(
CEM solve time: 1.1061 seconds
CEM solve time: 1.1267 seconds
{"completed": 3, "missing": 0, "case": "R6_reacher_004a2bdf27d8bfceafa73467", "arm": "REFIT_103201", "stream": "R3_ORIGINAL", "mode": "REAL3_NULLACT"}
/workspace/r10/env_old/lib/python3.12/site-packages/gymnasium/envs/registration.py:729: UserWarning: [33mWARN: The environment is being initialised with render_mode='rgb_array' that is not in the possible render_modes ([]).[0m
  logger.warn(
CEM solve time: 1.1038 seconds
CEM solve time: 1.1079 seconds
{"completed": 4, "missing": 0, "case": "R6_reacher_004a2bdf27d8bfceafa73467", "arm": "REFIT_103201", "stream": "R3_ORIGINAL", "mode": "REPEAT3_REALACT"}
/workspace/r10/env_old/lib/python3.12/site-packages/gymnasium/envs/registration.py:729: UserWarning: [33mWARN: The environment is being initialised with render_mode='rgb_array' that is not in the possible render_modes ([]).[0m
  logger.warn(
CEM solve time: 1.1083 seconds
CEM solve time: 1.1119 seconds
/workspace/r10/env_old/lib/python3.12/site-packages/gymnasium/envs/registration.py:729: UserWarning: [33mWARN: The environment is being initialised with render_mode='rgb_array' that is not in the possible render_modes ([]).[0m
  logger.warn(
CEM solve time: 1.1166 seconds
CEM solve time: 1.1097 seconds
{"completed": 5, "missing": 0, "case": "R6_reacher_004a2bdf27d8bfceafa73467", "arm": "REFIT_103202", "stream": "R3_ORIGINAL", "mode": "REAL3_NULLACT"}
/workspace/r10/env_old/lib/python3.12/site-packages/gymnasium/envs/registration.py:729: UserWarning: [33mWARN: The environment is being initialised with render_mode='rgb_array' that is not in the possible render_modes ([]).[0m
  logger.warn(
CEM solve time: 1.1117 seconds
CEM solve time: 1.1361 seconds
{"completed": 6, "missing": 0, "case": "R6_reacher_004a2bdf27d8bfceafa73467", "arm": "REFIT_103202", "stream": "R3_ORIGINAL", "mode": "REPEAT3_REALACT"}
/workspace/r10/env_old/lib/python3.12/site-packages/gymnasium/envs/registration.py:729: UserWarning: [33mWARN: The environment is being initialised with render_mode='rgb_array' that is not in the possible render_modes ([]).[0m
  logger.warn(
CEM solve time: 1.1068 seconds
CEM solve time: 1.1155 seconds
/workspace/r10/env_old/lib/python3.12/site-packages/gymnasium/envs/registration.py:729: UserWarning: [33mWARN: The environment is being initialised with render_mode='rgb_array' that is not in the possible render_modes ([]).[0m
  logger.warn(
CEM solve time: 1.1045 seconds
CEM solve time: 1.1121 seconds
{"completed": 7, "missing": 0, "case": "R6_reacher_004a2bdf27d8bfceafa73467", "arm": "REFIT_103203", "stream": "R3_ORIGINAL", "mode": "REAL3_NULLACT"}
/workspace/r10/env_old/lib/python3.12/site-packages/gymnasium/envs/registration.py:729: UserWarning: [33mWARN: The environment is being initialised with render_mode='rgb_array' that is not in the possible render_modes ([]).[0m
  logger.warn(
CEM solve time: 1.1171 seconds
CEM solve time: 1.1346 seconds
{"completed": 8, "missing": 0, "case": "R6_reacher_004a2bdf27d8bfceafa73467", "arm": "REFIT_103203", "stream": "R3_ORIGINAL", "mode": "REPEAT3_REALACT"}
