/workspace/r10/shared_data/r3/source/swm_compat/stable_worldmodel/envs/__init__.py:215: UserWarning: ale-py not found; ALE/* envs are unavailable. Install with: pip install 'stable-worldmodel[env]' or pip install ale-py.
  from stable_worldmodel.envs import ale  # noqa: F401
/workspace/r10/env_old/lib/python3.12/site-packages/gymnasium/envs/registration.py:729: UserWarning: [33mWARN: The environment is being initialised with render_mode='rgb_array' that is not in the possible render_modes ([]).[0m
  logger.warn(
CEM solve time: 2.2190 seconds
CEM solve time: 1.3215 seconds
/workspace/r10/env_old/lib/python3.12/site-packages/gymnasium/envs/registration.py:729: UserWarning: [33mWARN: The environment is being initialised with render_mode='rgb_array' that is not in the possible render_modes ([]).[0m
  logger.warn(
CEM solve time: 1.3375 seconds
CEM solve time: 1.3238 seconds
{"completed": 1, "missing": 0, "case": "R6_reacher_01376a746a41e9e26d1e8b2e", "arm": "H0", "stream": "R3_ORIGINAL", "mode": "REAL3_NULLACT"}
/workspace/r10/env_old/lib/python3.12/site-packages/gymnasium/envs/registration.py:729: UserWarning: [33mWARN: The environment is being initialised with render_mode='rgb_array' that is not in the possible render_modes ([]).[0m
  logger.warn(
CEM solve time: 1.3593 seconds
CEM solve time: 1.3313 seconds
{"completed": 2, "missing": 0, "case": "R6_reacher_01376a746a41e9e26d1e8b2e", "arm": "H0", "stream": "R3_ORIGINAL", "mode": "REPEAT3_REALACT"}
/workspace/r10/env_old/lib/python3.12/site-packages/gymnasium/envs/registration.py:729: UserWarning: [33mWARN: The environment is being initialised with render_mode='rgb_array' that is not in the possible render_modes ([]).[0m
  logger.warn(
CEM solve time: 1.3310 seconds
CEM solve time: 1.3303 seconds
/workspace/r10/env_old/lib/python3.12/site-packages/gymnasium/envs/registration.py:729: UserWarning: [33mWARN: The environment is being initialised with render_mode='rgb_array' that is not in the possible render_modes ([]).[0m
  logger.warn(
CEM solve time: 1.3449 seconds
CEM solve time: 1.3321 seconds
{"completed": 3, "missing": 0, "case": "R6_reacher_01376a746a41e9e26d1e8b2e", "arm": "H0", "stream": "R4_ALT_CEM_1", "mode": "REAL3_NULLACT"}
/workspace/r10/env_old/lib/python3.12/site-packages/gymnasium/envs/registration.py:729: UserWarning: [33mWARN: The environment is being initialised with render_mode='rgb_array' that is not in the possible render_modes ([]).[0m
  logger.warn(
CEM solve time: 1.3333 seconds
CEM solve time: 1.3267 seconds
{"completed": 4, "missing": 0, "case": "R6_reacher_01376a746a41e9e26d1e8b2e", "arm": "H0", "stream": "R4_ALT_CEM_1", "mode": "REPEAT3_REALACT"}
/workspace/r10/env_old/lib/python3.12/site-packages/gymnasium/envs/registration.py:729: UserWarning: [33mWARN: The environment is being initialised with render_mode='rgb_array' that is not in the possible render_modes ([]).[0m
  logger.warn(
CEM solve time: 1.2944 seconds
CEM solve time: 1.3274 seconds
/workspace/r10/env_old/lib/python3.12/site-packages/gymnasium/envs/registration.py:729: UserWarning: [33mWARN: The environment is being initialised with render_mode='rgb_array' that is not in the possible render_modes ([]).[0m
  logger.warn(
CEM solve time: 1.3111 seconds
CEM solve time: 1.3278 seconds
{"completed": 5, "missing": 0, "case": "R6_reacher_01376a746a41e9e26d1e8b2e", "arm": "H0", "stream": "R4_ALT_CEM_2", "mode": "REAL3_NULLACT"}
/workspace/r10/env_old/lib/python3.12/site-packages/gymnasium/envs/registration.py:729: UserWarning: [33mWARN: The environment is being initialised with render_mode='rgb_array' that is not in the possible render_modes ([]).[0m
  logger.warn(
CEM solve time: 1.3114 seconds
CEM solve time: 1.3195 seconds
{"completed": 6, "missing": 0, "case": "R6_reacher_01376a746a41e9e26d1e8b2e", "arm": "H0", "stream": "R4_ALT_CEM_2", "mode": "REPEAT3_REALACT"}
/workspace/r10/env_old/lib/python3.12/site-packages/gymnasium/envs/registration.py:729: UserWarning: [33mWARN: The environment is being initialised with render_mode='rgb_array' that is not in the possible render_modes ([]).[0m
  logger.warn(
CEM solve time: 1.3215 seconds
CEM solve time: 1.3148 seconds
/workspace/r10/env_old/lib/python3.12/site-packages/gymnasium/envs/registration.py:729: UserWarning: [33mWARN: The environment is being initialised with render_mode='rgb_array' that is not in the possible render_modes ([]).[0m
  logger.warn(
CEM solve time: 1.3159 seconds
CEM solve time: 1.3278 seconds
{"completed": 7, "missing": 0, "case": "R6_reacher_02dc0f9a7b772ddf917ae2e2", "arm": "H0", "stream": "R3_ORIGINAL", "mode": "REAL3_NULLACT"}
/workspace/r10/env_old/lib/python3.12/site-packages/gymnasium/envs/registration.py:729: UserWarning: [33mWARN: The environment is being initialised with render_mode='rgb_array' that is not in the possible render_modes ([]).[0m
  logger.warn(
CEM solve time: 1.3123 seconds
CEM solve time: 1.3224 seconds
{"completed": 8, "missing": 0, "case": "R6_reacher_02dc0f9a7b772ddf917ae2e2", "arm": "H0", "stream": "R3_ORIGINAL", "mode": "REPEAT3_REALACT"}
/workspace/r10/env_old/lib/python3.12/site-packages/gymnasium/envs/registration.py:729: UserWarning: [33mWARN: The environment is being initialised with render_mode='rgb_array' that is not in the possible render_modes ([]).[0m
  logger.warn(
CEM solve time: 1.3311 seconds
CEM solve time: 1.3039 seconds
/workspace/r10/env_old/lib/python3.12/site-packages/gymnasium/envs/registration.py:729: UserWarning: [33mWARN: The environment is being initialised with render_mode='rgb_array' that is not in the possible render_modes ([]).[0m
  logger.warn(
CEM solve time: 1.3251 seconds
CEM solve time: 1.2999 seconds
{"completed": 9, "missing": 0, "case": "R6_reacher_02dc0f9a7b772ddf917ae2e2", "arm": "H0", "stream": "R4_ALT_CEM_1", "mode": "REAL3_NULLACT"}
/workspace/r10/env_old/lib/python3.12/site-packages/gymnasium/envs/registration.py:729: UserWarning: [33mWARN: The environment is being initialised with render_mode='rgb_array' that is not in the possible render_modes ([]).[0m
  logger.warn(
CEM solve time: 1.3131 seconds
CEM solve time: 1.3056 seconds
{"completed": 10, "missing": 0, "case": "R6_reacher_02dc0f9a7b772ddf917ae2e2", "arm": "H0", "stream": "R4_ALT_CEM_1", "mode": "REPEAT3_REALACT"}
/workspace/r10/env_old/lib/python3.12/site-packages/gymnasium/envs/registration.py:729: UserWarning: [33mWARN: The environment is being initialised with render_mode='rgb_array' that is not in the possible render_modes ([]).[0m
  logger.warn(
CEM solve time: 1.3135 seconds
CEM solve time: 1.3085 seconds
/workspace/r10/env_old/lib/python3.12/site-packages/gymnasium/envs/registration.py:729: UserWarning: [33mWARN: The environment is being initialised with render_mode='rgb_array' that is not in the possible render_modes ([]).[0m
  logger.warn(
CEM solve time: 1.3339 seconds
CEM solve time: 1.3089 seconds
{"completed": 11, "missing": 0, "case": "R6_reacher_02dc0f9a7b772ddf917ae2e2", "arm": "H0", "stream": "R4_ALT_CEM_2", "mode": "REAL3_NULLACT"}
/workspace/r10/env_old/lib/python3.12/site-packages/gymnasium/envs/registration.py:729: UserWarning: [33mWARN: The environment is being initialised with render_mode='rgb_array' that is not in the possible render_modes ([]).[0m
  logger.warn(
CEM solve time: 1.3122 seconds
CEM solve time: 1.3352 seconds
{"completed": 12, "missing": 0, "case": "R6_reacher_02dc0f9a7b772ddf917ae2e2", "arm": "H0", "stream": "R4_ALT_CEM_2", "mode": "REPEAT3_REALACT"}
/workspace/r10/env_old/lib/python3.12/site-packages/gymnasium/envs/registration.py:729: UserWarning: [33mWARN: The environment is being initialised with render_mode='rgb_array' that is not in the possible render_modes ([]).[0m
  logger.warn(
CEM solve time: 1.3173 seconds
CEM solve time: 1.3289 seconds
/workspace/r10/env_old/lib/python3.12/site-packages/gymnasium/envs/registration.py:729: UserWarning: [33mWARN: The environment is being initialised with render_mode='rgb_array' that is not in the possible render_modes ([]).[0m
  logger.warn(
CEM solve time: 1.3442 seconds
CEM solve time: 1.3178 seconds
{"completed": 13, "missing": 0, "case": "R6_reacher_04683ac84fb7627e60eba9af", "arm": "H0", "stream": "R3_ORIGINAL", "mode": "REAL3_NULLACT"}
/workspace/r10/env_old/lib/python3.12/site-packages/gymnasium/envs/registration.py:729: UserWarning: [33mWARN: The environment is being initialised with render_mode='rgb_array' that is not in the possible render_modes ([]).[0m
  logger.warn(
CEM solve time: 1.3054 seconds
CEM solve time: 1.3617 seconds
{"completed": 14, "missing": 0, "case": "R6_reacher_04683ac84fb7627e60eba9af", "arm": "H0", "stream": "R3_ORIGINAL", "mode": "REPEAT3_REALACT"}
/workspace/r10/env_old/lib/python3.12/site-packages/gymnasium/envs/registration.py:729: UserWarning: [33mWARN: The environment is being initialised with render_mode='rgb_array' that is not in the possible render_modes ([]).[0m
  logger.warn(
CEM solve time: 1.3423 seconds
/workspace/r10/env_old/lib/python3.12/site-packages/gymnasium/envs/registration.py:729: UserWarning: [33mWARN: The environment is being initialised with render_mode='rgb_array' that is not in the possible render_modes ([]).[0m
  logger.warn(
CEM solve time: 1.3125 seconds
{"completed": 15, "missing": 0, "case": "R6_reacher_04683ac84fb7627e60eba9af", "arm": "H0", "stream": "R4_ALT_CEM_1", "mode": "REAL3_NULLACT"}
/workspace/r10/env_old/lib/python3.12/site-packages/gymnasium/envs/registration.py:729: UserWarning: [33mWARN: The environment is being initialised with render_mode='rgb_array' that is not in the possible render_modes ([]).[0m
  logger.warn(
CEM solve time: 1.3003 seconds
{"completed": 16, "missing": 0, "case": "R6_reacher_04683ac84fb7627e60eba9af", "arm": "H0", "stream": "R4_ALT_CEM_1", "mode": "REPEAT3_REALACT"}
/workspace/r10/env_old/lib/python3.12/site-packages/gymnasium/envs/registration.py:729: UserWarning: [33mWARN: The environment is being initialised with render_mode='rgb_array' that is not in the possible render_modes ([]).[0m
  logger.warn(
CEM solve time: 1.3211 seconds
CEM solve time: 1.3063 seconds
/workspace/r10/env_old/lib/python3.12/site-packages/gymnasium/envs/registration.py:729: UserWarning: [33mWARN: The environment is being initialised with render_mode='rgb_array' that is not in the possible render_modes ([]).[0m
  logger.warn(
CEM solve time: 1.3130 seconds
CEM solve time: 1.3073 seconds
{"completed": 17, "missing": 0, "case": "R6_reacher_04683ac84fb7627e60eba9af", "arm": "H0", "stream": "R4_ALT_CEM_2", "mode": "REAL3_NULLACT"}
/workspace/r10/env_old/lib/python3.12/site-packages/gymnasium/envs/registration.py:729: UserWarning: [33mWARN: The environment is being initialised with render_mode='rgb_array' that is not in the possible render_modes ([]).[0m
  logger.warn(
CEM solve time: 1.3258 seconds
CEM solve time: 1.3238 seconds
{"completed": 18, "missing": 0, "case": "R6_reacher_04683ac84fb7627e60eba9af", "arm": "H0", "stream": "R4_ALT_CEM_2", "mode": "REPEAT3_REALACT"}
/workspace/r10/env_old/lib/python3.12/site-packages/gymnasium/envs/registration.py:729: UserWarning: [33mWARN: The environment is being initialised with render_mode='rgb_array' that is not in the possible render_modes ([]).[0m
  logger.warn(
CEM solve time: 1.3266 seconds
CEM solve time: 1.2733 seconds
/workspace/r10/env_old/lib/python3.12/site-packages/gymnasium/envs/registration.py:729: UserWarning: [33mWARN: The environment is being initialised with render_mode='rgb_array' that is not in the possible render_modes ([]).[0m
  logger.warn(
CEM solve time: 1.2914 seconds
CEM solve time: 1.3323 seconds
{"completed": 19, "missing": 0, "case": "R6_reacher_0642735d2daa02558c1d8737", "arm": "H0", "stream": "R3_ORIGINAL", "mode": "REAL3_NULLACT"}
/workspace/r10/env_old/lib/python3.12/site-packages/gymnasium/envs/registration.py:729: UserWarning: [33mWARN: The environment is being initialised with render_mode='rgb_array' that is not in the possible render_modes ([]).[0m
  logger.warn(
CEM solve time: 1.2954 seconds
CEM solve time: 1.3165 seconds
{"completed": 20, "missing": 0, "case": "R6_reacher_0642735d2daa02558c1d8737", "arm": "H0", "stream": "R3_ORIGINAL", "mode": "REPEAT3_REALACT"}
/workspace/r10/env_old/lib/python3.12/site-packages/gymnasium/envs/registration.py:729: UserWarning: [33mWARN: The environment is being initialised with render_mode='rgb_array' that is not in the possible render_modes ([]).[0m
  logger.warn(
CEM solve time: 1.3360 seconds
CEM solve time: 1.2848 seconds
/workspace/r10/env_old/lib/python3.12/site-packages/gymnasium/envs/registration.py:729: UserWarning: [33mWARN: The environment is being initialised with render_mode='rgb_array' that is not in the possible render_modes ([]).[0m
  logger.warn(
CEM solve time: 1.3313 seconds
CEM solve time: 1.3040 seconds
{"completed": 21, "missing": 0, "case": "R6_reacher_0642735d2daa02558c1d8737", "arm": "H0", "stream": "R4_ALT_CEM_1", "mode": "REAL3_NULLACT"}
/workspace/r10/env_old/lib/python3.12/site-packages/gymnasium/envs/registration.py:729: UserWarning: [33mWARN: The environment is being initialised with render_mode='rgb_array' that is not in the possible render_modes ([]).[0m
  logger.warn(
CEM solve time: 1.3143 seconds
CEM solve time: 1.3165 seconds
{"completed": 22, "missing": 0, "case": "R6_reacher_0642735d2daa02558c1d8737", "arm": "H0", "stream": "R4_ALT_CEM_1", "mode": "REPEAT3_REALACT"}
/workspace/r10/env_old/lib/python3.12/site-packages/gymnasium/envs/registration.py:729: UserWarning: [33mWARN: The environment is being initialised with render_mode='rgb_array' that is not in the possible render_modes ([]).[0m
  logger.warn(
CEM solve time: 1.3106 seconds
CEM solve time: 1.3222 seconds
/workspace/r10/env_old/lib/python3.12/site-packages/gymnasium/envs/registration.py:729: UserWarning: [33mWARN: The environment is being initialised with render_mode='rgb_array' that is not in the possible render_modes ([]).[0m
  logger.warn(
CEM solve time: 1.3004 seconds
CEM solve time: 1.3195 seconds
{"completed": 23, "missing": 0, "case": "R6_reacher_0642735d2daa02558c1d8737", "arm": "H0", "stream": "R4_ALT_CEM_2", "mode": "REAL3_NULLACT"}
/workspace/r10/env_old/lib/python3.12/site-packages/gymnasium/envs/registration.py:729: UserWarning: [33mWARN: The environment is being initialised with render_mode='rgb_array' that is not in the possible render_modes ([]).[0m
  logger.warn(
CEM solve time: 1.3313 seconds
CEM solve time: 1.3231 seconds
{"completed": 24, "missing": 0, "case": "R6_reacher_0642735d2daa02558c1d8737", "arm": "H0", "stream": "R4_ALT_CEM_2", "mode": "REPEAT3_REALACT"}
/workspace/r10/env_old/lib/python3.12/site-packages/gymnasium/envs/registration.py:729: UserWarning: [33mWARN: The environment is being initialised with render_mode='rgb_array' that is not in the possible render_modes ([]).[0m
  logger.warn(
CEM solve time: 1.3465 seconds
/workspace/r10/env_old/lib/python3.12/site-packages/gymnasium/envs/registration.py:729: UserWarning: [33mWARN: The environment is being initialised with render_mode='rgb_array' that is not in the possible render_modes ([]).[0m
  logger.warn(
CEM solve time: 1.3151 seconds
{"completed": 25, "missing": 0, "case": "R6_reacher_0836c96bfa0e02e08d4dc536", "arm": "H0", "stream": "R3_ORIGINAL", "mode": "REAL3_NULLACT"}
/workspace/r10/env_old/lib/python3.12/site-packages/gymnasium/envs/registration.py:729: UserWarning: [33mWARN: The environment is being initialised with render_mode='rgb_array' that is not in the possible render_modes ([]).[0m
  logger.warn(
CEM solve time: 1.2932 seconds
{"completed": 26, "missing": 0, "case": "R6_reacher_0836c96bfa0e02e08d4dc536", "arm": "H0", "stream": "R3_ORIGINAL", "mode": "REPEAT3_REALACT"}
/workspace/r10/env_old/lib/python3.12/site-packages/gymnasium/envs/registration.py:729: UserWarning: [33mWARN: The environment is being initialised with render_mode='rgb_array' that is not in the possible render_modes ([]).[0m
  logger.warn(
CEM solve time: 1.3163 seconds
/workspace/r10/env_old/lib/python3.12/site-packages/gymnasium/envs/registration.py:729: UserWarning: [33mWARN: The environment is being initialised with render_mode='rgb_array' that is not in the possible render_modes ([]).[0m
  logger.warn(
CEM solve time: 1.3263 seconds
{"completed": 27, "missing": 0, "case": "R6_reacher_0836c96bfa0e02e08d4dc536", "arm": "H0", "stream": "R4_ALT_CEM_1", "mode": "REAL3_NULLACT"}
/workspace/r10/env_old/lib/python3.12/site-packages/gymnasium/envs/registration.py:729: UserWarning: [33mWARN: The environment is being initialised with render_mode='rgb_array' that is not in the possible render_modes ([]).[0m
  logger.warn(
CEM solve time: 1.3102 seconds
{"completed": 28, "missing": 0, "case": "R6_reacher_0836c96bfa0e02e08d4dc536", "arm": "H0", "stream": "R4_ALT_CEM_1", "mode": "REPEAT3_REALACT"}
/workspace/r10/env_old/lib/python3.12/site-packages/gymnasium/envs/registration.py:729: UserWarning: [33mWARN: The environment is being initialised with render_mode='rgb_array' that is not in the possible render_modes ([]).[0m
  logger.warn(
CEM solve time: 1.3218 seconds
/workspace/r10/env_old/lib/python3.12/site-packages/gymnasium/envs/registration.py:729: UserWarning: [33mWARN: The environment is being initialised with render_mode='rgb_array' that is not in the possible render_modes ([]).[0m
  logger.warn(
CEM solve time: 1.2979 seconds
{"completed": 29, "missing": 0, "case": "R6_reacher_0836c96bfa0e02e08d4dc536", "arm": "H0", "stream": "R4_ALT_CEM_2", "mode": "REAL3_NULLACT"}
/workspace/r10/env_old/lib/python3.12/site-packages/gymnasium/envs/registration.py:729: UserWarning: [33mWARN: The environment is being initialised with render_mode='rgb_array' that is not in the possible render_modes ([]).[0m
  logger.warn(
CEM solve time: 1.2970 seconds
{"completed": 30, "missing": 0, "case": "R6_reacher_0836c96bfa0e02e08d4dc536", "arm": "H0", "stream": "R4_ALT_CEM_2", "mode": "REPEAT3_REALACT"}
/workspace/r10/env_old/lib/python3.12/site-packages/gymnasium/envs/registration.py:729: UserWarning: [33mWARN: The environment is being initialised with render_mode='rgb_array' that is not in the possible render_modes ([]).[0m
  logger.warn(
CEM solve time: 1.3243 seconds
/workspace/r10/env_old/lib/python3.12/site-packages/gymnasium/envs/registration.py:729: UserWarning: [33mWARN: The environment is being initialised with render_mode='rgb_array' that is not in the possible render_modes ([]).[0m
  logger.warn(
CEM solve time: 1.3119 seconds
{"completed": 31, "missing": 0, "case": "R6_reacher_096c43e05c7b22dbd8c24748", "arm": "H0", "stream": "R3_ORIGINAL", "mode": "REAL3_NULLACT"}
/workspace/r10/env_old/lib/python3.12/site-packages/gymnasium/envs/registration.py:729: UserWarning: [33mWARN: The environment is being initialised with render_mode='rgb_array' that is not in the possible render_modes ([]).[0m
  logger.warn(
CEM solve time: 1.3139 seconds
{"completed": 32, "missing": 0, "case": "R6_reacher_096c43e05c7b22dbd8c24748", "arm": "H0", "stream": "R3_ORIGINAL", "mode": "REPEAT3_REALACT"}
/workspace/r10/env_old/lib/python3.12/site-packages/gymnasium/envs/registration.py:729: UserWarning: [33mWARN: The environment is being initialised with render_mode='rgb_array' that is not in the possible render_modes ([]).[0m
  logger.warn(
CEM solve time: 1.3085 seconds
CEM solve time: 1.3209 seconds
/workspace/r10/env_old/lib/python3.12/site-packages/gymnasium/envs/registration.py:729: UserWarning: [33mWARN: The environment is being initialised with render_mode='rgb_array' that is not in the possible render_modes ([]).[0m
  logger.warn(
CEM solve time: 1.3457 seconds
CEM solve time: 1.3238 seconds
{"completed": 33, "missing": 0, "case": "R6_reacher_096c43e05c7b22dbd8c24748", "arm": "H0", "stream": "R4_ALT_CEM_1", "mode": "REAL3_NULLACT"}
/workspace/r10/env_old/lib/python3.12/site-packages/gymnasium/envs/registration.py:729: UserWarning: [33mWARN: The environment is being initialised with render_mode='rgb_array' that is not in the possible render_modes ([]).[0m
  logger.warn(
CEM solve time: 1.3162 seconds
CEM solve time: 1.3374 seconds
{"completed": 34, "missing": 0, "case": "R6_reacher_096c43e05c7b22dbd8c24748", "arm": "H0", "stream": "R4_ALT_CEM_1", "mode": "REPEAT3_REALACT"}
/workspace/r10/env_old/lib/python3.12/site-packages/gymnasium/envs/registration.py:729: UserWarning: [33mWARN: The environment is being initialised with render_mode='rgb_array' that is not in the possible render_modes ([]).[0m
  logger.warn(
CEM solve time: 1.3214 seconds
/workspace/r10/env_old/lib/python3.12/site-packages/gymnasium/envs/registration.py:729: UserWarning: [33mWARN: The environment is being initialised with render_mode='rgb_array' that is not in the possible render_modes ([]).[0m
  logger.warn(
CEM solve time: 1.3257 seconds
{"completed": 35, "missing": 0, "case": "R6_reacher_096c43e05c7b22dbd8c24748", "arm": "H0", "stream": "R4_ALT_CEM_2", "mode": "REAL3_NULLACT"}
/workspace/r10/env_old/lib/python3.12/site-packages/gymnasium/envs/registration.py:729: UserWarning: [33mWARN: The environment is being initialised with render_mode='rgb_array' that is not in the possible render_modes ([]).[0m
  logger.warn(
CEM solve time: 1.3082 seconds
{"completed": 36, "missing": 0, "case": "R6_reacher_096c43e05c7b22dbd8c24748", "arm": "H0", "stream": "R4_ALT_CEM_2", "mode": "REPEAT3_REALACT"}
/workspace/r10/env_old/lib/python3.12/site-packages/gymnasium/envs/registration.py:729: UserWarning: [33mWARN: The environment is being initialised with render_mode='rgb_array' that is not in the possible render_modes ([]).[0m
  logger.warn(
CEM solve time: 1.3001 seconds
/workspace/r10/env_old/lib/python3.12/site-packages/gymnasium/envs/registration.py:729: UserWarning: [33mWARN: The environment is being initialised with render_mode='rgb_array' that is not in the possible render_modes ([]).[0m
  logger.warn(
CEM solve time: 1.3145 seconds
{"completed": 37, "missing": 0, "case": "R6_reacher_01376a746a41e9e26d1e8b2e", "arm": "REFIT_103201", "stream": "R3_ORIGINAL", "mode": "REAL3_NULLACT"}
/workspace/r10/env_old/lib/python3.12/site-packages/gymnasium/envs/registration.py:729: UserWarning: [33mWARN: The environment is being initialised with render_mode='rgb_array' that is not in the possible render_modes ([]).[0m
  logger.warn(
CEM solve time: 1.3252 seconds
{"completed": 38, "missing": 0, "case": "R6_reacher_01376a746a41e9e26d1e8b2e", "arm": "REFIT_103201", "stream": "R3_ORIGINAL", "mode": "REPEAT3_REALACT"}
/workspace/r10/env_old/lib/python3.12/site-packages/gymnasium/envs/registration.py:729: UserWarning: [33mWARN: The environment is being initialised with render_mode='rgb_array' that is not in the possible render_modes ([]).[0m
  logger.warn(
CEM solve time: 1.3288 seconds
/workspace/r10/env_old/lib/python3.12/site-packages/gymnasium/envs/registration.py:729: UserWarning: [33mWARN: The environment is being initialised with render_mode='rgb_array' that is not in the possible render_modes ([]).[0m
  logger.warn(
CEM solve time: 1.3148 seconds
{"completed": 39, "missing": 0, "case": "R6_reacher_01376a746a41e9e26d1e8b2e", "arm": "REFIT_103201", "stream": "R4_ALT_CEM_1", "mode": "REAL3_NULLACT"}
/workspace/r10/env_old/lib/python3.12/site-packages/gymnasium/envs/registration.py:729: UserWarning: [33mWARN: The environment is being initialised with render_mode='rgb_array' that is not in the possible render_modes ([]).[0m
  logger.warn(
CEM solve time: 1.2858 seconds
{"completed": 40, "missing": 0, "case": "R6_reacher_01376a746a41e9e26d1e8b2e", "arm": "REFIT_103201", "stream": "R4_ALT_CEM_1", "mode": "REPEAT3_REALACT"}
/workspace/r10/env_old/lib/python3.12/site-packages/gymnasium/envs/registration.py:729: UserWarning: [33mWARN: The environment is being initialised with render_mode='rgb_array' that is not in the possible render_modes ([]).[0m
  logger.warn(
CEM solve time: 1.3422 seconds
CEM solve time: 1.3088 seconds
/workspace/r10/env_old/lib/python3.12/site-packages/gymnasium/envs/registration.py:729: UserWarning: [33mWARN: The environment is being initialised with render_mode='rgb_array' that is not in the possible render_modes ([]).[0m
  logger.warn(
CEM solve time: 1.3244 seconds
CEM solve time: 1.2910 seconds
{"completed": 41, "missing": 0, "case": "R6_reacher_01376a746a41e9e26d1e8b2e", "arm": "REFIT_103201", "stream": "R4_ALT_CEM_2", "mode": "REAL3_NULLACT"}
/workspace/r10/env_old/lib/python3.12/site-packages/gymnasium/envs/registration.py:729: UserWarning: [33mWARN: The environment is being initialised with render_mode='rgb_array' that is not in the possible render_modes ([]).[0m
  logger.warn(
CEM solve time: 1.3186 seconds
CEM solve time: 1.3038 seconds
{"completed": 42, "missing": 0, "case": "R6_reacher_01376a746a41e9e26d1e8b2e", "arm": "REFIT_103201", "stream": "R4_ALT_CEM_2", "mode": "REPEAT3_REALACT"}
/workspace/r10/env_old/lib/python3.12/site-packages/gymnasium/envs/registration.py:729: UserWarning: [33mWARN: The environment is being initialised with render_mode='rgb_array' that is not in the possible render_modes ([]).[0m
  logger.warn(
CEM solve time: 1.3319 seconds
CEM solve time: 1.3128 seconds
/workspace/r10/env_old/lib/python3.12/site-packages/gymnasium/envs/registration.py:729: UserWarning: [33mWARN: The environment is being initialised with render_mode='rgb_array' that is not in the possible render_modes ([]).[0m
  logger.warn(
CEM solve time: 1.3327 seconds
CEM solve time: 1.3174 seconds
{"completed": 43, "missing": 0, "case": "R6_reacher_02dc0f9a7b772ddf917ae2e2", "arm": "REFIT_103201", "stream": "R3_ORIGINAL", "mode": "REAL3_NULLACT"}
/workspace/r10/env_old/lib/python3.12/site-packages/gymnasium/envs/registration.py:729: UserWarning: [33mWARN: The environment is being initialised with render_mode='rgb_array' that is not in the possible render_modes ([]).[0m
  logger.warn(
CEM solve time: 1.3505 seconds
CEM solve time: 1.3209 seconds
{"completed": 44, "missing": 0, "case": "R6_reacher_02dc0f9a7b772ddf917ae2e2", "arm": "REFIT_103201", "stream": "R3_ORIGINAL", "mode": "REPEAT3_REALACT"}
/workspace/r10/env_old/lib/python3.12/site-packages/gymnasium/envs/registration.py:729: UserWarning: [33mWARN: The environment is being initialised with render_mode='rgb_array' that is not in the possible render_modes ([]).[0m
  logger.warn(
CEM solve time: 1.3206 seconds
CEM solve time: 1.2961 seconds
/workspace/r10/env_old/lib/python3.12/site-packages/gymnasium/envs/registration.py:729: UserWarning: [33mWARN: The environment is being initialised with render_mode='rgb_array' that is not in the possible render_modes ([]).[0m
  logger.warn(
CEM solve time: 1.3179 seconds
CEM solve time: 1.3193 seconds
{"completed": 45, "missing": 0, "case": "R6_reacher_02dc0f9a7b772ddf917ae2e2", "arm": "REFIT_103201", "stream": "R4_ALT_CEM_1", "mode": "REAL3_NULLACT"}
/workspace/r10/env_old/lib/python3.12/site-packages/gymnasium/envs/registration.py:729: UserWarning: [33mWARN: The environment is being initialised with render_mode='rgb_array' that is not in the possible render_modes ([]).[0m
  logger.warn(
CEM solve time: 1.2935 seconds
CEM solve time: 1.3221 seconds
{"completed": 46, "missing": 0, "case": "R6_reacher_02dc0f9a7b772ddf917ae2e2", "arm": "REFIT_103201", "stream": "R4_ALT_CEM_1", "mode": "REPEAT3_REALACT"}
/workspace/r10/env_old/lib/python3.12/site-packages/gymnasium/envs/registration.py:729: UserWarning: [33mWARN: The environment is being initialised with render_mode='rgb_array' that is not in the possible render_modes ([]).[0m
  logger.warn(
CEM solve time: 1.3138 seconds
CEM solve time: 1.2768 seconds
/workspace/r10/env_old/lib/python3.12/site-packages/gymnasium/envs/registration.py:729: UserWarning: [33mWARN: The environment is being initialised with render_mode='rgb_array' that is not in the possible render_modes ([]).[0m
  logger.warn(
CEM solve time: 1.2813 seconds
CEM solve time: 1.2868 seconds
{"completed": 47, "missing": 0, "case": "R6_reacher_02dc0f9a7b772ddf917ae2e2", "arm": "REFIT_103201", "stream": "R4_ALT_CEM_2", "mode": "REAL3_NULLACT"}
/workspace/r10/env_old/lib/python3.12/site-packages/gymnasium/envs/registration.py:729: UserWarning: [33mWARN: The environment is being initialised with render_mode='rgb_array' that is not in the possible render_modes ([]).[0m
  logger.warn(
CEM solve time: 1.3229 seconds
CEM solve time: 1.2724 seconds
{"completed": 48, "missing": 0, "case": "R6_reacher_02dc0f9a7b772ddf917ae2e2", "arm": "REFIT_103201", "stream": "R4_ALT_CEM_2", "mode": "REPEAT3_REALACT"}
/workspace/r10/env_old/lib/python3.12/site-packages/gymnasium/envs/registration.py:729: UserWarning: [33mWARN: The environment is being initialised with render_mode='rgb_array' that is not in the possible render_modes ([]).[0m
  logger.warn(
CEM solve time: 1.2805 seconds
CEM solve time: 1.2990 seconds
/workspace/r10/env_old/lib/python3.12/site-packages/gymnasium/envs/registration.py:729: UserWarning: [33mWARN: The environment is being initialised with render_mode='rgb_array' that is not in the possible render_modes ([]).[0m
  logger.warn(
CEM solve time: 1.2906 seconds
CEM solve time: 1.3154 seconds
{"completed": 49, "missing": 0, "case": "R6_reacher_04683ac84fb7627e60eba9af", "arm": "REFIT_103201", "stream": "R3_ORIGINAL", "mode": "REAL3_NULLACT"}
/workspace/r10/env_old/lib/python3.12/site-packages/gymnasium/envs/registration.py:729: UserWarning: [33mWARN: The environment is being initialised with render_mode='rgb_array' that is not in the possible render_modes ([]).[0m
  logger.warn(
CEM solve time: 1.3214 seconds
CEM solve time: 1.3156 seconds
{"completed": 50, "missing": 0, "case": "R6_reacher_04683ac84fb7627e60eba9af", "arm": "REFIT_103201", "stream": "R3_ORIGINAL", "mode": "REPEAT3_REALACT"}
/workspace/r10/env_old/lib/python3.12/site-packages/gymnasium/envs/registration.py:729: UserWarning: [33mWARN: The environment is being initialised with render_mode='rgb_array' that is not in the possible render_modes ([]).[0m
  logger.warn(
CEM solve time: 1.2921 seconds
/workspace/r10/env_old/lib/python3.12/site-packages/gymnasium/envs/registration.py:729: UserWarning: [33mWARN: The environment is being initialised with render_mode='rgb_array' that is not in the possible render_modes ([]).[0m
  logger.warn(
CEM solve time: 1.2714 seconds
{"completed": 51, "missing": 0, "case": "R6_reacher_04683ac84fb7627e60eba9af", "arm": "REFIT_103201", "stream": "R4_ALT_CEM_1", "mode": "REAL3_NULLACT"}
/workspace/r10/env_old/lib/python3.12/site-packages/gymnasium/envs/registration.py:729: UserWarning: [33mWARN: The environment is being initialised with render_mode='rgb_array' that is not in the possible render_modes ([]).[0m
  logger.warn(
CEM solve time: 1.3084 seconds
{"completed": 52, "missing": 0, "case": "R6_reacher_04683ac84fb7627e60eba9af", "arm": "REFIT_103201", "stream": "R4_ALT_CEM_1", "mode": "REPEAT3_REALACT"}
/workspace/r10/env_old/lib/python3.12/site-packages/gymnasium/envs/registration.py:729: UserWarning: [33mWARN: The environment is being initialised with render_mode='rgb_array' that is not in the possible render_modes ([]).[0m
  logger.warn(
CEM solve time: 1.2141 seconds
CEM solve time: 1.2874 seconds
/workspace/r10/env_old/lib/python3.12/site-packages/gymnasium/envs/registration.py:729: UserWarning: [33mWARN: The environment is being initialised with render_mode='rgb_array' that is not in the possible render_modes ([]).[0m
  logger.warn(
CEM solve time: 1.2644 seconds
CEM solve time: 1.3216 seconds
{"completed": 53, "missing": 0, "case": "R6_reacher_04683ac84fb7627e60eba9af", "arm": "REFIT_103201", "stream": "R4_ALT_CEM_2", "mode": "REAL3_NULLACT"}
/workspace/r10/env_old/lib/python3.12/site-packages/gymnasium/envs/registration.py:729: UserWarning: [33mWARN: The environment is being initialised with render_mode='rgb_array' that is not in the possible render_modes ([]).[0m
  logger.warn(
CEM solve time: 1.3139 seconds
CEM solve time: 1.3221 seconds
{"completed": 54, "missing": 0, "case": "R6_reacher_04683ac84fb7627e60eba9af", "arm": "REFIT_103201", "stream": "R4_ALT_CEM_2", "mode": "REPEAT3_REALACT"}
/workspace/r10/env_old/lib/python3.12/site-packages/gymnasium/envs/registration.py:729: UserWarning: [33mWARN: The environment is being initialised with render_mode='rgb_array' that is not in the possible render_modes ([]).[0m
  logger.warn(
CEM solve time: 1.2831 seconds
CEM solve time: 1.3072 seconds
/workspace/r10/env_old/lib/python3.12/site-packages/gymnasium/envs/registration.py:729: UserWarning: [33mWARN: The environment is being initialised with render_mode='rgb_array' that is not in the possible render_modes ([]).[0m
  logger.warn(
CEM solve time: 1.2652 seconds
CEM solve time: 1.2833 seconds
{"completed": 55, "missing": 0, "case": "R6_reacher_0642735d2daa02558c1d8737", "arm": "REFIT_103201", "stream": "R3_ORIGINAL", "mode": "REAL3_NULLACT"}
/workspace/r10/env_old/lib/python3.12/site-packages/gymnasium/envs/registration.py:729: UserWarning: [33mWARN: The environment is being initialised with render_mode='rgb_array' that is not in the possible render_modes ([]).[0m
  logger.warn(
CEM solve time: 1.2522 seconds
CEM solve time: 1.2753 seconds
{"completed": 56, "missing": 0, "case": "R6_reacher_0642735d2daa02558c1d8737", "arm": "REFIT_103201", "stream": "R3_ORIGINAL", "mode": "REPEAT3_REALACT"}
/workspace/r10/env_old/lib/python3.12/site-packages/gymnasium/envs/registration.py:729: UserWarning: [33mWARN: The environment is being initialised with render_mode='rgb_array' that is not in the possible render_modes ([]).[0m
  logger.warn(
CEM solve time: 1.2665 seconds
CEM solve time: 1.2958 seconds
/workspace/r10/env_old/lib/python3.12/site-packages/gymnasium/envs/registration.py:729: UserWarning: [33mWARN: The environment is being initialised with render_mode='rgb_array' that is not in the possible render_modes ([]).[0m
  logger.warn(
CEM solve time: 1.3301 seconds
CEM solve time: 1.2781 seconds
{"completed": 57, "missing": 0, "case": "R6_reacher_0642735d2daa02558c1d8737", "arm": "REFIT_103201", "stream": "R4_ALT_CEM_1", "mode": "REAL3_NULLACT"}
/workspace/r10/env_old/lib/python3.12/site-packages/gymnasium/envs/registration.py:729: UserWarning: [33mWARN: The environment is being initialised with render_mode='rgb_array' that is not in the possible render_modes ([]).[0m
  logger.warn(
CEM solve time: 1.3166 seconds
CEM solve time: 1.2877 seconds
{"completed": 58, "missing": 0, "case": "R6_reacher_0642735d2daa02558c1d8737", "arm": "REFIT_103201", "stream": "R4_ALT_CEM_1", "mode": "REPEAT3_REALACT"}
/workspace/r10/env_old/lib/python3.12/site-packages/gymnasium/envs/registration.py:729: UserWarning: [33mWARN: The environment is being initialised with render_mode='rgb_array' that is not in the possible render_modes ([]).[0m
  logger.warn(
CEM solve time: 1.3172 seconds
CEM solve time: 1.2700 seconds
/workspace/r10/env_old/lib/python3.12/site-packages/gymnasium/envs/registration.py:729: UserWarning: [33mWARN: The environment is being initialised with render_mode='rgb_array' that is not in the possible render_modes ([]).[0m
  logger.warn(
CEM solve time: 1.3331 seconds
CEM solve time: 1.2575 seconds
{"completed": 59, "missing": 0, "case": "R6_reacher_0642735d2daa02558c1d8737", "arm": "REFIT_103201", "stream": "R4_ALT_CEM_2", "mode": "REAL3_NULLACT"}
/workspace/r10/env_old/lib/python3.12/site-packages/gymnasium/envs/registration.py:729: UserWarning: [33mWARN: The environment is being initialised with render_mode='rgb_array' that is not in the possible render_modes ([]).[0m
  logger.warn(
CEM solve time: 1.3139 seconds
CEM solve time: 1.2979 seconds
{"completed": 60, "missing": 0, "case": "R6_reacher_0642735d2daa02558c1d8737", "arm": "REFIT_103201", "stream": "R4_ALT_CEM_2", "mode": "REPEAT3_REALACT"}
/workspace/r10/env_old/lib/python3.12/site-packages/gymnasium/envs/registration.py:729: UserWarning: [33mWARN: The environment is being initialised with render_mode='rgb_array' that is not in the possible render_modes ([]).[0m
  logger.warn(
CEM solve time: 1.3013 seconds
CEM solve time: 1.2863 seconds
/workspace/r10/env_old/lib/python3.12/site-packages/gymnasium/envs/registration.py:729: UserWarning: [33mWARN: The environment is being initialised with render_mode='rgb_array' that is not in the possible render_modes ([]).[0m
  logger.warn(
CEM solve time: 1.2657 seconds
CEM solve time: 1.2929 seconds
{"completed": 61, "missing": 0, "case": "R6_reacher_0836c96bfa0e02e08d4dc536", "arm": "REFIT_103201", "stream": "R3_ORIGINAL", "mode": "REAL3_NULLACT"}
/workspace/r10/env_old/lib/python3.12/site-packages/gymnasium/envs/registration.py:729: UserWarning: [33mWARN: The environment is being initialised with render_mode='rgb_array' that is not in the possible render_modes ([]).[0m
  logger.warn(
CEM solve time: 1.2409 seconds
CEM solve time: 1.2889 seconds
{"completed": 62, "missing": 0, "case": "R6_reacher_0836c96bfa0e02e08d4dc536", "arm": "REFIT_103201", "stream": "R3_ORIGINAL", "mode": "REPEAT3_REALACT"}
/workspace/r10/env_old/lib/python3.12/site-packages/gymnasium/envs/registration.py:729: UserWarning: [33mWARN: The environment is being initialised with render_mode='rgb_array' that is not in the possible render_modes ([]).[0m
  logger.warn(
CEM solve time: 1.2804 seconds
/workspace/r10/env_old/lib/python3.12/site-packages/gymnasium/envs/registration.py:729: UserWarning: [33mWARN: The environment is being initialised with render_mode='rgb_array' that is not in the possible render_modes ([]).[0m
  logger.warn(
CEM solve time: 1.2619 seconds
{"completed": 63, "missing": 0, "case": "R6_reacher_0836c96bfa0e02e08d4dc536", "arm": "REFIT_103201", "stream": "R4_ALT_CEM_1", "mode": "REAL3_NULLACT"}
/workspace/r10/env_old/lib/python3.12/site-packages/gymnasium/envs/registration.py:729: UserWarning: [33mWARN: The environment is being initialised with render_mode='rgb_array' that is not in the possible render_modes ([]).[0m
  logger.warn(
CEM solve time: 1.2849 seconds
{"completed": 64, "missing": 0, "case": "R6_reacher_0836c96bfa0e02e08d4dc536", "arm": "REFIT_103201", "stream": "R4_ALT_CEM_1", "mode": "REPEAT3_REALACT"}
/workspace/r10/env_old/lib/python3.12/site-packages/gymnasium/envs/registration.py:729: UserWarning: [33mWARN: The environment is being initialised with render_mode='rgb_array' that is not in the possible render_modes ([]).[0m
  logger.warn(
CEM solve time: 1.2919 seconds
CEM solve time: 1.2678 seconds
/workspace/r10/env_old/lib/python3.12/site-packages/gymnasium/envs/registration.py:729: UserWarning: [33mWARN: The environment is being initialised with render_mode='rgb_array' that is not in the possible render_modes ([]).[0m
  logger.warn(
CEM solve time: 1.2671 seconds
CEM solve time: 1.3019 seconds
{"completed": 65, "missing": 0, "case": "R6_reacher_0836c96bfa0e02e08d4dc536", "arm": "REFIT_103201", "stream": "R4_ALT_CEM_2", "mode": "REAL3_NULLACT"}
/workspace/r10/env_old/lib/python3.12/site-packages/gymnasium/envs/registration.py:729: UserWarning: [33mWARN: The environment is being initialised with render_mode='rgb_array' that is not in the possible render_modes ([]).[0m
  logger.warn(
CEM solve time: 1.3001 seconds
CEM solve time: 1.2794 seconds
{"completed": 66, "missing": 0, "case": "R6_reacher_0836c96bfa0e02e08d4dc536", "arm": "REFIT_103201", "stream": "R4_ALT_CEM_2", "mode": "REPEAT3_REALACT"}
/workspace/r10/env_old/lib/python3.12/site-packages/gymnasium/envs/registration.py:729: UserWarning: [33mWARN: The environment is being initialised with render_mode='rgb_array' that is not in the possible render_modes ([]).[0m
  logger.warn(
CEM solve time: 1.2256 seconds
/workspace/r10/env_old/lib/python3.12/site-packages/gymnasium/envs/registration.py:729: UserWarning: [33mWARN: The environment is being initialised with render_mode='rgb_array' that is not in the possible render_modes ([]).[0m
  logger.warn(
CEM solve time: 1.3026 seconds
{"completed": 67, "missing": 0, "case": "R6_reacher_096c43e05c7b22dbd8c24748", "arm": "REFIT_103201", "stream": "R3_ORIGINAL", "mode": "REAL3_NULLACT"}
/workspace/r10/env_old/lib/python3.12/site-packages/gymnasium/envs/registration.py:729: UserWarning: [33mWARN: The environment is being initialised with render_mode='rgb_array' that is not in the possible render_modes ([]).[0m
  logger.warn(
CEM solve time: 1.2894 seconds
{"completed": 68, "missing": 0, "case": "R6_reacher_096c43e05c7b22dbd8c24748", "arm": "REFIT_103201", "stream": "R3_ORIGINAL", "mode": "REPEAT3_REALACT"}
/workspace/r10/env_old/lib/python3.12/site-packages/gymnasium/envs/registration.py:729: UserWarning: [33mWARN: The environment is being initialised with render_mode='rgb_array' that is not in the possible render_modes ([]).[0m
  logger.warn(
CEM solve time: 1.2644 seconds
/workspace/r10/env_old/lib/python3.12/site-packages/gymnasium/envs/registration.py:729: UserWarning: [33mWARN: The environment is being initialised with render_mode='rgb_array' that is not in the possible render_modes ([]).[0m
  logger.warn(
CEM solve time: 1.3275 seconds
{"completed": 69, "missing": 0, "case": "R6_reacher_096c43e05c7b22dbd8c24748", "arm": "REFIT_103201", "stream": "R4_ALT_CEM_1", "mode": "REAL3_NULLACT"}
/workspace/r10/env_old/lib/python3.12/site-packages/gymnasium/envs/registration.py:729: UserWarning: [33mWARN: The environment is being initialised with render_mode='rgb_array' that is not in the possible render_modes ([]).[0m
  logger.warn(
CEM solve time: 1.2626 seconds
{"completed": 70, "missing": 0, "case": "R6_reacher_096c43e05c7b22dbd8c24748", "arm": "REFIT_103201", "stream": "R4_ALT_CEM_1", "mode": "REPEAT3_REALACT"}
/workspace/r10/env_old/lib/python3.12/site-packages/gymnasium/envs/registration.py:729: UserWarning: [33mWARN: The environment is being initialised with render_mode='rgb_array' that is not in the possible render_modes ([]).[0m
  logger.warn(
CEM solve time: 1.2922 seconds
/workspace/r10/env_old/lib/python3.12/site-packages/gymnasium/envs/registration.py:729: UserWarning: [33mWARN: The environment is being initialised with render_mode='rgb_array' that is not in the possible render_modes ([]).[0m
  logger.warn(
CEM solve time: 1.2549 seconds
{"completed": 71, "missing": 0, "case": "R6_reacher_096c43e05c7b22dbd8c24748", "arm": "REFIT_103201", "stream": "R4_ALT_CEM_2", "mode": "REAL3_NULLACT"}
/workspace/r10/env_old/lib/python3.12/site-packages/gymnasium/envs/registration.py:729: UserWarning: [33mWARN: The environment is being initialised with render_mode='rgb_array' that is not in the possible render_modes ([]).[0m
  logger.warn(
CEM solve time: 1.3103 seconds
{"completed": 72, "missing": 0, "case": "R6_reacher_096c43e05c7b22dbd8c24748", "arm": "REFIT_103201", "stream": "R4_ALT_CEM_2", "mode": "REPEAT3_REALACT"}
/workspace/r10/env_old/lib/python3.12/site-packages/gymnasium/envs/registration.py:729: UserWarning: [33mWARN: The environment is being initialised with render_mode='rgb_array' that is not in the possible render_modes ([]).[0m
  logger.warn(
CEM solve time: 1.3149 seconds
/workspace/r10/env_old/lib/python3.12/site-packages/gymnasium/envs/registration.py:729: UserWarning: [33mWARN: The environment is being initialised with render_mode='rgb_array' that is not in the possible render_modes ([]).[0m
  logger.warn(
CEM solve time: 1.3187 seconds
{"completed": 73, "missing": 0, "case": "R6_reacher_01376a746a41e9e26d1e8b2e", "arm": "REFIT_103202", "stream": "R3_ORIGINAL", "mode": "REAL3_NULLACT"}
/workspace/r10/env_old/lib/python3.12/site-packages/gymnasium/envs/registration.py:729: UserWarning: [33mWARN: The environment is being initialised with render_mode='rgb_array' that is not in the possible render_modes ([]).[0m
  logger.warn(
CEM solve time: 1.3295 seconds
{"completed": 74, "missing": 0, "case": "R6_reacher_01376a746a41e9e26d1e8b2e", "arm": "REFIT_103202", "stream": "R3_ORIGINAL", "mode": "REPEAT3_REALACT"}
/workspace/r10/env_old/lib/python3.12/site-packages/gymnasium/envs/registration.py:729: UserWarning: [33mWARN: The environment is being initialised with render_mode='rgb_array' that is not in the possible render_modes ([]).[0m
  logger.warn(
CEM solve time: 1.3147 seconds
CEM solve time: 1.3077 seconds
/workspace/r10/env_old/lib/python3.12/site-packages/gymnasium/envs/registration.py:729: UserWarning: [33mWARN: The environment is being initialised with render_mode='rgb_array' that is not in the possible render_modes ([]).[0m
  logger.warn(
CEM solve time: 1.2752 seconds
CEM solve time: 1.3539 seconds
{"completed": 75, "missing": 0, "case": "R6_reacher_01376a746a41e9e26d1e8b2e", "arm": "REFIT_103202", "stream": "R4_ALT_CEM_1", "mode": "REAL3_NULLACT"}
/workspace/r10/env_old/lib/python3.12/site-packages/gymnasium/envs/registration.py:729: UserWarning: [33mWARN: The environment is being initialised with render_mode='rgb_array' that is not in the possible render_modes ([]).[0m
  logger.warn(
CEM solve time: 1.2781 seconds
CEM solve time: 1.3140 seconds
{"completed": 76, "missing": 0, "case": "R6_reacher_01376a746a41e9e26d1e8b2e", "arm": "REFIT_103202", "stream": "R4_ALT_CEM_1", "mode": "REPEAT3_REALACT"}
/workspace/r10/env_old/lib/python3.12/site-packages/gymnasium/envs/registration.py:729: UserWarning: [33mWARN: The environment is being initialised with render_mode='rgb_array' that is not in the possible render_modes ([]).[0m
  logger.warn(
CEM solve time: 1.2877 seconds
CEM solve time: 1.2965 seconds
/workspace/r10/env_old/lib/python3.12/site-packages/gymnasium/envs/registration.py:729: UserWarning: [33mWARN: The environment is being initialised with render_mode='rgb_array' that is not in the possible render_modes ([]).[0m
  logger.warn(
CEM solve time: 1.2838 seconds
CEM solve time: 1.3033 seconds
{"completed": 77, "missing": 0, "case": "R6_reacher_01376a746a41e9e26d1e8b2e", "arm": "REFIT_103202", "stream": "R4_ALT_CEM_2", "mode": "REAL3_NULLACT"}
/workspace/r10/env_old/lib/python3.12/site-packages/gymnasium/envs/registration.py:729: UserWarning: [33mWARN: The environment is being initialised with render_mode='rgb_array' that is not in the possible render_modes ([]).[0m
  logger.warn(
CEM solve time: 1.2855 seconds
CEM solve time: 1.2936 seconds
{"completed": 78, "missing": 0, "case": "R6_reacher_01376a746a41e9e26d1e8b2e", "arm": "REFIT_103202", "stream": "R4_ALT_CEM_2", "mode": "REPEAT3_REALACT"}
/workspace/r10/env_old/lib/python3.12/site-packages/gymnasium/envs/registration.py:729: UserWarning: [33mWARN: The environment is being initialised with render_mode='rgb_array' that is not in the possible render_modes ([]).[0m
  logger.warn(
CEM solve time: 1.2734 seconds
CEM solve time: 1.2635 seconds
/workspace/r10/env_old/lib/python3.12/site-packages/gymnasium/envs/registration.py:729: UserWarning: [33mWARN: The environment is being initialised with render_mode='rgb_array' that is not in the possible render_modes ([]).[0m
  logger.warn(
CEM solve time: 1.2895 seconds
CEM solve time: 1.3160 seconds
{"completed": 79, "missing": 0, "case": "R6_reacher_02dc0f9a7b772ddf917ae2e2", "arm": "REFIT_103202", "stream": "R3_ORIGINAL", "mode": "REAL3_NULLACT"}
/workspace/r10/env_old/lib/python3.12/site-packages/gymnasium/envs/registration.py:729: UserWarning: [33mWARN: The environment is being initialised with render_mode='rgb_array' that is not in the possible render_modes ([]).[0m
  logger.warn(
CEM solve time: 1.2989 seconds
CEM solve time: 1.3012 seconds
{"completed": 80, "missing": 0, "case": "R6_reacher_02dc0f9a7b772ddf917ae2e2", "arm": "REFIT_103202", "stream": "R3_ORIGINAL", "mode": "REPEAT3_REALACT"}
/workspace/r10/env_old/lib/python3.12/site-packages/gymnasium/envs/registration.py:729: UserWarning: [33mWARN: The environment is being initialised with render_mode='rgb_array' that is not in the possible render_modes ([]).[0m
  logger.warn(
CEM solve time: 1.2930 seconds
CEM solve time: 1.3224 seconds
/workspace/r10/env_old/lib/python3.12/site-packages/gymnasium/envs/registration.py:729: UserWarning: [33mWARN: The environment is being initialised with render_mode='rgb_array' that is not in the possible render_modes ([]).[0m
  logger.warn(
CEM solve time: 1.2856 seconds
CEM solve time: 1.2631 seconds
{"completed": 81, "missing": 0, "case": "R6_reacher_02dc0f9a7b772ddf917ae2e2", "arm": "REFIT_103202", "stream": "R4_ALT_CEM_1", "mode": "REAL3_NULLACT"}
/workspace/r10/env_old/lib/python3.12/site-packages/gymnasium/envs/registration.py:729: UserWarning: [33mWARN: The environment is being initialised with render_mode='rgb_array' that is not in the possible render_modes ([]).[0m
  logger.warn(
CEM solve time: 1.3059 seconds
CEM solve time: 1.2565 seconds
{"completed": 82, "missing": 0, "case": "R6_reacher_02dc0f9a7b772ddf917ae2e2", "arm": "REFIT_103202", "stream": "R4_ALT_CEM_1", "mode": "REPEAT3_REALACT"}
/workspace/r10/env_old/lib/python3.12/site-packages/gymnasium/envs/registration.py:729: UserWarning: [33mWARN: The environment is being initialised with render_mode='rgb_array' that is not in the possible render_modes ([]).[0m
  logger.warn(
CEM solve time: 1.2841 seconds
CEM solve time: 1.2945 seconds
/workspace/r10/env_old/lib/python3.12/site-packages/gymnasium/envs/registration.py:729: UserWarning: [33mWARN: The environment is being initialised with render_mode='rgb_array' that is not in the possible render_modes ([]).[0m
  logger.warn(
CEM solve time: 1.2700 seconds
CEM solve time: 1.2470 seconds
{"completed": 83, "missing": 0, "case": "R6_reacher_02dc0f9a7b772ddf917ae2e2", "arm": "REFIT_103202", "stream": "R4_ALT_CEM_2", "mode": "REAL3_NULLACT"}
/workspace/r10/env_old/lib/python3.12/site-packages/gymnasium/envs/registration.py:729: UserWarning: [33mWARN: The environment is being initialised with render_mode='rgb_array' that is not in the possible render_modes ([]).[0m
  logger.warn(
CEM solve time: 1.2944 seconds
CEM solve time: 1.2845 seconds
{"completed": 84, "missing": 0, "case": "R6_reacher_02dc0f9a7b772ddf917ae2e2", "arm": "REFIT_103202", "stream": "R4_ALT_CEM_2", "mode": "REPEAT3_REALACT"}
/workspace/r10/env_old/lib/python3.12/site-packages/gymnasium/envs/registration.py:729: UserWarning: [33mWARN: The environment is being initialised with render_mode='rgb_array' that is not in the possible render_modes ([]).[0m
  logger.warn(
CEM solve time: 1.2599 seconds
/workspace/r10/env_old/lib/python3.12/site-packages/gymnasium/envs/registration.py:729: UserWarning: [33mWARN: The environment is being initialised with render_mode='rgb_array' that is not in the possible render_modes ([]).[0m
  logger.warn(
CEM solve time: 1.2874 seconds
{"completed": 85, "missing": 0, "case": "R6_reacher_04683ac84fb7627e60eba9af", "arm": "REFIT_103202", "stream": "R3_ORIGINAL", "mode": "REAL3_NULLACT"}
/workspace/r10/env_old/lib/python3.12/site-packages/gymnasium/envs/registration.py:729: UserWarning: [33mWARN: The environment is being initialised with render_mode='rgb_array' that is not in the possible render_modes ([]).[0m
  logger.warn(
CEM solve time: 1.3195 seconds
{"completed": 86, "missing": 0, "case": "R6_reacher_04683ac84fb7627e60eba9af", "arm": "REFIT_103202", "stream": "R3_ORIGINAL", "mode": "REPEAT3_REALACT"}
/workspace/r10/env_old/lib/python3.12/site-packages/gymnasium/envs/registration.py:729: UserWarning: [33mWARN: The environment is being initialised with render_mode='rgb_array' that is not in the possible render_modes ([]).[0m
  logger.warn(
CEM solve time: 1.3034 seconds
/workspace/r10/env_old/lib/python3.12/site-packages/gymnasium/envs/registration.py:729: UserWarning: [33mWARN: The environment is being initialised with render_mode='rgb_array' that is not in the possible render_modes ([]).[0m
  logger.warn(
CEM solve time: 1.3253 seconds
{"completed": 87, "missing": 0, "case": "R6_reacher_04683ac84fb7627e60eba9af", "arm": "REFIT_103202", "stream": "R4_ALT_CEM_1", "mode": "REAL3_NULLACT"}
/workspace/r10/env_old/lib/python3.12/site-packages/gymnasium/envs/registration.py:729: UserWarning: [33mWARN: The environment is being initialised with render_mode='rgb_array' that is not in the possible render_modes ([]).[0m
  logger.warn(
CEM solve time: 1.3317 seconds
{"completed": 88, "missing": 0, "case": "R6_reacher_04683ac84fb7627e60eba9af", "arm": "REFIT_103202", "stream": "R4_ALT_CEM_1", "mode": "REPEAT3_REALACT"}
/workspace/r10/env_old/lib/python3.12/site-packages/gymnasium/envs/registration.py:729: UserWarning: [33mWARN: The environment is being initialised with render_mode='rgb_array' that is not in the possible render_modes ([]).[0m
  logger.warn(
CEM solve time: 1.2921 seconds
CEM solve time: 1.3011 seconds
/workspace/r10/env_old/lib/python3.12/site-packages/gymnasium/envs/registration.py:729: UserWarning: [33mWARN: The environment is being initialised with render_mode='rgb_array' that is not in the possible render_modes ([]).[0m
  logger.warn(
CEM solve time: 1.2706 seconds
CEM solve time: 1.3145 seconds
{"completed": 89, "missing": 0, "case": "R6_reacher_04683ac84fb7627e60eba9af", "arm": "REFIT_103202", "stream": "R4_ALT_CEM_2", "mode": "REAL3_NULLACT"}
/workspace/r10/env_old/lib/python3.12/site-packages/gymnasium/envs/registration.py:729: UserWarning: [33mWARN: The environment is being initialised with render_mode='rgb_array' that is not in the possible render_modes ([]).[0m
  logger.warn(
CEM solve time: 1.2604 seconds
CEM solve time: 1.3012 seconds
{"completed": 90, "missing": 0, "case": "R6_reacher_04683ac84fb7627e60eba9af", "arm": "REFIT_103202", "stream": "R4_ALT_CEM_2", "mode": "REPEAT3_REALACT"}
/workspace/r10/env_old/lib/python3.12/site-packages/gymnasium/envs/registration.py:729: UserWarning: [33mWARN: The environment is being initialised with render_mode='rgb_array' that is not in the possible render_modes ([]).[0m
  logger.warn(
CEM solve time: 1.2915 seconds
CEM solve time: 1.3239 seconds
/workspace/r10/env_old/lib/python3.12/site-packages/gymnasium/envs/registration.py:729: UserWarning: [33mWARN: The environment is being initialised with render_mode='rgb_array' that is not in the possible render_modes ([]).[0m
  logger.warn(
CEM solve time: 1.3280 seconds
CEM solve time: 1.2750 seconds
{"completed": 91, "missing": 0, "case": "R6_reacher_0642735d2daa02558c1d8737", "arm": "REFIT_103202", "stream": "R3_ORIGINAL", "mode": "REAL3_NULLACT"}
/workspace/r10/env_old/lib/python3.12/site-packages/gymnasium/envs/registration.py:729: UserWarning: [33mWARN: The environment is being initialised with render_mode='rgb_array' that is not in the possible render_modes ([]).[0m
  logger.warn(
CEM solve time: 1.2855 seconds
CEM solve time: 1.2523 seconds
{"completed": 92, "missing": 0, "case": "R6_reacher_0642735d2daa02558c1d8737", "arm": "REFIT_103202", "stream": "R3_ORIGINAL", "mode": "REPEAT3_REALACT"}
/workspace/r10/env_old/lib/python3.12/site-packages/gymnasium/envs/registration.py:729: UserWarning: [33mWARN: The environment is being initialised with render_mode='rgb_array' that is not in the possible render_modes ([]).[0m
  logger.warn(
CEM solve time: 1.2547 seconds
/workspace/r10/env_old/lib/python3.12/site-packages/gymnasium/envs/registration.py:729: UserWarning: [33mWARN: The environment is being initialised with render_mode='rgb_array' that is not in the possible render_modes ([]).[0m
  logger.warn(
CEM solve time: 1.2829 seconds
{"completed": 93, "missing": 0, "case": "R6_reacher_0642735d2daa02558c1d8737", "arm": "REFIT_103202", "stream": "R4_ALT_CEM_1", "mode": "REAL3_NULLACT"}
/workspace/r10/env_old/lib/python3.12/site-packages/gymnasium/envs/registration.py:729: UserWarning: [33mWARN: The environment is being initialised with render_mode='rgb_array' that is not in the possible render_modes ([]).[0m
  logger.warn(
CEM solve time: 1.2645 seconds
{"completed": 94, "missing": 0, "case": "R6_reacher_0642735d2daa02558c1d8737", "arm": "REFIT_103202", "stream": "R4_ALT_CEM_1", "mode": "REPEAT3_REALACT"}
/workspace/r10/env_old/lib/python3.12/site-packages/gymnasium/envs/registration.py:729: UserWarning: [33mWARN: The environment is being initialised with render_mode='rgb_array' that is not in the possible render_modes ([]).[0m
  logger.warn(
CEM solve time: 1.2786 seconds
CEM solve time: 1.2725 seconds
/workspace/r10/env_old/lib/python3.12/site-packages/gymnasium/envs/registration.py:729: UserWarning: [33mWARN: The environment is being initialised with render_mode='rgb_array' that is not in the possible render_modes ([]).[0m
  logger.warn(
CEM solve time: 1.2650 seconds
CEM solve time: 1.2509 seconds
{"completed": 95, "missing": 0, "case": "R6_reacher_0642735d2daa02558c1d8737", "arm": "REFIT_103202", "stream": "R4_ALT_CEM_2", "mode": "REAL3_NULLACT"}
/workspace/r10/env_old/lib/python3.12/site-packages/gymnasium/envs/registration.py:729: UserWarning: [33mWARN: The environment is being initialised with render_mode='rgb_array' that is not in the possible render_modes ([]).[0m
  logger.warn(
CEM solve time: 1.2217 seconds
CEM solve time: 1.2804 seconds
{"completed": 96, "missing": 0, "case": "R6_reacher_0642735d2daa02558c1d8737", "arm": "REFIT_103202", "stream": "R4_ALT_CEM_2", "mode": "REPEAT3_REALACT"}
/workspace/r10/env_old/lib/python3.12/site-packages/gymnasium/envs/registration.py:729: UserWarning: [33mWARN: The environment is being initialised with render_mode='rgb_array' that is not in the possible render_modes ([]).[0m
  logger.warn(
CEM solve time: 1.2901 seconds
CEM solve time: 1.3170 seconds
/workspace/r10/env_old/lib/python3.12/site-packages/gymnasium/envs/registration.py:729: UserWarning: [33mWARN: The environment is being initialised with render_mode='rgb_array' that is not in the possible render_modes ([]).[0m
  logger.warn(
CEM solve time: 1.3036 seconds
CEM solve time: 1.2742 seconds
{"completed": 97, "missing": 0, "case": "R6_reacher_0836c96bfa0e02e08d4dc536", "arm": "REFIT_103202", "stream": "R3_ORIGINAL", "mode": "REAL3_NULLACT"}
/workspace/r10/env_old/lib/python3.12/site-packages/gymnasium/envs/registration.py:729: UserWarning: [33mWARN: The environment is being initialised with render_mode='rgb_array' that is not in the possible render_modes ([]).[0m
  logger.warn(
CEM solve time: 1.2667 seconds
CEM solve time: 1.2900 seconds
{"completed": 98, "missing": 0, "case": "R6_reacher_0836c96bfa0e02e08d4dc536", "arm": "REFIT_103202", "stream": "R3_ORIGINAL", "mode": "REPEAT3_REALACT"}
/workspace/r10/env_old/lib/python3.12/site-packages/gymnasium/envs/registration.py:729: UserWarning: [33mWARN: The environment is being initialised with render_mode='rgb_array' that is not in the possible render_modes ([]).[0m
  logger.warn(
CEM solve time: 1.3080 seconds
/workspace/r10/env_old/lib/python3.12/site-packages/gymnasium/envs/registration.py:729: UserWarning: [33mWARN: The environment is being initialised with render_mode='rgb_array' that is not in the possible render_modes ([]).[0m
  logger.warn(
CEM solve time: 1.2611 seconds
{"completed": 99, "missing": 0, "case": "R6_reacher_0836c96bfa0e02e08d4dc536", "arm": "REFIT_103202", "stream": "R4_ALT_CEM_1", "mode": "REAL3_NULLACT"}
/workspace/r10/env_old/lib/python3.12/site-packages/gymnasium/envs/registration.py:729: UserWarning: [33mWARN: The environment is being initialised with render_mode='rgb_array' that is not in the possible render_modes ([]).[0m
  logger.warn(
CEM solve time: 1.2531 seconds
{"completed": 100, "missing": 0, "case": "R6_reacher_0836c96bfa0e02e08d4dc536", "arm": "REFIT_103202", "stream": "R4_ALT_CEM_1", "mode": "REPEAT3_REALACT"}
/workspace/r10/env_old/lib/python3.12/site-packages/gymnasium/envs/registration.py:729: UserWarning: [33mWARN: The environment is being initialised with render_mode='rgb_array' that is not in the possible render_modes ([]).[0m
  logger.warn(
CEM solve time: 1.2771 seconds
CEM solve time: 1.2745 seconds
/workspace/r10/env_old/lib/python3.12/site-packages/gymnasium/envs/registration.py:729: UserWarning: [33mWARN: The environment is being initialised with render_mode='rgb_array' that is not in the possible render_modes ([]).[0m
  logger.warn(
CEM solve time: 1.2482 seconds
CEM solve time: 1.3006 seconds
{"completed": 101, "missing": 0, "case": "R6_reacher_0836c96bfa0e02e08d4dc536", "arm": "REFIT_103202", "stream": "R4_ALT_CEM_2", "mode": "REAL3_NULLACT"}
/workspace/r10/env_old/lib/python3.12/site-packages/gymnasium/envs/registration.py:729: UserWarning: [33mWARN: The environment is being initialised with render_mode='rgb_array' that is not in the possible render_modes ([]).[0m
  logger.warn(
CEM solve time: 1.2758 seconds
CEM solve time: 1.3422 seconds
{"completed": 102, "missing": 0, "case": "R6_reacher_0836c96bfa0e02e08d4dc536", "arm": "REFIT_103202", "stream": "R4_ALT_CEM_2", "mode": "REPEAT3_REALACT"}
/workspace/r10/env_old/lib/python3.12/site-packages/gymnasium/envs/registration.py:729: UserWarning: [33mWARN: The environment is being initialised with render_mode='rgb_array' that is not in the possible render_modes ([]).[0m
  logger.warn(
CEM solve time: 1.2740 seconds
/workspace/r10/env_old/lib/python3.12/site-packages/gymnasium/envs/registration.py:729: UserWarning: [33mWARN: The environment is being initialised with render_mode='rgb_array' that is not in the possible render_modes ([]).[0m
  logger.warn(
CEM solve time: 1.3047 seconds
{"completed": 103, "missing": 0, "case": "R6_reacher_096c43e05c7b22dbd8c24748", "arm": "REFIT_103202", "stream": "R3_ORIGINAL", "mode": "REAL3_NULLACT"}
/workspace/r10/env_old/lib/python3.12/site-packages/gymnasium/envs/registration.py:729: UserWarning: [33mWARN: The environment is being initialised with render_mode='rgb_array' that is not in the possible render_modes ([]).[0m
  logger.warn(
CEM solve time: 1.2415 seconds
{"completed": 104, "missing": 0, "case": "R6_reacher_096c43e05c7b22dbd8c24748", "arm": "REFIT_103202", "stream": "R3_ORIGINAL", "mode": "REPEAT3_REALACT"}
/workspace/r10/env_old/lib/python3.12/site-packages/gymnasium/envs/registration.py:729: UserWarning: [33mWARN: The environment is being initialised with render_mode='rgb_array' that is not in the possible render_modes ([]).[0m
  logger.warn(
CEM solve time: 1.3039 seconds
/workspace/r10/env_old/lib/python3.12/site-packages/gymnasium/envs/registration.py:729: UserWarning: [33mWARN: The environment is being initialised with render_mode='rgb_array' that is not in the possible render_modes ([]).[0m
  logger.warn(
CEM solve time: 1.2746 seconds
{"completed": 105, "missing": 0, "case": "R6_reacher_096c43e05c7b22dbd8c24748", "arm": "REFIT_103202", "stream": "R4_ALT_CEM_1", "mode": "REAL3_NULLACT"}
/workspace/r10/env_old/lib/python3.12/site-packages/gymnasium/envs/registration.py:729: UserWarning: [33mWARN: The environment is being initialised with render_mode='rgb_array' that is not in the possible render_modes ([]).[0m
  logger.warn(
CEM solve time: 1.3197 seconds
{"completed": 106, "missing": 0, "case": "R6_reacher_096c43e05c7b22dbd8c24748", "arm": "REFIT_103202", "stream": "R4_ALT_CEM_1", "mode": "REPEAT3_REALACT"}
/workspace/r10/env_old/lib/python3.12/site-packages/gymnasium/envs/registration.py:729: UserWarning: [33mWARN: The environment is being initialised with render_mode='rgb_array' that is not in the possible render_modes ([]).[0m
  logger.warn(
CEM solve time: 1.2922 seconds
/workspace/r10/env_old/lib/python3.12/site-packages/gymnasium/envs/registration.py:729: UserWarning: [33mWARN: The environment is being initialised with render_mode='rgb_array' that is not in the possible render_modes ([]).[0m
  logger.warn(
CEM solve time: 1.3006 seconds
{"completed": 107, "missing": 0, "case": "R6_reacher_096c43e05c7b22dbd8c24748", "arm": "REFIT_103202", "stream": "R4_ALT_CEM_2", "mode": "REAL3_NULLACT"}
/workspace/r10/env_old/lib/python3.12/site-packages/gymnasium/envs/registration.py:729: UserWarning: [33mWARN: The environment is being initialised with render_mode='rgb_array' that is not in the possible render_modes ([]).[0m
  logger.warn(
CEM solve time: 1.2796 seconds
{"completed": 108, "missing": 0, "case": "R6_reacher_096c43e05c7b22dbd8c24748", "arm": "REFIT_103202", "stream": "R4_ALT_CEM_2", "mode": "REPEAT3_REALACT"}
/workspace/r10/env_old/lib/python3.12/site-packages/gymnasium/envs/registration.py:729: UserWarning: [33mWARN: The environment is being initialised with render_mode='rgb_array' that is not in the possible render_modes ([]).[0m
  logger.warn(
CEM solve time: 1.2544 seconds
/workspace/r10/env_old/lib/python3.12/site-packages/gymnasium/envs/registration.py:729: UserWarning: [33mWARN: The environment is being initialised with render_mode='rgb_array' that is not in the possible render_modes ([]).[0m
  logger.warn(
CEM solve time: 1.2872 seconds
{"completed": 109, "missing": 0, "case": "R6_reacher_01376a746a41e9e26d1e8b2e", "arm": "REFIT_103203", "stream": "R3_ORIGINAL", "mode": "REAL3_NULLACT"}
/workspace/r10/env_old/lib/python3.12/site-packages/gymnasium/envs/registration.py:729: UserWarning: [33mWARN: The environment is being initialised with render_mode='rgb_array' that is not in the possible render_modes ([]).[0m
  logger.warn(
CEM solve time: 1.2639 seconds
{"completed": 110, "missing": 0, "case": "R6_reacher_01376a746a41e9e26d1e8b2e", "arm": "REFIT_103203", "stream": "R3_ORIGINAL", "mode": "REPEAT3_REALACT"}
/workspace/r10/env_old/lib/python3.12/site-packages/gymnasium/envs/registration.py:729: UserWarning: [33mWARN: The environment is being initialised with render_mode='rgb_array' that is not in the possible render_modes ([]).[0m
  logger.warn(
CEM solve time: 1.2488 seconds
/workspace/r10/env_old/lib/python3.12/site-packages/gymnasium/envs/registration.py:729: UserWarning: [33mWARN: The environment is being initialised with render_mode='rgb_array' that is not in the possible render_modes ([]).[0m
  logger.warn(
CEM solve time: 1.2864 seconds
{"completed": 111, "missing": 0, "case": "R6_reacher_01376a746a41e9e26d1e8b2e", "arm": "REFIT_103203", "stream": "R4_ALT_CEM_1", "mode": "REAL3_NULLACT"}
/workspace/r10/env_old/lib/python3.12/site-packages/gymnasium/envs/registration.py:729: UserWarning: [33mWARN: The environment is being initialised with render_mode='rgb_array' that is not in the possible render_modes ([]).[0m
  logger.warn(
CEM solve time: 1.2478 seconds
{"completed": 112, "missing": 0, "case": "R6_reacher_01376a746a41e9e26d1e8b2e", "arm": "REFIT_103203", "stream": "R4_ALT_CEM_1", "mode": "REPEAT3_REALACT"}
/workspace/r10/env_old/lib/python3.12/site-packages/gymnasium/envs/registration.py:729: UserWarning: [33mWARN: The environment is being initialised with render_mode='rgb_array' that is not in the possible render_modes ([]).[0m
  logger.warn(
CEM solve time: 1.2879 seconds
CEM solve time: 1.2672 seconds
/workspace/r10/env_old/lib/python3.12/site-packages/gymnasium/envs/registration.py:729: UserWarning: [33mWARN: The environment is being initialised with render_mode='rgb_array' that is not in the possible render_modes ([]).[0m
  logger.warn(
CEM solve time: 1.3384 seconds
CEM solve time: 1.2555 seconds
{"completed": 113, "missing": 0, "case": "R6_reacher_01376a746a41e9e26d1e8b2e", "arm": "REFIT_103203", "stream": "R4_ALT_CEM_2", "mode": "REAL3_NULLACT"}
/workspace/r10/env_old/lib/python3.12/site-packages/gymnasium/envs/registration.py:729: UserWarning: [33mWARN: The environment is being initialised with render_mode='rgb_array' that is not in the possible render_modes ([]).[0m
  logger.warn(
CEM solve time: 1.3029 seconds
CEM solve time: 1.2086 seconds
{"completed": 114, "missing": 0, "case": "R6_reacher_01376a746a41e9e26d1e8b2e", "arm": "REFIT_103203", "stream": "R4_ALT_CEM_2", "mode": "REPEAT3_REALACT"}
/workspace/r10/env_old/lib/python3.12/site-packages/gymnasium/envs/registration.py:729: UserWarning: [33mWARN: The environment is being initialised with render_mode='rgb_array' that is not in the possible render_modes ([]).[0m
  logger.warn(
CEM solve time: 1.3199 seconds
CEM solve time: 1.2715 seconds
/workspace/r10/env_old/lib/python3.12/site-packages/gymnasium/envs/registration.py:729: UserWarning: [33mWARN: The environment is being initialised with render_mode='rgb_array' that is not in the possible render_modes ([]).[0m
  logger.warn(
CEM solve time: 1.3173 seconds
CEM solve time: 1.3063 seconds
{"completed": 115, "missing": 0, "case": "R6_reacher_02dc0f9a7b772ddf917ae2e2", "arm": "REFIT_103203", "stream": "R3_ORIGINAL", "mode": "REAL3_NULLACT"}
/workspace/r10/env_old/lib/python3.12/site-packages/gymnasium/envs/registration.py:729: UserWarning: [33mWARN: The environment is being initialised with render_mode='rgb_array' that is not in the possible render_modes ([]).[0m
  logger.warn(
CEM solve time: 1.3165 seconds
CEM solve time: 1.3228 seconds
{"completed": 116, "missing": 0, "case": "R6_reacher_02dc0f9a7b772ddf917ae2e2", "arm": "REFIT_103203", "stream": "R3_ORIGINAL", "mode": "REPEAT3_REALACT"}
/workspace/r10/env_old/lib/python3.12/site-packages/gymnasium/envs/registration.py:729: UserWarning: [33mWARN: The environment is being initialised with render_mode='rgb_array' that is not in the possible render_modes ([]).[0m
  logger.warn(
CEM solve time: 1.3068 seconds
CEM solve time: 1.2859 seconds
/workspace/r10/env_old/lib/python3.12/site-packages/gymnasium/envs/registration.py:729: UserWarning: [33mWARN: The environment is being initialised with render_mode='rgb_array' that is not in the possible render_modes ([]).[0m
  logger.warn(
CEM solve time: 1.3068 seconds
CEM solve time: 1.2957 seconds
{"completed": 117, "missing": 0, "case": "R6_reacher_02dc0f9a7b772ddf917ae2e2", "arm": "REFIT_103203", "stream": "R4_ALT_CEM_1", "mode": "REAL3_NULLACT"}
/workspace/r10/env_old/lib/python3.12/site-packages/gymnasium/envs/registration.py:729: UserWarning: [33mWARN: The environment is being initialised with render_mode='rgb_array' that is not in the possible render_modes ([]).[0m
  logger.warn(
CEM solve time: 1.3033 seconds
CEM solve time: 1.3021 seconds
{"completed": 118, "missing": 0, "case": "R6_reacher_02dc0f9a7b772ddf917ae2e2", "arm": "REFIT_103203", "stream": "R4_ALT_CEM_1", "mode": "REPEAT3_REALACT"}
/workspace/r10/env_old/lib/python3.12/site-packages/gymnasium/envs/registration.py:729: UserWarning: [33mWARN: The environment is being initialised with render_mode='rgb_array' that is not in the possible render_modes ([]).[0m
  logger.warn(
CEM solve time: 1.3035 seconds
CEM solve time: 1.3045 seconds
/workspace/r10/env_old/lib/python3.12/site-packages/gymnasium/envs/registration.py:729: UserWarning: [33mWARN: The environment is being initialised with render_mode='rgb_array' that is not in the possible render_modes ([]).[0m
  logger.warn(
CEM solve time: 1.2326 seconds
CEM solve time: 1.3018 seconds
{"completed": 119, "missing": 0, "case": "R6_reacher_02dc0f9a7b772ddf917ae2e2", "arm": "REFIT_103203", "stream": "R4_ALT_CEM_2", "mode": "REAL3_NULLACT"}
/workspace/r10/env_old/lib/python3.12/site-packages/gymnasium/envs/registration.py:729: UserWarning: [33mWARN: The environment is being initialised with render_mode='rgb_array' that is not in the possible render_modes ([]).[0m
  logger.warn(
CEM solve time: 1.2945 seconds
CEM solve time: 1.3004 seconds
{"completed": 120, "missing": 0, "case": "R6_reacher_02dc0f9a7b772ddf917ae2e2", "arm": "REFIT_103203", "stream": "R4_ALT_CEM_2", "mode": "REPEAT3_REALACT"}
/workspace/r10/env_old/lib/python3.12/site-packages/gymnasium/envs/registration.py:729: UserWarning: [33mWARN: The environment is being initialised with render_mode='rgb_array' that is not in the possible render_modes ([]).[0m
  logger.warn(
CEM solve time: 1.2521 seconds
CEM solve time: 1.3075 seconds
/workspace/r10/env_old/lib/python3.12/site-packages/gymnasium/envs/registration.py:729: UserWarning: [33mWARN: The environment is being initialised with render_mode='rgb_array' that is not in the possible render_modes ([]).[0m
  logger.warn(
CEM solve time: 1.2815 seconds
CEM solve time: 1.2890 seconds
{"completed": 121, "missing": 0, "case": "R6_reacher_04683ac84fb7627e60eba9af", "arm": "REFIT_103203", "stream": "R3_ORIGINAL", "mode": "REAL3_NULLACT"}
/workspace/r10/env_old/lib/python3.12/site-packages/gymnasium/envs/registration.py:729: UserWarning: [33mWARN: The environment is being initialised with render_mode='rgb_array' that is not in the possible render_modes ([]).[0m
  logger.warn(
CEM solve time: 1.3028 seconds
CEM solve time: 1.3019 seconds
{"completed": 122, "missing": 0, "case": "R6_reacher_04683ac84fb7627e60eba9af", "arm": "REFIT_103203", "stream": "R3_ORIGINAL", "mode": "REPEAT3_REALACT"}
/workspace/r10/env_old/lib/python3.12/site-packages/gymnasium/envs/registration.py:729: UserWarning: [33mWARN: The environment is being initialised with render_mode='rgb_array' that is not in the possible render_modes ([]).[0m
  logger.warn(
CEM solve time: 1.2873 seconds
/workspace/r10/env_old/lib/python3.12/site-packages/gymnasium/envs/registration.py:729: UserWarning: [33mWARN: The environment is being initialised with render_mode='rgb_array' that is not in the possible render_modes ([]).[0m
  logger.warn(
CEM solve time: 1.2745 seconds
{"completed": 123, "missing": 0, "case": "R6_reacher_04683ac84fb7627e60eba9af", "arm": "REFIT_103203", "stream": "R4_ALT_CEM_1", "mode": "REAL3_NULLACT"}
/workspace/r10/env_old/lib/python3.12/site-packages/gymnasium/envs/registration.py:729: UserWarning: [33mWARN: The environment is being initialised with render_mode='rgb_array' that is not in the possible render_modes ([]).[0m
  logger.warn(
CEM solve time: 1.3093 seconds
{"completed": 124, "missing": 0, "case": "R6_reacher_04683ac84fb7627e60eba9af", "arm": "REFIT_103203", "stream": "R4_ALT_CEM_1", "mode": "REPEAT3_REALACT"}
/workspace/r10/env_old/lib/python3.12/site-packages/gymnasium/envs/registration.py:729: UserWarning: [33mWARN: The environment is being initialised with render_mode='rgb_array' that is not in the possible render_modes ([]).[0m
  logger.warn(
CEM solve time: 1.2971 seconds
CEM solve time: 1.2728 seconds
/workspace/r10/env_old/lib/python3.12/site-packages/gymnasium/envs/registration.py:729: UserWarning: [33mWARN: The environment is being initialised with render_mode='rgb_array' that is not in the possible render_modes ([]).[0m
  logger.warn(
CEM solve time: 1.3157 seconds
CEM solve time: 1.3088 seconds
{"completed": 125, "missing": 0, "case": "R6_reacher_04683ac84fb7627e60eba9af", "arm": "REFIT_103203", "stream": "R4_ALT_CEM_2", "mode": "REAL3_NULLACT"}
/workspace/r10/env_old/lib/python3.12/site-packages/gymnasium/envs/registration.py:729: UserWarning: [33mWARN: The environment is being initialised with render_mode='rgb_array' that is not in the possible render_modes ([]).[0m
  logger.warn(
CEM solve time: 1.3228 seconds
CEM solve time: 1.2686 seconds
{"completed": 126, "missing": 0, "case": "R6_reacher_04683ac84fb7627e60eba9af", "arm": "REFIT_103203", "stream": "R4_ALT_CEM_2", "mode": "REPEAT3_REALACT"}
/workspace/r10/env_old/lib/python3.12/site-packages/gymnasium/envs/registration.py:729: UserWarning: [33mWARN: The environment is being initialised with render_mode='rgb_array' that is not in the possible render_modes ([]).[0m
  logger.warn(
CEM solve time: 1.3208 seconds
CEM solve time: 1.2760 seconds
/workspace/r10/env_old/lib/python3.12/site-packages/gymnasium/envs/registration.py:729: UserWarning: [33mWARN: The environment is being initialised with render_mode='rgb_array' that is not in the possible render_modes ([]).[0m
  logger.warn(
CEM solve time: 1.2841 seconds
CEM solve time: 1.2775 seconds
{"completed": 127, "missing": 0, "case": "R6_reacher_0642735d2daa02558c1d8737", "arm": "REFIT_103203", "stream": "R3_ORIGINAL", "mode": "REAL3_NULLACT"}
/workspace/r10/env_old/lib/python3.12/site-packages/gymnasium/envs/registration.py:729: UserWarning: [33mWARN: The environment is being initialised with render_mode='rgb_array' that is not in the possible render_modes ([]).[0m
  logger.warn(
CEM solve time: 1.3259 seconds
CEM solve time: 1.2955 seconds
{"completed": 128, "missing": 0, "case": "R6_reacher_0642735d2daa02558c1d8737", "arm": "REFIT_103203", "stream": "R3_ORIGINAL", "mode": "REPEAT3_REALACT"}
/workspace/r10/env_old/lib/python3.12/site-packages/gymnasium/envs/registration.py:729: UserWarning: [33mWARN: The environment is being initialised with render_mode='rgb_array' that is not in the possible render_modes ([]).[0m
  logger.warn(
CEM solve time: 1.2934 seconds
CEM solve time: 1.2874 seconds
/workspace/r10/env_old/lib/python3.12/site-packages/gymnasium/envs/registration.py:729: UserWarning: [33mWARN: The environment is being initialised with render_mode='rgb_array' that is not in the possible render_modes ([]).[0m
  logger.warn(
CEM solve time: 1.3143 seconds
CEM solve time: 1.2668 seconds
{"completed": 129, "missing": 0, "case": "R6_reacher_0642735d2daa02558c1d8737", "arm": "REFIT_103203", "stream": "R4_ALT_CEM_1", "mode": "REAL3_NULLACT"}
/workspace/r10/env_old/lib/python3.12/site-packages/gymnasium/envs/registration.py:729: UserWarning: [33mWARN: The environment is being initialised with render_mode='rgb_array' that is not in the possible render_modes ([]).[0m
  logger.warn(
CEM solve time: 1.3197 seconds
CEM solve time: 1.2958 seconds
{"completed": 130, "missing": 0, "case": "R6_reacher_0642735d2daa02558c1d8737", "arm": "REFIT_103203", "stream": "R4_ALT_CEM_1", "mode": "REPEAT3_REALACT"}
/workspace/r10/env_old/lib/python3.12/site-packages/gymnasium/envs/registration.py:729: UserWarning: [33mWARN: The environment is being initialised with render_mode='rgb_array' that is not in the possible render_modes ([]).[0m
  logger.warn(
CEM solve time: 1.3063 seconds
CEM solve time: 1.2223 seconds
/workspace/r10/env_old/lib/python3.12/site-packages/gymnasium/envs/registration.py:729: UserWarning: [33mWARN: The environment is being initialised with render_mode='rgb_array' that is not in the possible render_modes ([]).[0m
  logger.warn(
CEM solve time: 1.2828 seconds
CEM solve time: 1.1871 seconds
{"completed": 131, "missing": 0, "case": "R6_reacher_0642735d2daa02558c1d8737", "arm": "REFIT_103203", "stream": "R4_ALT_CEM_2", "mode": "REAL3_NULLACT"}
/workspace/r10/env_old/lib/python3.12/site-packages/gymnasium/envs/registration.py:729: UserWarning: [33mWARN: The environment is being initialised with render_mode='rgb_array' that is not in the possible render_modes ([]).[0m
  logger.warn(
CEM solve time: 1.2782 seconds
CEM solve time: 1.1769 seconds
{"completed": 132, "missing": 0, "case": "R6_reacher_0642735d2daa02558c1d8737", "arm": "REFIT_103203", "stream": "R4_ALT_CEM_2", "mode": "REPEAT3_REALACT"}
/workspace/r10/env_old/lib/python3.12/site-packages/gymnasium/envs/registration.py:729: UserWarning: [33mWARN: The environment is being initialised with render_mode='rgb_array' that is not in the possible render_modes ([]).[0m
  logger.warn(
CEM solve time: 1.1724 seconds
CEM solve time: 1.1700 seconds
/workspace/r10/env_old/lib/python3.12/site-packages/gymnasium/envs/registration.py:729: UserWarning: [33mWARN: The environment is being initialised with render_mode='rgb_array' that is not in the possible render_modes ([]).[0m
  logger.warn(
CEM solve time: 1.1959 seconds
CEM solve time: 1.2255 seconds
{"completed": 133, "missing": 0, "case": "R6_reacher_0836c96bfa0e02e08d4dc536", "arm": "REFIT_103203", "stream": "R3_ORIGINAL", "mode": "REAL3_NULLACT"}
/workspace/r10/env_old/lib/python3.12/site-packages/gymnasium/envs/registration.py:729: UserWarning: [33mWARN: The environment is being initialised with render_mode='rgb_array' that is not in the possible render_modes ([]).[0m
  logger.warn(
CEM solve time: 1.2242 seconds
CEM solve time: 1.1910 seconds
{"completed": 134, "missing": 0, "case": "R6_reacher_0836c96bfa0e02e08d4dc536", "arm": "REFIT_103203", "stream": "R3_ORIGINAL", "mode": "REPEAT3_REALACT"}
/workspace/r10/env_old/lib/python3.12/site-packages/gymnasium/envs/registration.py:729: UserWarning: [33mWARN: The environment is being initialised with render_mode='rgb_array' that is not in the possible render_modes ([]).[0m
  logger.warn(
CEM solve time: 1.1823 seconds
/workspace/r10/env_old/lib/python3.12/site-packages/gymnasium/envs/registration.py:729: UserWarning: [33mWARN: The environment is being initialised with render_mode='rgb_array' that is not in the possible render_modes ([]).[0m
  logger.warn(
CEM solve time: 1.2549 seconds
{"completed": 135, "missing": 0, "case": "R6_reacher_0836c96bfa0e02e08d4dc536", "arm": "REFIT_103203", "stream": "R4_ALT_CEM_1", "mode": "REAL3_NULLACT"}
/workspace/r10/env_old/lib/python3.12/site-packages/gymnasium/envs/registration.py:729: UserWarning: [33mWARN: The environment is being initialised with render_mode='rgb_array' that is not in the possible render_modes ([]).[0m
  logger.warn(
CEM solve time: 1.1922 seconds
{"completed": 136, "missing": 0, "case": "R6_reacher_0836c96bfa0e02e08d4dc536", "arm": "REFIT_103203", "stream": "R4_ALT_CEM_1", "mode": "REPEAT3_REALACT"}
/workspace/r10/env_old/lib/python3.12/site-packages/gymnasium/envs/registration.py:729: UserWarning: [33mWARN: The environment is being initialised with render_mode='rgb_array' that is not in the possible render_modes ([]).[0m
  logger.warn(
CEM solve time: 1.1691 seconds
CEM solve time: 1.1406 seconds
/workspace/r10/env_old/lib/python3.12/site-packages/gymnasium/envs/registration.py:729: UserWarning: [33mWARN: The environment is being initialised with render_mode='rgb_array' that is not in the possible render_modes ([]).[0m
  logger.warn(
CEM solve time: 1.1815 seconds
CEM solve time: 1.1691 seconds
{"completed": 137, "missing": 0, "case": "R6_reacher_0836c96bfa0e02e08d4dc536", "arm": "REFIT_103203", "stream": "R4_ALT_CEM_2", "mode": "REAL3_NULLACT"}
/workspace/r10/env_old/lib/python3.12/site-packages/gymnasium/envs/registration.py:729: UserWarning: [33mWARN: The environment is being initialised with render_mode='rgb_array' that is not in the possible render_modes ([]).[0m
  logger.warn(
CEM solve time: 1.1887 seconds
CEM solve time: 1.1810 seconds
{"completed": 138, "missing": 0, "case": "R6_reacher_0836c96bfa0e02e08d4dc536", "arm": "REFIT_103203", "stream": "R4_ALT_CEM_2", "mode": "REPEAT3_REALACT"}
/workspace/r10/env_old/lib/python3.12/site-packages/gymnasium/envs/registration.py:729: UserWarning: [33mWARN: The environment is being initialised with render_mode='rgb_array' that is not in the possible render_modes ([]).[0m
  logger.warn(
CEM solve time: 1.1777 seconds
/workspace/r10/env_old/lib/python3.12/site-packages/gymnasium/envs/registration.py:729: UserWarning: [33mWARN: The environment is being initialised with render_mode='rgb_array' that is not in the possible render_modes ([]).[0m
  logger.warn(
CEM solve time: 1.1110 seconds
{"completed": 139, "missing": 0, "case": "R6_reacher_096c43e05c7b22dbd8c24748", "arm": "REFIT_103203", "stream": "R3_ORIGINAL", "mode": "REAL3_NULLACT"}
/workspace/r10/env_old/lib/python3.12/site-packages/gymnasium/envs/registration.py:729: UserWarning: [33mWARN: The environment is being initialised with render_mode='rgb_array' that is not in the possible render_modes ([]).[0m
  logger.warn(
CEM solve time: 1.1241 seconds
{"completed": 140, "missing": 0, "case": "R6_reacher_096c43e05c7b22dbd8c24748", "arm": "REFIT_103203", "stream": "R3_ORIGINAL", "mode": "REPEAT3_REALACT"}
/workspace/r10/env_old/lib/python3.12/site-packages/gymnasium/envs/registration.py:729: UserWarning: [33mWARN: The environment is being initialised with render_mode='rgb_array' that is not in the possible render_modes ([]).[0m
  logger.warn(
CEM solve time: 1.1106 seconds
/workspace/r10/env_old/lib/python3.12/site-packages/gymnasium/envs/registration.py:729: UserWarning: [33mWARN: The environment is being initialised with render_mode='rgb_array' that is not in the possible render_modes ([]).[0m
  logger.warn(
CEM solve time: 1.1704 seconds
{"completed": 141, "missing": 0, "case": "R6_reacher_096c43e05c7b22dbd8c24748", "arm": "REFIT_103203", "stream": "R4_ALT_CEM_1", "mode": "REAL3_NULLACT"}
/workspace/r10/env_old/lib/python3.12/site-packages/gymnasium/envs/registration.py:729: UserWarning: [33mWARN: The environment is being initialised with render_mode='rgb_array' that is not in the possible render_modes ([]).[0m
  logger.warn(
CEM solve time: 1.1308 seconds
{"completed": 142, "missing": 0, "case": "R6_reacher_096c43e05c7b22dbd8c24748", "arm": "REFIT_103203", "stream": "R4_ALT_CEM_1", "mode": "REPEAT3_REALACT"}
/workspace/r10/env_old/lib/python3.12/site-packages/gymnasium/envs/registration.py:729: UserWarning: [33mWARN: The environment is being initialised with render_mode='rgb_array' that is not in the possible render_modes ([]).[0m
  logger.warn(
CEM solve time: 1.1527 seconds
/workspace/r10/env_old/lib/python3.12/site-packages/gymnasium/envs/registration.py:729: UserWarning: [33mWARN: The environment is being initialised with render_mode='rgb_array' that is not in the possible render_modes ([]).[0m
  logger.warn(
CEM solve time: 1.1255 seconds
{"completed": 143, "missing": 0, "case": "R6_reacher_096c43e05c7b22dbd8c24748", "arm": "REFIT_103203", "stream": "R4_ALT_CEM_2", "mode": "REAL3_NULLACT"}
/workspace/r10/env_old/lib/python3.12/site-packages/gymnasium/envs/registration.py:729: UserWarning: [33mWARN: The environment is being initialised with render_mode='rgb_array' that is not in the possible render_modes ([]).[0m
  logger.warn(
CEM solve time: 1.1165 seconds
{"completed": 144, "missing": 0, "case": "R6_reacher_096c43e05c7b22dbd8c24748", "arm": "REFIT_103203", "stream": "R4_ALT_CEM_2", "mode": "REPEAT3_REALACT"}
