/workspace/r10/shared_data/r3/source/swm_compat/stable_worldmodel/envs/__init__.py:215: UserWarning: ale-py not found; ALE/* envs are unavailable. Install with: pip install 'stable-worldmodel[env]' or pip install ale-py.
  from stable_worldmodel.envs import ale  # noqa: F401
/workspace/r10/env_old/lib/python3.12/site-packages/gymnasium/envs/registration.py:729: UserWarning: [33mWARN: The environment is being initialised with render_mode='rgb_array' that is not in the possible render_modes ([]).[0m
  logger.warn(
CEM solve time: 1.8243 seconds
/workspace/r10/env_old/lib/python3.12/site-packages/gymnasium/envs/registration.py:729: UserWarning: [33mWARN: The environment is being initialised with render_mode='rgb_array' that is not in the possible render_modes ([]).[0m
  logger.warn(
CEM solve time: 1.3299 seconds
{"completed": 1, "missing": 0, "case": "R6_reacher_011ea9fb18f79bb320718d2e", "arm": "H0", "stream": "R3_ORIGINAL", "mode": "REAL3_NULLACT"}
/workspace/r10/env_old/lib/python3.12/site-packages/gymnasium/envs/registration.py:729: UserWarning: [33mWARN: The environment is being initialised with render_mode='rgb_array' that is not in the possible render_modes ([]).[0m
  logger.warn(
CEM solve time: 1.3351 seconds
{"completed": 2, "missing": 0, "case": "R6_reacher_011ea9fb18f79bb320718d2e", "arm": "H0", "stream": "R3_ORIGINAL", "mode": "REPEAT3_REALACT"}
/workspace/r10/env_old/lib/python3.12/site-packages/gymnasium/envs/registration.py:729: UserWarning: [33mWARN: The environment is being initialised with render_mode='rgb_array' that is not in the possible render_modes ([]).[0m
  logger.warn(
CEM solve time: 1.3396 seconds
CEM solve time: 1.3348 seconds
/workspace/r10/env_old/lib/python3.12/site-packages/gymnasium/envs/registration.py:729: UserWarning: [33mWARN: The environment is being initialised with render_mode='rgb_array' that is not in the possible render_modes ([]).[0m
  logger.warn(
CEM solve time: 1.3208 seconds
CEM solve time: 1.3241 seconds
{"completed": 3, "missing": 0, "case": "R6_reacher_011ea9fb18f79bb320718d2e", "arm": "H0", "stream": "R4_ALT_CEM_1", "mode": "REAL3_NULLACT"}
/workspace/r10/env_old/lib/python3.12/site-packages/gymnasium/envs/registration.py:729: UserWarning: [33mWARN: The environment is being initialised with render_mode='rgb_array' that is not in the possible render_modes ([]).[0m
  logger.warn(
CEM solve time: 1.2914 seconds
CEM solve time: 1.3594 seconds
{"completed": 4, "missing": 0, "case": "R6_reacher_011ea9fb18f79bb320718d2e", "arm": "H0", "stream": "R4_ALT_CEM_1", "mode": "REPEAT3_REALACT"}
/workspace/r10/env_old/lib/python3.12/site-packages/gymnasium/envs/registration.py:729: UserWarning: [33mWARN: The environment is being initialised with render_mode='rgb_array' that is not in the possible render_modes ([]).[0m
  logger.warn(
CEM solve time: 1.3132 seconds
/workspace/r10/env_old/lib/python3.12/site-packages/gymnasium/envs/registration.py:729: UserWarning: [33mWARN: The environment is being initialised with render_mode='rgb_array' that is not in the possible render_modes ([]).[0m
  logger.warn(
CEM solve time: 1.3432 seconds
{"completed": 5, "missing": 0, "case": "R6_reacher_011ea9fb18f79bb320718d2e", "arm": "H0", "stream": "R4_ALT_CEM_2", "mode": "REAL3_NULLACT"}
/workspace/r10/env_old/lib/python3.12/site-packages/gymnasium/envs/registration.py:729: UserWarning: [33mWARN: The environment is being initialised with render_mode='rgb_array' that is not in the possible render_modes ([]).[0m
  logger.warn(
CEM solve time: 1.3253 seconds
{"completed": 6, "missing": 0, "case": "R6_reacher_011ea9fb18f79bb320718d2e", "arm": "H0", "stream": "R4_ALT_CEM_2", "mode": "REPEAT3_REALACT"}
/workspace/r10/env_old/lib/python3.12/site-packages/gymnasium/envs/registration.py:729: UserWarning: [33mWARN: The environment is being initialised with render_mode='rgb_array' that is not in the possible render_modes ([]).[0m
  logger.warn(
CEM solve time: 1.3200 seconds
CEM solve time: 1.3341 seconds
/workspace/r10/env_old/lib/python3.12/site-packages/gymnasium/envs/registration.py:729: UserWarning: [33mWARN: The environment is being initialised with render_mode='rgb_array' that is not in the possible render_modes ([]).[0m
  logger.warn(
CEM solve time: 1.3191 seconds
CEM solve time: 1.3360 seconds
{"completed": 7, "missing": 0, "case": "R6_reacher_02bf9b5015a6d24cafbda1dd", "arm": "H0", "stream": "R3_ORIGINAL", "mode": "REAL3_NULLACT"}
/workspace/r10/env_old/lib/python3.12/site-packages/gymnasium/envs/registration.py:729: UserWarning: [33mWARN: The environment is being initialised with render_mode='rgb_array' that is not in the possible render_modes ([]).[0m
  logger.warn(
CEM solve time: 1.3203 seconds
CEM solve time: 1.3262 seconds
{"completed": 8, "missing": 0, "case": "R6_reacher_02bf9b5015a6d24cafbda1dd", "arm": "H0", "stream": "R3_ORIGINAL", "mode": "REPEAT3_REALACT"}
/workspace/r10/env_old/lib/python3.12/site-packages/gymnasium/envs/registration.py:729: UserWarning: [33mWARN: The environment is being initialised with render_mode='rgb_array' that is not in the possible render_modes ([]).[0m
  logger.warn(
CEM solve time: 1.3487 seconds
CEM solve time: 1.3159 seconds
/workspace/r10/env_old/lib/python3.12/site-packages/gymnasium/envs/registration.py:729: UserWarning: [33mWARN: The environment is being initialised with render_mode='rgb_array' that is not in the possible render_modes ([]).[0m
  logger.warn(
CEM solve time: 1.3233 seconds
CEM solve time: 1.3308 seconds
{"completed": 9, "missing": 0, "case": "R6_reacher_02bf9b5015a6d24cafbda1dd", "arm": "H0", "stream": "R4_ALT_CEM_1", "mode": "REAL3_NULLACT"}
/workspace/r10/env_old/lib/python3.12/site-packages/gymnasium/envs/registration.py:729: UserWarning: [33mWARN: The environment is being initialised with render_mode='rgb_array' that is not in the possible render_modes ([]).[0m
  logger.warn(
CEM solve time: 1.3143 seconds
CEM solve time: 1.3382 seconds
{"completed": 10, "missing": 0, "case": "R6_reacher_02bf9b5015a6d24cafbda1dd", "arm": "H0", "stream": "R4_ALT_CEM_1", "mode": "REPEAT3_REALACT"}
/workspace/r10/env_old/lib/python3.12/site-packages/gymnasium/envs/registration.py:729: UserWarning: [33mWARN: The environment is being initialised with render_mode='rgb_array' that is not in the possible render_modes ([]).[0m
  logger.warn(
CEM solve time: 1.3347 seconds
CEM solve time: 1.3100 seconds
/workspace/r10/env_old/lib/python3.12/site-packages/gymnasium/envs/registration.py:729: UserWarning: [33mWARN: The environment is being initialised with render_mode='rgb_array' that is not in the possible render_modes ([]).[0m
  logger.warn(
CEM solve time: 1.3196 seconds
CEM solve time: 1.3218 seconds
{"completed": 11, "missing": 0, "case": "R6_reacher_02bf9b5015a6d24cafbda1dd", "arm": "H0", "stream": "R4_ALT_CEM_2", "mode": "REAL3_NULLACT"}
/workspace/r10/env_old/lib/python3.12/site-packages/gymnasium/envs/registration.py:729: UserWarning: [33mWARN: The environment is being initialised with render_mode='rgb_array' that is not in the possible render_modes ([]).[0m
  logger.warn(
CEM solve time: 1.3216 seconds
CEM solve time: 1.3224 seconds
{"completed": 12, "missing": 0, "case": "R6_reacher_02bf9b5015a6d24cafbda1dd", "arm": "H0", "stream": "R4_ALT_CEM_2", "mode": "REPEAT3_REALACT"}
/workspace/r10/env_old/lib/python3.12/site-packages/gymnasium/envs/registration.py:729: UserWarning: [33mWARN: The environment is being initialised with render_mode='rgb_array' that is not in the possible render_modes ([]).[0m
  logger.warn(
CEM solve time: 1.3041 seconds
CEM solve time: 1.3042 seconds
/workspace/r10/env_old/lib/python3.12/site-packages/gymnasium/envs/registration.py:729: UserWarning: [33mWARN: The environment is being initialised with render_mode='rgb_array' that is not in the possible render_modes ([]).[0m
  logger.warn(
CEM solve time: 1.3193 seconds
CEM solve time: 1.3257 seconds
{"completed": 13, "missing": 0, "case": "R6_reacher_04323b4ed17bb5ed62619b74", "arm": "H0", "stream": "R3_ORIGINAL", "mode": "REAL3_NULLACT"}
/workspace/r10/env_old/lib/python3.12/site-packages/gymnasium/envs/registration.py:729: UserWarning: [33mWARN: The environment is being initialised with render_mode='rgb_array' that is not in the possible render_modes ([]).[0m
  logger.warn(
CEM solve time: 1.3042 seconds
CEM solve time: 1.3356 seconds
{"completed": 14, "missing": 0, "case": "R6_reacher_04323b4ed17bb5ed62619b74", "arm": "H0", "stream": "R3_ORIGINAL", "mode": "REPEAT3_REALACT"}
/workspace/r10/env_old/lib/python3.12/site-packages/gymnasium/envs/registration.py:729: UserWarning: [33mWARN: The environment is being initialised with render_mode='rgb_array' that is not in the possible render_modes ([]).[0m
  logger.warn(
CEM solve time: 1.2956 seconds
/workspace/r10/env_old/lib/python3.12/site-packages/gymnasium/envs/registration.py:729: UserWarning: [33mWARN: The environment is being initialised with render_mode='rgb_array' that is not in the possible render_modes ([]).[0m
  logger.warn(
CEM solve time: 1.3030 seconds
{"completed": 15, "missing": 0, "case": "R6_reacher_04323b4ed17bb5ed62619b74", "arm": "H0", "stream": "R4_ALT_CEM_1", "mode": "REAL3_NULLACT"}
/workspace/r10/env_old/lib/python3.12/site-packages/gymnasium/envs/registration.py:729: UserWarning: [33mWARN: The environment is being initialised with render_mode='rgb_array' that is not in the possible render_modes ([]).[0m
  logger.warn(
CEM solve time: 1.3289 seconds
{"completed": 16, "missing": 0, "case": "R6_reacher_04323b4ed17bb5ed62619b74", "arm": "H0", "stream": "R4_ALT_CEM_1", "mode": "REPEAT3_REALACT"}
/workspace/r10/env_old/lib/python3.12/site-packages/gymnasium/envs/registration.py:729: UserWarning: [33mWARN: The environment is being initialised with render_mode='rgb_array' that is not in the possible render_modes ([]).[0m
  logger.warn(
CEM solve time: 1.3283 seconds
/workspace/r10/env_old/lib/python3.12/site-packages/gymnasium/envs/registration.py:729: UserWarning: [33mWARN: The environment is being initialised with render_mode='rgb_array' that is not in the possible render_modes ([]).[0m
  logger.warn(
CEM solve time: 1.3376 seconds
{"completed": 17, "missing": 0, "case": "R6_reacher_04323b4ed17bb5ed62619b74", "arm": "H0", "stream": "R4_ALT_CEM_2", "mode": "REAL3_NULLACT"}
/workspace/r10/env_old/lib/python3.12/site-packages/gymnasium/envs/registration.py:729: UserWarning: [33mWARN: The environment is being initialised with render_mode='rgb_array' that is not in the possible render_modes ([]).[0m
  logger.warn(
CEM solve time: 1.3499 seconds
{"completed": 18, "missing": 0, "case": "R6_reacher_04323b4ed17bb5ed62619b74", "arm": "H0", "stream": "R4_ALT_CEM_2", "mode": "REPEAT3_REALACT"}
/workspace/r10/env_old/lib/python3.12/site-packages/gymnasium/envs/registration.py:729: UserWarning: [33mWARN: The environment is being initialised with render_mode='rgb_array' that is not in the possible render_modes ([]).[0m
  logger.warn(
CEM solve time: 1.3396 seconds
CEM solve time: 1.3177 seconds
/workspace/r10/env_old/lib/python3.12/site-packages/gymnasium/envs/registration.py:729: UserWarning: [33mWARN: The environment is being initialised with render_mode='rgb_array' that is not in the possible render_modes ([]).[0m
  logger.warn(
CEM solve time: 1.3257 seconds
CEM solve time: 1.2989 seconds
{"completed": 19, "missing": 0, "case": "R6_reacher_0604aded9586b94217e9ae71", "arm": "H0", "stream": "R3_ORIGINAL", "mode": "REAL3_NULLACT"}
/workspace/r10/env_old/lib/python3.12/site-packages/gymnasium/envs/registration.py:729: UserWarning: [33mWARN: The environment is being initialised with render_mode='rgb_array' that is not in the possible render_modes ([]).[0m
  logger.warn(
CEM solve time: 1.3326 seconds
CEM solve time: 1.3271 seconds
{"completed": 20, "missing": 0, "case": "R6_reacher_0604aded9586b94217e9ae71", "arm": "H0", "stream": "R3_ORIGINAL", "mode": "REPEAT3_REALACT"}
/workspace/r10/env_old/lib/python3.12/site-packages/gymnasium/envs/registration.py:729: UserWarning: [33mWARN: The environment is being initialised with render_mode='rgb_array' that is not in the possible render_modes ([]).[0m
  logger.warn(
CEM solve time: 1.3405 seconds
CEM solve time: 1.3097 seconds
/workspace/r10/env_old/lib/python3.12/site-packages/gymnasium/envs/registration.py:729: UserWarning: [33mWARN: The environment is being initialised with render_mode='rgb_array' that is not in the possible render_modes ([]).[0m
  logger.warn(
CEM solve time: 1.3341 seconds
CEM solve time: 1.2849 seconds
{"completed": 21, "missing": 0, "case": "R6_reacher_0604aded9586b94217e9ae71", "arm": "H0", "stream": "R4_ALT_CEM_1", "mode": "REAL3_NULLACT"}
/workspace/r10/env_old/lib/python3.12/site-packages/gymnasium/envs/registration.py:729: UserWarning: [33mWARN: The environment is being initialised with render_mode='rgb_array' that is not in the possible render_modes ([]).[0m
  logger.warn(
CEM solve time: 1.3484 seconds
CEM solve time: 1.3131 seconds
{"completed": 22, "missing": 0, "case": "R6_reacher_0604aded9586b94217e9ae71", "arm": "H0", "stream": "R4_ALT_CEM_1", "mode": "REPEAT3_REALACT"}
/workspace/r10/env_old/lib/python3.12/site-packages/gymnasium/envs/registration.py:729: UserWarning: [33mWARN: The environment is being initialised with render_mode='rgb_array' that is not in the possible render_modes ([]).[0m
  logger.warn(
CEM solve time: 1.3433 seconds
CEM solve time: 1.2919 seconds
/workspace/r10/env_old/lib/python3.12/site-packages/gymnasium/envs/registration.py:729: UserWarning: [33mWARN: The environment is being initialised with render_mode='rgb_array' that is not in the possible render_modes ([]).[0m
  logger.warn(
CEM solve time: 1.3421 seconds
CEM solve time: 1.3291 seconds
{"completed": 23, "missing": 0, "case": "R6_reacher_0604aded9586b94217e9ae71", "arm": "H0", "stream": "R4_ALT_CEM_2", "mode": "REAL3_NULLACT"}
/workspace/r10/env_old/lib/python3.12/site-packages/gymnasium/envs/registration.py:729: UserWarning: [33mWARN: The environment is being initialised with render_mode='rgb_array' that is not in the possible render_modes ([]).[0m
  logger.warn(
CEM solve time: 1.3525 seconds
CEM solve time: 1.3253 seconds
{"completed": 24, "missing": 0, "case": "R6_reacher_0604aded9586b94217e9ae71", "arm": "H0", "stream": "R4_ALT_CEM_2", "mode": "REPEAT3_REALACT"}
/workspace/r10/env_old/lib/python3.12/site-packages/gymnasium/envs/registration.py:729: UserWarning: [33mWARN: The environment is being initialised with render_mode='rgb_array' that is not in the possible render_modes ([]).[0m
  logger.warn(
CEM solve time: 1.3291 seconds
CEM solve time: 1.2947 seconds
/workspace/r10/env_old/lib/python3.12/site-packages/gymnasium/envs/registration.py:729: UserWarning: [33mWARN: The environment is being initialised with render_mode='rgb_array' that is not in the possible render_modes ([]).[0m
  logger.warn(
CEM solve time: 1.3110 seconds
CEM solve time: 1.3349 seconds
{"completed": 25, "missing": 0, "case": "R6_reacher_07f453cb26b9a6852312cfaf", "arm": "H0", "stream": "R3_ORIGINAL", "mode": "REAL3_NULLACT"}
/workspace/r10/env_old/lib/python3.12/site-packages/gymnasium/envs/registration.py:729: UserWarning: [33mWARN: The environment is being initialised with render_mode='rgb_array' that is not in the possible render_modes ([]).[0m
  logger.warn(
CEM solve time: 1.3014 seconds
CEM solve time: 1.3300 seconds
{"completed": 26, "missing": 0, "case": "R6_reacher_07f453cb26b9a6852312cfaf", "arm": "H0", "stream": "R3_ORIGINAL", "mode": "REPEAT3_REALACT"}
/workspace/r10/env_old/lib/python3.12/site-packages/gymnasium/envs/registration.py:729: UserWarning: [33mWARN: The environment is being initialised with render_mode='rgb_array' that is not in the possible render_modes ([]).[0m
  logger.warn(
CEM solve time: 1.3322 seconds
/workspace/r10/env_old/lib/python3.12/site-packages/gymnasium/envs/registration.py:729: UserWarning: [33mWARN: The environment is being initialised with render_mode='rgb_array' that is not in the possible render_modes ([]).[0m
  logger.warn(
CEM solve time: 1.3443 seconds
{"completed": 27, "missing": 0, "case": "R6_reacher_07f453cb26b9a6852312cfaf", "arm": "H0", "stream": "R4_ALT_CEM_1", "mode": "REAL3_NULLACT"}
/workspace/r10/env_old/lib/python3.12/site-packages/gymnasium/envs/registration.py:729: UserWarning: [33mWARN: The environment is being initialised with render_mode='rgb_array' that is not in the possible render_modes ([]).[0m
  logger.warn(
CEM solve time: 1.3402 seconds
{"completed": 28, "missing": 0, "case": "R6_reacher_07f453cb26b9a6852312cfaf", "arm": "H0", "stream": "R4_ALT_CEM_1", "mode": "REPEAT3_REALACT"}
/workspace/r10/env_old/lib/python3.12/site-packages/gymnasium/envs/registration.py:729: UserWarning: [33mWARN: The environment is being initialised with render_mode='rgb_array' that is not in the possible render_modes ([]).[0m
  logger.warn(
CEM solve time: 1.3311 seconds
/workspace/r10/env_old/lib/python3.12/site-packages/gymnasium/envs/registration.py:729: UserWarning: [33mWARN: The environment is being initialised with render_mode='rgb_array' that is not in the possible render_modes ([]).[0m
  logger.warn(
CEM solve time: 1.3056 seconds
{"completed": 29, "missing": 0, "case": "R6_reacher_07f453cb26b9a6852312cfaf", "arm": "H0", "stream": "R4_ALT_CEM_2", "mode": "REAL3_NULLACT"}
/workspace/r10/env_old/lib/python3.12/site-packages/gymnasium/envs/registration.py:729: UserWarning: [33mWARN: The environment is being initialised with render_mode='rgb_array' that is not in the possible render_modes ([]).[0m
  logger.warn(
CEM solve time: 1.2854 seconds
{"completed": 30, "missing": 0, "case": "R6_reacher_07f453cb26b9a6852312cfaf", "arm": "H0", "stream": "R4_ALT_CEM_2", "mode": "REPEAT3_REALACT"}
/workspace/r10/env_old/lib/python3.12/site-packages/gymnasium/envs/registration.py:729: UserWarning: [33mWARN: The environment is being initialised with render_mode='rgb_array' that is not in the possible render_modes ([]).[0m
  logger.warn(
CEM solve time: 1.3457 seconds
/workspace/r10/env_old/lib/python3.12/site-packages/gymnasium/envs/registration.py:729: UserWarning: [33mWARN: The environment is being initialised with render_mode='rgb_array' that is not in the possible render_modes ([]).[0m
  logger.warn(
CEM solve time: 1.3211 seconds
{"completed": 31, "missing": 0, "case": "R6_reacher_0958072154ac56b71d457e80", "arm": "H0", "stream": "R3_ORIGINAL", "mode": "REAL3_NULLACT"}
/workspace/r10/env_old/lib/python3.12/site-packages/gymnasium/envs/registration.py:729: UserWarning: [33mWARN: The environment is being initialised with render_mode='rgb_array' that is not in the possible render_modes ([]).[0m
  logger.warn(
CEM solve time: 1.3128 seconds
{"completed": 32, "missing": 0, "case": "R6_reacher_0958072154ac56b71d457e80", "arm": "H0", "stream": "R3_ORIGINAL", "mode": "REPEAT3_REALACT"}
/workspace/r10/env_old/lib/python3.12/site-packages/gymnasium/envs/registration.py:729: UserWarning: [33mWARN: The environment is being initialised with render_mode='rgb_array' that is not in the possible render_modes ([]).[0m
  logger.warn(
CEM solve time: 1.2999 seconds
CEM solve time: 1.3133 seconds
/workspace/r10/env_old/lib/python3.12/site-packages/gymnasium/envs/registration.py:729: UserWarning: [33mWARN: The environment is being initialised with render_mode='rgb_array' that is not in the possible render_modes ([]).[0m
  logger.warn(
CEM solve time: 1.3382 seconds
CEM solve time: 1.3283 seconds
{"completed": 33, "missing": 0, "case": "R6_reacher_0958072154ac56b71d457e80", "arm": "H0", "stream": "R4_ALT_CEM_1", "mode": "REAL3_NULLACT"}
/workspace/r10/env_old/lib/python3.12/site-packages/gymnasium/envs/registration.py:729: UserWarning: [33mWARN: The environment is being initialised with render_mode='rgb_array' that is not in the possible render_modes ([]).[0m
  logger.warn(
CEM solve time: 1.3308 seconds
CEM solve time: 1.3458 seconds
{"completed": 34, "missing": 0, "case": "R6_reacher_0958072154ac56b71d457e80", "arm": "H0", "stream": "R4_ALT_CEM_1", "mode": "REPEAT3_REALACT"}
/workspace/r10/env_old/lib/python3.12/site-packages/gymnasium/envs/registration.py:729: UserWarning: [33mWARN: The environment is being initialised with render_mode='rgb_array' that is not in the possible render_modes ([]).[0m
  logger.warn(
CEM solve time: 1.3232 seconds
/workspace/r10/env_old/lib/python3.12/site-packages/gymnasium/envs/registration.py:729: UserWarning: [33mWARN: The environment is being initialised with render_mode='rgb_array' that is not in the possible render_modes ([]).[0m
  logger.warn(
CEM solve time: 1.3354 seconds
{"completed": 35, "missing": 0, "case": "R6_reacher_0958072154ac56b71d457e80", "arm": "H0", "stream": "R4_ALT_CEM_2", "mode": "REAL3_NULLACT"}
/workspace/r10/env_old/lib/python3.12/site-packages/gymnasium/envs/registration.py:729: UserWarning: [33mWARN: The environment is being initialised with render_mode='rgb_array' that is not in the possible render_modes ([]).[0m
  logger.warn(
CEM solve time: 1.3133 seconds
{"completed": 36, "missing": 0, "case": "R6_reacher_0958072154ac56b71d457e80", "arm": "H0", "stream": "R4_ALT_CEM_2", "mode": "REPEAT3_REALACT"}
/workspace/r10/env_old/lib/python3.12/site-packages/gymnasium/envs/registration.py:729: UserWarning: [33mWARN: The environment is being initialised with render_mode='rgb_array' that is not in the possible render_modes ([]).[0m
  logger.warn(
CEM solve time: 1.3405 seconds
/workspace/r10/env_old/lib/python3.12/site-packages/gymnasium/envs/registration.py:729: UserWarning: [33mWARN: The environment is being initialised with render_mode='rgb_array' that is not in the possible render_modes ([]).[0m
  logger.warn(
CEM solve time: 1.3262 seconds
{"completed": 37, "missing": 0, "case": "R6_reacher_0abbe32b49558f890c57967a", "arm": "H0", "stream": "R3_ORIGINAL", "mode": "REAL3_NULLACT"}
/workspace/r10/env_old/lib/python3.12/site-packages/gymnasium/envs/registration.py:729: UserWarning: [33mWARN: The environment is being initialised with render_mode='rgb_array' that is not in the possible render_modes ([]).[0m
  logger.warn(
CEM solve time: 1.3070 seconds
{"completed": 38, "missing": 0, "case": "R6_reacher_0abbe32b49558f890c57967a", "arm": "H0", "stream": "R3_ORIGINAL", "mode": "REPEAT3_REALACT"}
/workspace/r10/env_old/lib/python3.12/site-packages/gymnasium/envs/registration.py:729: UserWarning: [33mWARN: The environment is being initialised with render_mode='rgb_array' that is not in the possible render_modes ([]).[0m
  logger.warn(
CEM solve time: 1.3392 seconds
CEM solve time: 1.3314 seconds
/workspace/r10/env_old/lib/python3.12/site-packages/gymnasium/envs/registration.py:729: UserWarning: [33mWARN: The environment is being initialised with render_mode='rgb_array' that is not in the possible render_modes ([]).[0m
  logger.warn(
CEM solve time: 1.3297 seconds
CEM solve time: 1.3271 seconds
{"completed": 39, "missing": 0, "case": "R6_reacher_0abbe32b49558f890c57967a", "arm": "H0", "stream": "R4_ALT_CEM_1", "mode": "REAL3_NULLACT"}
/workspace/r10/env_old/lib/python3.12/site-packages/gymnasium/envs/registration.py:729: UserWarning: [33mWARN: The environment is being initialised with render_mode='rgb_array' that is not in the possible render_modes ([]).[0m
  logger.warn(
CEM solve time: 1.3345 seconds
CEM solve time: 1.3073 seconds
{"completed": 40, "missing": 0, "case": "R6_reacher_0abbe32b49558f890c57967a", "arm": "H0", "stream": "R4_ALT_CEM_1", "mode": "REPEAT3_REALACT"}
/workspace/r10/env_old/lib/python3.12/site-packages/gymnasium/envs/registration.py:729: UserWarning: [33mWARN: The environment is being initialised with render_mode='rgb_array' that is not in the possible render_modes ([]).[0m
  logger.warn(
CEM solve time: 1.3193 seconds
/workspace/r10/env_old/lib/python3.12/site-packages/gymnasium/envs/registration.py:729: UserWarning: [33mWARN: The environment is being initialised with render_mode='rgb_array' that is not in the possible render_modes ([]).[0m
  logger.warn(
CEM solve time: 1.3321 seconds
{"completed": 41, "missing": 0, "case": "R6_reacher_0abbe32b49558f890c57967a", "arm": "H0", "stream": "R4_ALT_CEM_2", "mode": "REAL3_NULLACT"}
/workspace/r10/env_old/lib/python3.12/site-packages/gymnasium/envs/registration.py:729: UserWarning: [33mWARN: The environment is being initialised with render_mode='rgb_array' that is not in the possible render_modes ([]).[0m
  logger.warn(
CEM solve time: 1.2999 seconds
{"completed": 42, "missing": 0, "case": "R6_reacher_0abbe32b49558f890c57967a", "arm": "H0", "stream": "R4_ALT_CEM_2", "mode": "REPEAT3_REALACT"}
/workspace/r10/env_old/lib/python3.12/site-packages/gymnasium/envs/registration.py:729: UserWarning: [33mWARN: The environment is being initialised with render_mode='rgb_array' that is not in the possible render_modes ([]).[0m
  logger.warn(
CEM solve time: 1.3322 seconds
/workspace/r10/env_old/lib/python3.12/site-packages/gymnasium/envs/registration.py:729: UserWarning: [33mWARN: The environment is being initialised with render_mode='rgb_array' that is not in the possible render_modes ([]).[0m
  logger.warn(
CEM solve time: 1.3401 seconds
{"completed": 43, "missing": 0, "case": "R6_reacher_011ea9fb18f79bb320718d2e", "arm": "REFIT_103201", "stream": "R3_ORIGINAL", "mode": "REAL3_NULLACT"}
/workspace/r10/env_old/lib/python3.12/site-packages/gymnasium/envs/registration.py:729: UserWarning: [33mWARN: The environment is being initialised with render_mode='rgb_array' that is not in the possible render_modes ([]).[0m
  logger.warn(
CEM solve time: 1.2862 seconds
{"completed": 44, "missing": 0, "case": "R6_reacher_011ea9fb18f79bb320718d2e", "arm": "REFIT_103201", "stream": "R3_ORIGINAL", "mode": "REPEAT3_REALACT"}
/workspace/r10/env_old/lib/python3.12/site-packages/gymnasium/envs/registration.py:729: UserWarning: [33mWARN: The environment is being initialised with render_mode='rgb_array' that is not in the possible render_modes ([]).[0m
  logger.warn(
CEM solve time: 1.3236 seconds
CEM solve time: 1.3098 seconds
/workspace/r10/env_old/lib/python3.12/site-packages/gymnasium/envs/registration.py:729: UserWarning: [33mWARN: The environment is being initialised with render_mode='rgb_array' that is not in the possible render_modes ([]).[0m
  logger.warn(
CEM solve time: 1.3336 seconds
CEM solve time: 1.3170 seconds
{"completed": 45, "missing": 0, "case": "R6_reacher_011ea9fb18f79bb320718d2e", "arm": "REFIT_103201", "stream": "R4_ALT_CEM_1", "mode": "REAL3_NULLACT"}
/workspace/r10/env_old/lib/python3.12/site-packages/gymnasium/envs/registration.py:729: UserWarning: [33mWARN: The environment is being initialised with render_mode='rgb_array' that is not in the possible render_modes ([]).[0m
  logger.warn(
CEM solve time: 1.3266 seconds
CEM solve time: 1.3269 seconds
{"completed": 46, "missing": 0, "case": "R6_reacher_011ea9fb18f79bb320718d2e", "arm": "REFIT_103201", "stream": "R4_ALT_CEM_1", "mode": "REPEAT3_REALACT"}
/workspace/r10/env_old/lib/python3.12/site-packages/gymnasium/envs/registration.py:729: UserWarning: [33mWARN: The environment is being initialised with render_mode='rgb_array' that is not in the possible render_modes ([]).[0m
  logger.warn(
CEM solve time: 1.3325 seconds
/workspace/r10/env_old/lib/python3.12/site-packages/gymnasium/envs/registration.py:729: UserWarning: [33mWARN: The environment is being initialised with render_mode='rgb_array' that is not in the possible render_modes ([]).[0m
  logger.warn(
CEM solve time: 1.3191 seconds
{"completed": 47, "missing": 0, "case": "R6_reacher_011ea9fb18f79bb320718d2e", "arm": "REFIT_103201", "stream": "R4_ALT_CEM_2", "mode": "REAL3_NULLACT"}
/workspace/r10/env_old/lib/python3.12/site-packages/gymnasium/envs/registration.py:729: UserWarning: [33mWARN: The environment is being initialised with render_mode='rgb_array' that is not in the possible render_modes ([]).[0m
  logger.warn(
CEM solve time: 1.3216 seconds
{"completed": 48, "missing": 0, "case": "R6_reacher_011ea9fb18f79bb320718d2e", "arm": "REFIT_103201", "stream": "R4_ALT_CEM_2", "mode": "REPEAT3_REALACT"}
/workspace/r10/env_old/lib/python3.12/site-packages/gymnasium/envs/registration.py:729: UserWarning: [33mWARN: The environment is being initialised with render_mode='rgb_array' that is not in the possible render_modes ([]).[0m
  logger.warn(
CEM solve time: 1.3167 seconds
CEM solve time: 1.3358 seconds
/workspace/r10/env_old/lib/python3.12/site-packages/gymnasium/envs/registration.py:729: UserWarning: [33mWARN: The environment is being initialised with render_mode='rgb_array' that is not in the possible render_modes ([]).[0m
  logger.warn(
CEM solve time: 1.3408 seconds
CEM solve time: 1.3044 seconds
{"completed": 49, "missing": 0, "case": "R6_reacher_02bf9b5015a6d24cafbda1dd", "arm": "REFIT_103201", "stream": "R3_ORIGINAL", "mode": "REAL3_NULLACT"}
/workspace/r10/env_old/lib/python3.12/site-packages/gymnasium/envs/registration.py:729: UserWarning: [33mWARN: The environment is being initialised with render_mode='rgb_array' that is not in the possible render_modes ([]).[0m
  logger.warn(
CEM solve time: 1.3158 seconds
CEM solve time: 1.3330 seconds
{"completed": 50, "missing": 0, "case": "R6_reacher_02bf9b5015a6d24cafbda1dd", "arm": "REFIT_103201", "stream": "R3_ORIGINAL", "mode": "REPEAT3_REALACT"}
/workspace/r10/env_old/lib/python3.12/site-packages/gymnasium/envs/registration.py:729: UserWarning: [33mWARN: The environment is being initialised with render_mode='rgb_array' that is not in the possible render_modes ([]).[0m
  logger.warn(
CEM solve time: 1.2749 seconds
CEM solve time: 1.2923 seconds
/workspace/r10/env_old/lib/python3.12/site-packages/gymnasium/envs/registration.py:729: UserWarning: [33mWARN: The environment is being initialised with render_mode='rgb_array' that is not in the possible render_modes ([]).[0m
  logger.warn(
CEM solve time: 1.3123 seconds
CEM solve time: 1.3278 seconds
{"completed": 51, "missing": 0, "case": "R6_reacher_02bf9b5015a6d24cafbda1dd", "arm": "REFIT_103201", "stream": "R4_ALT_CEM_1", "mode": "REAL3_NULLACT"}
/workspace/r10/env_old/lib/python3.12/site-packages/gymnasium/envs/registration.py:729: UserWarning: [33mWARN: The environment is being initialised with render_mode='rgb_array' that is not in the possible render_modes ([]).[0m
  logger.warn(
CEM solve time: 1.3059 seconds
CEM solve time: 1.3221 seconds
{"completed": 52, "missing": 0, "case": "R6_reacher_02bf9b5015a6d24cafbda1dd", "arm": "REFIT_103201", "stream": "R4_ALT_CEM_1", "mode": "REPEAT3_REALACT"}
/workspace/r10/env_old/lib/python3.12/site-packages/gymnasium/envs/registration.py:729: UserWarning: [33mWARN: The environment is being initialised with render_mode='rgb_array' that is not in the possible render_modes ([]).[0m
  logger.warn(
CEM solve time: 1.2997 seconds
CEM solve time: 1.3270 seconds
/workspace/r10/env_old/lib/python3.12/site-packages/gymnasium/envs/registration.py:729: UserWarning: [33mWARN: The environment is being initialised with render_mode='rgb_array' that is not in the possible render_modes ([]).[0m
  logger.warn(
CEM solve time: 1.3270 seconds
CEM solve time: 1.3259 seconds
{"completed": 53, "missing": 0, "case": "R6_reacher_02bf9b5015a6d24cafbda1dd", "arm": "REFIT_103201", "stream": "R4_ALT_CEM_2", "mode": "REAL3_NULLACT"}
/workspace/r10/env_old/lib/python3.12/site-packages/gymnasium/envs/registration.py:729: UserWarning: [33mWARN: The environment is being initialised with render_mode='rgb_array' that is not in the possible render_modes ([]).[0m
  logger.warn(
CEM solve time: 1.3211 seconds
CEM solve time: 1.3312 seconds
{"completed": 54, "missing": 0, "case": "R6_reacher_02bf9b5015a6d24cafbda1dd", "arm": "REFIT_103201", "stream": "R4_ALT_CEM_2", "mode": "REPEAT3_REALACT"}
/workspace/r10/env_old/lib/python3.12/site-packages/gymnasium/envs/registration.py:729: UserWarning: [33mWARN: The environment is being initialised with render_mode='rgb_array' that is not in the possible render_modes ([]).[0m
  logger.warn(
CEM solve time: 1.3220 seconds
/workspace/r10/env_old/lib/python3.12/site-packages/gymnasium/envs/registration.py:729: UserWarning: [33mWARN: The environment is being initialised with render_mode='rgb_array' that is not in the possible render_modes ([]).[0m
  logger.warn(
CEM solve time: 1.2618 seconds
{"completed": 55, "missing": 0, "case": "R6_reacher_04323b4ed17bb5ed62619b74", "arm": "REFIT_103201", "stream": "R3_ORIGINAL", "mode": "REAL3_NULLACT"}
/workspace/r10/env_old/lib/python3.12/site-packages/gymnasium/envs/registration.py:729: UserWarning: [33mWARN: The environment is being initialised with render_mode='rgb_array' that is not in the possible render_modes ([]).[0m
  logger.warn(
CEM solve time: 1.3040 seconds
{"completed": 56, "missing": 0, "case": "R6_reacher_04323b4ed17bb5ed62619b74", "arm": "REFIT_103201", "stream": "R3_ORIGINAL", "mode": "REPEAT3_REALACT"}
/workspace/r10/env_old/lib/python3.12/site-packages/gymnasium/envs/registration.py:729: UserWarning: [33mWARN: The environment is being initialised with render_mode='rgb_array' that is not in the possible render_modes ([]).[0m
  logger.warn(
CEM solve time: 1.2636 seconds
/workspace/r10/env_old/lib/python3.12/site-packages/gymnasium/envs/registration.py:729: UserWarning: [33mWARN: The environment is being initialised with render_mode='rgb_array' that is not in the possible render_modes ([]).[0m
  logger.warn(
CEM solve time: 1.3259 seconds
{"completed": 57, "missing": 0, "case": "R6_reacher_04323b4ed17bb5ed62619b74", "arm": "REFIT_103201", "stream": "R4_ALT_CEM_1", "mode": "REAL3_NULLACT"}
/workspace/r10/env_old/lib/python3.12/site-packages/gymnasium/envs/registration.py:729: UserWarning: [33mWARN: The environment is being initialised with render_mode='rgb_array' that is not in the possible render_modes ([]).[0m
  logger.warn(
CEM solve time: 1.2981 seconds
{"completed": 58, "missing": 0, "case": "R6_reacher_04323b4ed17bb5ed62619b74", "arm": "REFIT_103201", "stream": "R4_ALT_CEM_1", "mode": "REPEAT3_REALACT"}
/workspace/r10/env_old/lib/python3.12/site-packages/gymnasium/envs/registration.py:729: UserWarning: [33mWARN: The environment is being initialised with render_mode='rgb_array' that is not in the possible render_modes ([]).[0m
  logger.warn(
CEM solve time: 1.2962 seconds
/workspace/r10/env_old/lib/python3.12/site-packages/gymnasium/envs/registration.py:729: UserWarning: [33mWARN: The environment is being initialised with render_mode='rgb_array' that is not in the possible render_modes ([]).[0m
  logger.warn(
CEM solve time: 1.2914 seconds
{"completed": 59, "missing": 0, "case": "R6_reacher_04323b4ed17bb5ed62619b74", "arm": "REFIT_103201", "stream": "R4_ALT_CEM_2", "mode": "REAL3_NULLACT"}
/workspace/r10/env_old/lib/python3.12/site-packages/gymnasium/envs/registration.py:729: UserWarning: [33mWARN: The environment is being initialised with render_mode='rgb_array' that is not in the possible render_modes ([]).[0m
  logger.warn(
CEM solve time: 1.2844 seconds
{"completed": 60, "missing": 0, "case": "R6_reacher_04323b4ed17bb5ed62619b74", "arm": "REFIT_103201", "stream": "R4_ALT_CEM_2", "mode": "REPEAT3_REALACT"}
/workspace/r10/env_old/lib/python3.12/site-packages/gymnasium/envs/registration.py:729: UserWarning: [33mWARN: The environment is being initialised with render_mode='rgb_array' that is not in the possible render_modes ([]).[0m
  logger.warn(
CEM solve time: 1.3052 seconds
CEM solve time: 1.2781 seconds
/workspace/r10/env_old/lib/python3.12/site-packages/gymnasium/envs/registration.py:729: UserWarning: [33mWARN: The environment is being initialised with render_mode='rgb_array' that is not in the possible render_modes ([]).[0m
  logger.warn(
CEM solve time: 1.2827 seconds
CEM solve time: 1.2862 seconds
{"completed": 61, "missing": 0, "case": "R6_reacher_0604aded9586b94217e9ae71", "arm": "REFIT_103201", "stream": "R3_ORIGINAL", "mode": "REAL3_NULLACT"}
/workspace/r10/env_old/lib/python3.12/site-packages/gymnasium/envs/registration.py:729: UserWarning: [33mWARN: The environment is being initialised with render_mode='rgb_array' that is not in the possible render_modes ([]).[0m
  logger.warn(
CEM solve time: 1.3121 seconds
CEM solve time: 1.3348 seconds
{"completed": 62, "missing": 0, "case": "R6_reacher_0604aded9586b94217e9ae71", "arm": "REFIT_103201", "stream": "R3_ORIGINAL", "mode": "REPEAT3_REALACT"}
/workspace/r10/env_old/lib/python3.12/site-packages/gymnasium/envs/registration.py:729: UserWarning: [33mWARN: The environment is being initialised with render_mode='rgb_array' that is not in the possible render_modes ([]).[0m
  logger.warn(
CEM solve time: 1.2949 seconds
CEM solve time: 1.2946 seconds
/workspace/r10/env_old/lib/python3.12/site-packages/gymnasium/envs/registration.py:729: UserWarning: [33mWARN: The environment is being initialised with render_mode='rgb_array' that is not in the possible render_modes ([]).[0m
  logger.warn(
CEM solve time: 1.2882 seconds
CEM solve time: 1.2926 seconds
{"completed": 63, "missing": 0, "case": "R6_reacher_0604aded9586b94217e9ae71", "arm": "REFIT_103201", "stream": "R4_ALT_CEM_1", "mode": "REAL3_NULLACT"}
/workspace/r10/env_old/lib/python3.12/site-packages/gymnasium/envs/registration.py:729: UserWarning: [33mWARN: The environment is being initialised with render_mode='rgb_array' that is not in the possible render_modes ([]).[0m
  logger.warn(
CEM solve time: 1.2772 seconds
CEM solve time: 1.3254 seconds
{"completed": 64, "missing": 0, "case": "R6_reacher_0604aded9586b94217e9ae71", "arm": "REFIT_103201", "stream": "R4_ALT_CEM_1", "mode": "REPEAT3_REALACT"}
/workspace/r10/env_old/lib/python3.12/site-packages/gymnasium/envs/registration.py:729: UserWarning: [33mWARN: The environment is being initialised with render_mode='rgb_array' that is not in the possible render_modes ([]).[0m
  logger.warn(
CEM solve time: 1.2896 seconds
/workspace/r10/env_old/lib/python3.12/site-packages/gymnasium/envs/registration.py:729: UserWarning: [33mWARN: The environment is being initialised with render_mode='rgb_array' that is not in the possible render_modes ([]).[0m
  logger.warn(
CEM solve time: 1.3075 seconds
{"completed": 65, "missing": 0, "case": "R6_reacher_0604aded9586b94217e9ae71", "arm": "REFIT_103201", "stream": "R4_ALT_CEM_2", "mode": "REAL3_NULLACT"}
/workspace/r10/env_old/lib/python3.12/site-packages/gymnasium/envs/registration.py:729: UserWarning: [33mWARN: The environment is being initialised with render_mode='rgb_array' that is not in the possible render_modes ([]).[0m
  logger.warn(
CEM solve time: 1.3311 seconds
{"completed": 66, "missing": 0, "case": "R6_reacher_0604aded9586b94217e9ae71", "arm": "REFIT_103201", "stream": "R4_ALT_CEM_2", "mode": "REPEAT3_REALACT"}
/workspace/r10/env_old/lib/python3.12/site-packages/gymnasium/envs/registration.py:729: UserWarning: [33mWARN: The environment is being initialised with render_mode='rgb_array' that is not in the possible render_modes ([]).[0m
  logger.warn(
CEM solve time: 1.2821 seconds
/workspace/r10/env_old/lib/python3.12/site-packages/gymnasium/envs/registration.py:729: UserWarning: [33mWARN: The environment is being initialised with render_mode='rgb_array' that is not in the possible render_modes ([]).[0m
  logger.warn(
CEM solve time: 1.3185 seconds
{"completed": 67, "missing": 0, "case": "R6_reacher_07f453cb26b9a6852312cfaf", "arm": "REFIT_103201", "stream": "R3_ORIGINAL", "mode": "REAL3_NULLACT"}
/workspace/r10/env_old/lib/python3.12/site-packages/gymnasium/envs/registration.py:729: UserWarning: [33mWARN: The environment is being initialised with render_mode='rgb_array' that is not in the possible render_modes ([]).[0m
  logger.warn(
CEM solve time: 1.2937 seconds
{"completed": 68, "missing": 0, "case": "R6_reacher_07f453cb26b9a6852312cfaf", "arm": "REFIT_103201", "stream": "R3_ORIGINAL", "mode": "REPEAT3_REALACT"}
/workspace/r10/env_old/lib/python3.12/site-packages/gymnasium/envs/registration.py:729: UserWarning: [33mWARN: The environment is being initialised with render_mode='rgb_array' that is not in the possible render_modes ([]).[0m
  logger.warn(
CEM solve time: 1.2847 seconds
/workspace/r10/env_old/lib/python3.12/site-packages/gymnasium/envs/registration.py:729: UserWarning: [33mWARN: The environment is being initialised with render_mode='rgb_array' that is not in the possible render_modes ([]).[0m
  logger.warn(
CEM solve time: 1.2835 seconds
{"completed": 69, "missing": 0, "case": "R6_reacher_07f453cb26b9a6852312cfaf", "arm": "REFIT_103201", "stream": "R4_ALT_CEM_1", "mode": "REAL3_NULLACT"}
/workspace/r10/env_old/lib/python3.12/site-packages/gymnasium/envs/registration.py:729: UserWarning: [33mWARN: The environment is being initialised with render_mode='rgb_array' that is not in the possible render_modes ([]).[0m
  logger.warn(
CEM solve time: 1.3079 seconds
{"completed": 70, "missing": 0, "case": "R6_reacher_07f453cb26b9a6852312cfaf", "arm": "REFIT_103201", "stream": "R4_ALT_CEM_1", "mode": "REPEAT3_REALACT"}
/workspace/r10/env_old/lib/python3.12/site-packages/gymnasium/envs/registration.py:729: UserWarning: [33mWARN: The environment is being initialised with render_mode='rgb_array' that is not in the possible render_modes ([]).[0m
  logger.warn(
CEM solve time: 1.2922 seconds
/workspace/r10/env_old/lib/python3.12/site-packages/gymnasium/envs/registration.py:729: UserWarning: [33mWARN: The environment is being initialised with render_mode='rgb_array' that is not in the possible render_modes ([]).[0m
  logger.warn(
CEM solve time: 1.3094 seconds
{"completed": 71, "missing": 0, "case": "R6_reacher_07f453cb26b9a6852312cfaf", "arm": "REFIT_103201", "stream": "R4_ALT_CEM_2", "mode": "REAL3_NULLACT"}
/workspace/r10/env_old/lib/python3.12/site-packages/gymnasium/envs/registration.py:729: UserWarning: [33mWARN: The environment is being initialised with render_mode='rgb_array' that is not in the possible render_modes ([]).[0m
  logger.warn(
CEM solve time: 1.3090 seconds
{"completed": 72, "missing": 0, "case": "R6_reacher_07f453cb26b9a6852312cfaf", "arm": "REFIT_103201", "stream": "R4_ALT_CEM_2", "mode": "REPEAT3_REALACT"}
/workspace/r10/env_old/lib/python3.12/site-packages/gymnasium/envs/registration.py:729: UserWarning: [33mWARN: The environment is being initialised with render_mode='rgb_array' that is not in the possible render_modes ([]).[0m
  logger.warn(
CEM solve time: 1.3015 seconds
/workspace/r10/env_old/lib/python3.12/site-packages/gymnasium/envs/registration.py:729: UserWarning: [33mWARN: The environment is being initialised with render_mode='rgb_array' that is not in the possible render_modes ([]).[0m
  logger.warn(
CEM solve time: 1.3174 seconds
{"completed": 73, "missing": 0, "case": "R6_reacher_0958072154ac56b71d457e80", "arm": "REFIT_103201", "stream": "R3_ORIGINAL", "mode": "REAL3_NULLACT"}
/workspace/r10/env_old/lib/python3.12/site-packages/gymnasium/envs/registration.py:729: UserWarning: [33mWARN: The environment is being initialised with render_mode='rgb_array' that is not in the possible render_modes ([]).[0m
  logger.warn(
CEM solve time: 1.3276 seconds
{"completed": 74, "missing": 0, "case": "R6_reacher_0958072154ac56b71d457e80", "arm": "REFIT_103201", "stream": "R3_ORIGINAL", "mode": "REPEAT3_REALACT"}
/workspace/r10/env_old/lib/python3.12/site-packages/gymnasium/envs/registration.py:729: UserWarning: [33mWARN: The environment is being initialised with render_mode='rgb_array' that is not in the possible render_modes ([]).[0m
  logger.warn(
CEM solve time: 1.2847 seconds
/workspace/r10/env_old/lib/python3.12/site-packages/gymnasium/envs/registration.py:729: UserWarning: [33mWARN: The environment is being initialised with render_mode='rgb_array' that is not in the possible render_modes ([]).[0m
  logger.warn(
CEM solve time: 1.2798 seconds
{"completed": 75, "missing": 0, "case": "R6_reacher_0958072154ac56b71d457e80", "arm": "REFIT_103201", "stream": "R4_ALT_CEM_1", "mode": "REAL3_NULLACT"}
/workspace/r10/env_old/lib/python3.12/site-packages/gymnasium/envs/registration.py:729: UserWarning: [33mWARN: The environment is being initialised with render_mode='rgb_array' that is not in the possible render_modes ([]).[0m
  logger.warn(
CEM solve time: 1.3036 seconds
{"completed": 76, "missing": 0, "case": "R6_reacher_0958072154ac56b71d457e80", "arm": "REFIT_103201", "stream": "R4_ALT_CEM_1", "mode": "REPEAT3_REALACT"}
/workspace/r10/env_old/lib/python3.12/site-packages/gymnasium/envs/registration.py:729: UserWarning: [33mWARN: The environment is being initialised with render_mode='rgb_array' that is not in the possible render_modes ([]).[0m
  logger.warn(
CEM solve time: 1.2832 seconds
CEM solve time: 1.2792 seconds
/workspace/r10/env_old/lib/python3.12/site-packages/gymnasium/envs/registration.py:729: UserWarning: [33mWARN: The environment is being initialised with render_mode='rgb_array' that is not in the possible render_modes ([]).[0m
  logger.warn(
CEM solve time: 1.3115 seconds
CEM solve time: 1.2964 seconds
{"completed": 77, "missing": 0, "case": "R6_reacher_0958072154ac56b71d457e80", "arm": "REFIT_103201", "stream": "R4_ALT_CEM_2", "mode": "REAL3_NULLACT"}
/workspace/r10/env_old/lib/python3.12/site-packages/gymnasium/envs/registration.py:729: UserWarning: [33mWARN: The environment is being initialised with render_mode='rgb_array' that is not in the possible render_modes ([]).[0m
  logger.warn(
CEM solve time: 1.2936 seconds
CEM solve time: 1.3023 seconds
{"completed": 78, "missing": 0, "case": "R6_reacher_0958072154ac56b71d457e80", "arm": "REFIT_103201", "stream": "R4_ALT_CEM_2", "mode": "REPEAT3_REALACT"}
/workspace/r10/env_old/lib/python3.12/site-packages/gymnasium/envs/registration.py:729: UserWarning: [33mWARN: The environment is being initialised with render_mode='rgb_array' that is not in the possible render_modes ([]).[0m
  logger.warn(
CEM solve time: 1.3093 seconds
/workspace/r10/env_old/lib/python3.12/site-packages/gymnasium/envs/registration.py:729: UserWarning: [33mWARN: The environment is being initialised with render_mode='rgb_array' that is not in the possible render_modes ([]).[0m
  logger.warn(
CEM solve time: 1.3182 seconds
{"completed": 79, "missing": 0, "case": "R6_reacher_0abbe32b49558f890c57967a", "arm": "REFIT_103201", "stream": "R3_ORIGINAL", "mode": "REAL3_NULLACT"}
/workspace/r10/env_old/lib/python3.12/site-packages/gymnasium/envs/registration.py:729: UserWarning: [33mWARN: The environment is being initialised with render_mode='rgb_array' that is not in the possible render_modes ([]).[0m
  logger.warn(
CEM solve time: 1.3124 seconds
{"completed": 80, "missing": 0, "case": "R6_reacher_0abbe32b49558f890c57967a", "arm": "REFIT_103201", "stream": "R3_ORIGINAL", "mode": "REPEAT3_REALACT"}
/workspace/r10/env_old/lib/python3.12/site-packages/gymnasium/envs/registration.py:729: UserWarning: [33mWARN: The environment is being initialised with render_mode='rgb_array' that is not in the possible render_modes ([]).[0m
  logger.warn(
CEM solve time: 1.3316 seconds
/workspace/r10/env_old/lib/python3.12/site-packages/gymnasium/envs/registration.py:729: UserWarning: [33mWARN: The environment is being initialised with render_mode='rgb_array' that is not in the possible render_modes ([]).[0m
  logger.warn(
CEM solve time: 1.3137 seconds
{"completed": 81, "missing": 0, "case": "R6_reacher_0abbe32b49558f890c57967a", "arm": "REFIT_103201", "stream": "R4_ALT_CEM_1", "mode": "REAL3_NULLACT"}
/workspace/r10/env_old/lib/python3.12/site-packages/gymnasium/envs/registration.py:729: UserWarning: [33mWARN: The environment is being initialised with render_mode='rgb_array' that is not in the possible render_modes ([]).[0m
  logger.warn(
CEM solve time: 1.2926 seconds
{"completed": 82, "missing": 0, "case": "R6_reacher_0abbe32b49558f890c57967a", "arm": "REFIT_103201", "stream": "R4_ALT_CEM_1", "mode": "REPEAT3_REALACT"}
/workspace/r10/env_old/lib/python3.12/site-packages/gymnasium/envs/registration.py:729: UserWarning: [33mWARN: The environment is being initialised with render_mode='rgb_array' that is not in the possible render_modes ([]).[0m
  logger.warn(
CEM solve time: 1.3061 seconds
/workspace/r10/env_old/lib/python3.12/site-packages/gymnasium/envs/registration.py:729: UserWarning: [33mWARN: The environment is being initialised with render_mode='rgb_array' that is not in the possible render_modes ([]).[0m
  logger.warn(
CEM solve time: 1.3229 seconds
{"completed": 83, "missing": 0, "case": "R6_reacher_0abbe32b49558f890c57967a", "arm": "REFIT_103201", "stream": "R4_ALT_CEM_2", "mode": "REAL3_NULLACT"}
/workspace/r10/env_old/lib/python3.12/site-packages/gymnasium/envs/registration.py:729: UserWarning: [33mWARN: The environment is being initialised with render_mode='rgb_array' that is not in the possible render_modes ([]).[0m
  logger.warn(
CEM solve time: 1.2906 seconds
{"completed": 84, "missing": 0, "case": "R6_reacher_0abbe32b49558f890c57967a", "arm": "REFIT_103201", "stream": "R4_ALT_CEM_2", "mode": "REPEAT3_REALACT"}
/workspace/r10/env_old/lib/python3.12/site-packages/gymnasium/envs/registration.py:729: UserWarning: [33mWARN: The environment is being initialised with render_mode='rgb_array' that is not in the possible render_modes ([]).[0m
  logger.warn(
CEM solve time: 1.3523 seconds
CEM solve time: 1.3106 seconds
/workspace/r10/env_old/lib/python3.12/site-packages/gymnasium/envs/registration.py:729: UserWarning: [33mWARN: The environment is being initialised with render_mode='rgb_array' that is not in the possible render_modes ([]).[0m
  logger.warn(
CEM solve time: 1.2951 seconds
CEM solve time: 1.2896 seconds
{"completed": 85, "missing": 0, "case": "R6_reacher_011ea9fb18f79bb320718d2e", "arm": "REFIT_103202", "stream": "R3_ORIGINAL", "mode": "REAL3_NULLACT"}
/workspace/r10/env_old/lib/python3.12/site-packages/gymnasium/envs/registration.py:729: UserWarning: [33mWARN: The environment is being initialised with render_mode='rgb_array' that is not in the possible render_modes ([]).[0m
  logger.warn(
CEM solve time: 1.2878 seconds
CEM solve time: 1.2908 seconds
{"completed": 86, "missing": 0, "case": "R6_reacher_011ea9fb18f79bb320718d2e", "arm": "REFIT_103202", "stream": "R3_ORIGINAL", "mode": "REPEAT3_REALACT"}
/workspace/r10/env_old/lib/python3.12/site-packages/gymnasium/envs/registration.py:729: UserWarning: [33mWARN: The environment is being initialised with render_mode='rgb_array' that is not in the possible render_modes ([]).[0m
  logger.warn(
CEM solve time: 1.2806 seconds
/workspace/r10/env_old/lib/python3.12/site-packages/gymnasium/envs/registration.py:729: UserWarning: [33mWARN: The environment is being initialised with render_mode='rgb_array' that is not in the possible render_modes ([]).[0m
  logger.warn(
CEM solve time: 1.2862 seconds
{"completed": 87, "missing": 0, "case": "R6_reacher_011ea9fb18f79bb320718d2e", "arm": "REFIT_103202", "stream": "R4_ALT_CEM_1", "mode": "REAL3_NULLACT"}
/workspace/r10/env_old/lib/python3.12/site-packages/gymnasium/envs/registration.py:729: UserWarning: [33mWARN: The environment is being initialised with render_mode='rgb_array' that is not in the possible render_modes ([]).[0m
  logger.warn(
CEM solve time: 1.3248 seconds
{"completed": 88, "missing": 0, "case": "R6_reacher_011ea9fb18f79bb320718d2e", "arm": "REFIT_103202", "stream": "R4_ALT_CEM_1", "mode": "REPEAT3_REALACT"}
/workspace/r10/env_old/lib/python3.12/site-packages/gymnasium/envs/registration.py:729: UserWarning: [33mWARN: The environment is being initialised with render_mode='rgb_array' that is not in the possible render_modes ([]).[0m
  logger.warn(
CEM solve time: 1.3332 seconds
/workspace/r10/env_old/lib/python3.12/site-packages/gymnasium/envs/registration.py:729: UserWarning: [33mWARN: The environment is being initialised with render_mode='rgb_array' that is not in the possible render_modes ([]).[0m
  logger.warn(
CEM solve time: 1.2817 seconds
{"completed": 89, "missing": 0, "case": "R6_reacher_011ea9fb18f79bb320718d2e", "arm": "REFIT_103202", "stream": "R4_ALT_CEM_2", "mode": "REAL3_NULLACT"}
/workspace/r10/env_old/lib/python3.12/site-packages/gymnasium/envs/registration.py:729: UserWarning: [33mWARN: The environment is being initialised with render_mode='rgb_array' that is not in the possible render_modes ([]).[0m
  logger.warn(
CEM solve time: 1.3029 seconds
{"completed": 90, "missing": 0, "case": "R6_reacher_011ea9fb18f79bb320718d2e", "arm": "REFIT_103202", "stream": "R4_ALT_CEM_2", "mode": "REPEAT3_REALACT"}
/workspace/r10/env_old/lib/python3.12/site-packages/gymnasium/envs/registration.py:729: UserWarning: [33mWARN: The environment is being initialised with render_mode='rgb_array' that is not in the possible render_modes ([]).[0m
  logger.warn(
CEM solve time: 1.2876 seconds
/workspace/r10/env_old/lib/python3.12/site-packages/gymnasium/envs/registration.py:729: UserWarning: [33mWARN: The environment is being initialised with render_mode='rgb_array' that is not in the possible render_modes ([]).[0m
  logger.warn(
CEM solve time: 1.3105 seconds
{"completed": 91, "missing": 0, "case": "R6_reacher_02bf9b5015a6d24cafbda1dd", "arm": "REFIT_103202", "stream": "R3_ORIGINAL", "mode": "REAL3_NULLACT"}
/workspace/r10/env_old/lib/python3.12/site-packages/gymnasium/envs/registration.py:729: UserWarning: [33mWARN: The environment is being initialised with render_mode='rgb_array' that is not in the possible render_modes ([]).[0m
  logger.warn(
CEM solve time: 1.2641 seconds
{"completed": 92, "missing": 0, "case": "R6_reacher_02bf9b5015a6d24cafbda1dd", "arm": "REFIT_103202", "stream": "R3_ORIGINAL", "mode": "REPEAT3_REALACT"}
/workspace/r10/env_old/lib/python3.12/site-packages/gymnasium/envs/registration.py:729: UserWarning: [33mWARN: The environment is being initialised with render_mode='rgb_array' that is not in the possible render_modes ([]).[0m
  logger.warn(
CEM solve time: 1.3193 seconds
CEM solve time: 1.2743 seconds
/workspace/r10/env_old/lib/python3.12/site-packages/gymnasium/envs/registration.py:729: UserWarning: [33mWARN: The environment is being initialised with render_mode='rgb_array' that is not in the possible render_modes ([]).[0m
  logger.warn(
CEM solve time: 1.2706 seconds
CEM solve time: 1.3120 seconds
{"completed": 93, "missing": 0, "case": "R6_reacher_02bf9b5015a6d24cafbda1dd", "arm": "REFIT_103202", "stream": "R4_ALT_CEM_1", "mode": "REAL3_NULLACT"}
/workspace/r10/env_old/lib/python3.12/site-packages/gymnasium/envs/registration.py:729: UserWarning: [33mWARN: The environment is being initialised with render_mode='rgb_array' that is not in the possible render_modes ([]).[0m
  logger.warn(
CEM solve time: 1.2661 seconds
CEM solve time: 1.2808 seconds
{"completed": 94, "missing": 0, "case": "R6_reacher_02bf9b5015a6d24cafbda1dd", "arm": "REFIT_103202", "stream": "R4_ALT_CEM_1", "mode": "REPEAT3_REALACT"}
/workspace/r10/env_old/lib/python3.12/site-packages/gymnasium/envs/registration.py:729: UserWarning: [33mWARN: The environment is being initialised with render_mode='rgb_array' that is not in the possible render_modes ([]).[0m
  logger.warn(
CEM solve time: 1.3031 seconds
CEM solve time: 1.2900 seconds
/workspace/r10/env_old/lib/python3.12/site-packages/gymnasium/envs/registration.py:729: UserWarning: [33mWARN: The environment is being initialised with render_mode='rgb_array' that is not in the possible render_modes ([]).[0m
  logger.warn(
CEM solve time: 1.2972 seconds
CEM solve time: 1.3204 seconds
{"completed": 95, "missing": 0, "case": "R6_reacher_02bf9b5015a6d24cafbda1dd", "arm": "REFIT_103202", "stream": "R4_ALT_CEM_2", "mode": "REAL3_NULLACT"}
/workspace/r10/env_old/lib/python3.12/site-packages/gymnasium/envs/registration.py:729: UserWarning: [33mWARN: The environment is being initialised with render_mode='rgb_array' that is not in the possible render_modes ([]).[0m
  logger.warn(
CEM solve time: 1.3233 seconds
CEM solve time: 1.3272 seconds
{"completed": 96, "missing": 0, "case": "R6_reacher_02bf9b5015a6d24cafbda1dd", "arm": "REFIT_103202", "stream": "R4_ALT_CEM_2", "mode": "REPEAT3_REALACT"}
/workspace/r10/env_old/lib/python3.12/site-packages/gymnasium/envs/registration.py:729: UserWarning: [33mWARN: The environment is being initialised with render_mode='rgb_array' that is not in the possible render_modes ([]).[0m
  logger.warn(
CEM solve time: 1.2993 seconds
/workspace/r10/env_old/lib/python3.12/site-packages/gymnasium/envs/registration.py:729: UserWarning: [33mWARN: The environment is being initialised with render_mode='rgb_array' that is not in the possible render_modes ([]).[0m
  logger.warn(
CEM solve time: 1.3290 seconds
{"completed": 97, "missing": 0, "case": "R6_reacher_04323b4ed17bb5ed62619b74", "arm": "REFIT_103202", "stream": "R3_ORIGINAL", "mode": "REAL3_NULLACT"}
/workspace/r10/env_old/lib/python3.12/site-packages/gymnasium/envs/registration.py:729: UserWarning: [33mWARN: The environment is being initialised with render_mode='rgb_array' that is not in the possible render_modes ([]).[0m
  logger.warn(
CEM solve time: 1.2678 seconds
{"completed": 98, "missing": 0, "case": "R6_reacher_04323b4ed17bb5ed62619b74", "arm": "REFIT_103202", "stream": "R3_ORIGINAL", "mode": "REPEAT3_REALACT"}
/workspace/r10/env_old/lib/python3.12/site-packages/gymnasium/envs/registration.py:729: UserWarning: [33mWARN: The environment is being initialised with render_mode='rgb_array' that is not in the possible render_modes ([]).[0m
  logger.warn(
CEM solve time: 1.2845 seconds
/workspace/r10/env_old/lib/python3.12/site-packages/gymnasium/envs/registration.py:729: UserWarning: [33mWARN: The environment is being initialised with render_mode='rgb_array' that is not in the possible render_modes ([]).[0m
  logger.warn(
CEM solve time: 1.2882 seconds
{"completed": 99, "missing": 0, "case": "R6_reacher_04323b4ed17bb5ed62619b74", "arm": "REFIT_103202", "stream": "R4_ALT_CEM_1", "mode": "REAL3_NULLACT"}
/workspace/r10/env_old/lib/python3.12/site-packages/gymnasium/envs/registration.py:729: UserWarning: [33mWARN: The environment is being initialised with render_mode='rgb_array' that is not in the possible render_modes ([]).[0m
  logger.warn(
CEM solve time: 1.3135 seconds
{"completed": 100, "missing": 0, "case": "R6_reacher_04323b4ed17bb5ed62619b74", "arm": "REFIT_103202", "stream": "R4_ALT_CEM_1", "mode": "REPEAT3_REALACT"}
/workspace/r10/env_old/lib/python3.12/site-packages/gymnasium/envs/registration.py:729: UserWarning: [33mWARN: The environment is being initialised with render_mode='rgb_array' that is not in the possible render_modes ([]).[0m
  logger.warn(
CEM solve time: 1.2999 seconds
/workspace/r10/env_old/lib/python3.12/site-packages/gymnasium/envs/registration.py:729: UserWarning: [33mWARN: The environment is being initialised with render_mode='rgb_array' that is not in the possible render_modes ([]).[0m
  logger.warn(
CEM solve time: 1.3128 seconds
{"completed": 101, "missing": 0, "case": "R6_reacher_04323b4ed17bb5ed62619b74", "arm": "REFIT_103202", "stream": "R4_ALT_CEM_2", "mode": "REAL3_NULLACT"}
/workspace/r10/env_old/lib/python3.12/site-packages/gymnasium/envs/registration.py:729: UserWarning: [33mWARN: The environment is being initialised with render_mode='rgb_array' that is not in the possible render_modes ([]).[0m
  logger.warn(
CEM solve time: 1.3351 seconds
{"completed": 102, "missing": 0, "case": "R6_reacher_04323b4ed17bb5ed62619b74", "arm": "REFIT_103202", "stream": "R4_ALT_CEM_2", "mode": "REPEAT3_REALACT"}
/workspace/r10/env_old/lib/python3.12/site-packages/gymnasium/envs/registration.py:729: UserWarning: [33mWARN: The environment is being initialised with render_mode='rgb_array' that is not in the possible render_modes ([]).[0m
  logger.warn(
CEM solve time: 1.2684 seconds
CEM solve time: 1.3172 seconds
/workspace/r10/env_old/lib/python3.12/site-packages/gymnasium/envs/registration.py:729: UserWarning: [33mWARN: The environment is being initialised with render_mode='rgb_array' that is not in the possible render_modes ([]).[0m
  logger.warn(
CEM solve time: 1.2347 seconds
CEM solve time: 1.2795 seconds
{"completed": 103, "missing": 0, "case": "R6_reacher_0604aded9586b94217e9ae71", "arm": "REFIT_103202", "stream": "R3_ORIGINAL", "mode": "REAL3_NULLACT"}
/workspace/r10/env_old/lib/python3.12/site-packages/gymnasium/envs/registration.py:729: UserWarning: [33mWARN: The environment is being initialised with render_mode='rgb_array' that is not in the possible render_modes ([]).[0m
  logger.warn(
CEM solve time: 1.2833 seconds
CEM solve time: 1.3098 seconds
{"completed": 104, "missing": 0, "case": "R6_reacher_0604aded9586b94217e9ae71", "arm": "REFIT_103202", "stream": "R3_ORIGINAL", "mode": "REPEAT3_REALACT"}
/workspace/r10/env_old/lib/python3.12/site-packages/gymnasium/envs/registration.py:729: UserWarning: [33mWARN: The environment is being initialised with render_mode='rgb_array' that is not in the possible render_modes ([]).[0m
  logger.warn(
CEM solve time: 1.2305 seconds
CEM solve time: 1.2883 seconds
/workspace/r10/env_old/lib/python3.12/site-packages/gymnasium/envs/registration.py:729: UserWarning: [33mWARN: The environment is being initialised with render_mode='rgb_array' that is not in the possible render_modes ([]).[0m
  logger.warn(
CEM solve time: 1.3023 seconds
CEM solve time: 1.2841 seconds
{"completed": 105, "missing": 0, "case": "R6_reacher_0604aded9586b94217e9ae71", "arm": "REFIT_103202", "stream": "R4_ALT_CEM_1", "mode": "REAL3_NULLACT"}
/workspace/r10/env_old/lib/python3.12/site-packages/gymnasium/envs/registration.py:729: UserWarning: [33mWARN: The environment is being initialised with render_mode='rgb_array' that is not in the possible render_modes ([]).[0m
  logger.warn(
CEM solve time: 1.2572 seconds
CEM solve time: 1.2893 seconds
{"completed": 106, "missing": 0, "case": "R6_reacher_0604aded9586b94217e9ae71", "arm": "REFIT_103202", "stream": "R4_ALT_CEM_1", "mode": "REPEAT3_REALACT"}
/workspace/r10/env_old/lib/python3.12/site-packages/gymnasium/envs/registration.py:729: UserWarning: [33mWARN: The environment is being initialised with render_mode='rgb_array' that is not in the possible render_modes ([]).[0m
  logger.warn(
CEM solve time: 1.3014 seconds
/workspace/r10/env_old/lib/python3.12/site-packages/gymnasium/envs/registration.py:729: UserWarning: [33mWARN: The environment is being initialised with render_mode='rgb_array' that is not in the possible render_modes ([]).[0m
  logger.warn(
CEM solve time: 1.2800 seconds
{"completed": 107, "missing": 0, "case": "R6_reacher_0604aded9586b94217e9ae71", "arm": "REFIT_103202", "stream": "R4_ALT_CEM_2", "mode": "REAL3_NULLACT"}
/workspace/r10/env_old/lib/python3.12/site-packages/gymnasium/envs/registration.py:729: UserWarning: [33mWARN: The environment is being initialised with render_mode='rgb_array' that is not in the possible render_modes ([]).[0m
  logger.warn(
CEM solve time: 1.2928 seconds
{"completed": 108, "missing": 0, "case": "R6_reacher_0604aded9586b94217e9ae71", "arm": "REFIT_103202", "stream": "R4_ALT_CEM_2", "mode": "REPEAT3_REALACT"}
/workspace/r10/env_old/lib/python3.12/site-packages/gymnasium/envs/registration.py:729: UserWarning: [33mWARN: The environment is being initialised with render_mode='rgb_array' that is not in the possible render_modes ([]).[0m
  logger.warn(
CEM solve time: 1.2916 seconds
/workspace/r10/env_old/lib/python3.12/site-packages/gymnasium/envs/registration.py:729: UserWarning: [33mWARN: The environment is being initialised with render_mode='rgb_array' that is not in the possible render_modes ([]).[0m
  logger.warn(
CEM solve time: 1.3017 seconds
{"completed": 109, "missing": 0, "case": "R6_reacher_07f453cb26b9a6852312cfaf", "arm": "REFIT_103202", "stream": "R3_ORIGINAL", "mode": "REAL3_NULLACT"}
/workspace/r10/env_old/lib/python3.12/site-packages/gymnasium/envs/registration.py:729: UserWarning: [33mWARN: The environment is being initialised with render_mode='rgb_array' that is not in the possible render_modes ([]).[0m
  logger.warn(
CEM solve time: 1.3082 seconds
{"completed": 110, "missing": 0, "case": "R6_reacher_07f453cb26b9a6852312cfaf", "arm": "REFIT_103202", "stream": "R3_ORIGINAL", "mode": "REPEAT3_REALACT"}
/workspace/r10/env_old/lib/python3.12/site-packages/gymnasium/envs/registration.py:729: UserWarning: [33mWARN: The environment is being initialised with render_mode='rgb_array' that is not in the possible render_modes ([]).[0m
  logger.warn(
CEM solve time: 1.2709 seconds
/workspace/r10/env_old/lib/python3.12/site-packages/gymnasium/envs/registration.py:729: UserWarning: [33mWARN: The environment is being initialised with render_mode='rgb_array' that is not in the possible render_modes ([]).[0m
  logger.warn(
CEM solve time: 1.2638 seconds
{"completed": 111, "missing": 0, "case": "R6_reacher_07f453cb26b9a6852312cfaf", "arm": "REFIT_103202", "stream": "R4_ALT_CEM_1", "mode": "REAL3_NULLACT"}
/workspace/r10/env_old/lib/python3.12/site-packages/gymnasium/envs/registration.py:729: UserWarning: [33mWARN: The environment is being initialised with render_mode='rgb_array' that is not in the possible render_modes ([]).[0m
  logger.warn(
CEM solve time: 1.2822 seconds
{"completed": 112, "missing": 0, "case": "R6_reacher_07f453cb26b9a6852312cfaf", "arm": "REFIT_103202", "stream": "R4_ALT_CEM_1", "mode": "REPEAT3_REALACT"}
/workspace/r10/env_old/lib/python3.12/site-packages/gymnasium/envs/registration.py:729: UserWarning: [33mWARN: The environment is being initialised with render_mode='rgb_array' that is not in the possible render_modes ([]).[0m
  logger.warn(
CEM solve time: 1.3188 seconds
/workspace/r10/env_old/lib/python3.12/site-packages/gymnasium/envs/registration.py:729: UserWarning: [33mWARN: The environment is being initialised with render_mode='rgb_array' that is not in the possible render_modes ([]).[0m
  logger.warn(
CEM solve time: 1.2891 seconds
{"completed": 113, "missing": 0, "case": "R6_reacher_07f453cb26b9a6852312cfaf", "arm": "REFIT_103202", "stream": "R4_ALT_CEM_2", "mode": "REAL3_NULLACT"}
/workspace/r10/env_old/lib/python3.12/site-packages/gymnasium/envs/registration.py:729: UserWarning: [33mWARN: The environment is being initialised with render_mode='rgb_array' that is not in the possible render_modes ([]).[0m
  logger.warn(
CEM solve time: 1.2732 seconds
{"completed": 114, "missing": 0, "case": "R6_reacher_07f453cb26b9a6852312cfaf", "arm": "REFIT_103202", "stream": "R4_ALT_CEM_2", "mode": "REPEAT3_REALACT"}
/workspace/r10/env_old/lib/python3.12/site-packages/gymnasium/envs/registration.py:729: UserWarning: [33mWARN: The environment is being initialised with render_mode='rgb_array' that is not in the possible render_modes ([]).[0m
  logger.warn(
CEM solve time: 1.2817 seconds
/workspace/r10/env_old/lib/python3.12/site-packages/gymnasium/envs/registration.py:729: UserWarning: [33mWARN: The environment is being initialised with render_mode='rgb_array' that is not in the possible render_modes ([]).[0m
  logger.warn(
CEM solve time: 1.3291 seconds
{"completed": 115, "missing": 0, "case": "R6_reacher_0958072154ac56b71d457e80", "arm": "REFIT_103202", "stream": "R3_ORIGINAL", "mode": "REAL3_NULLACT"}
/workspace/r10/env_old/lib/python3.12/site-packages/gymnasium/envs/registration.py:729: UserWarning: [33mWARN: The environment is being initialised with render_mode='rgb_array' that is not in the possible render_modes ([]).[0m
  logger.warn(
CEM solve time: 1.2609 seconds
{"completed": 116, "missing": 0, "case": "R6_reacher_0958072154ac56b71d457e80", "arm": "REFIT_103202", "stream": "R3_ORIGINAL", "mode": "REPEAT3_REALACT"}
/workspace/r10/env_old/lib/python3.12/site-packages/gymnasium/envs/registration.py:729: UserWarning: [33mWARN: The environment is being initialised with render_mode='rgb_array' that is not in the possible render_modes ([]).[0m
  logger.warn(
CEM solve time: 1.3140 seconds
/workspace/r10/env_old/lib/python3.12/site-packages/gymnasium/envs/registration.py:729: UserWarning: [33mWARN: The environment is being initialised with render_mode='rgb_array' that is not in the possible render_modes ([]).[0m
  logger.warn(
CEM solve time: 1.2486 seconds
{"completed": 117, "missing": 0, "case": "R6_reacher_0958072154ac56b71d457e80", "arm": "REFIT_103202", "stream": "R4_ALT_CEM_1", "mode": "REAL3_NULLACT"}
/workspace/r10/env_old/lib/python3.12/site-packages/gymnasium/envs/registration.py:729: UserWarning: [33mWARN: The environment is being initialised with render_mode='rgb_array' that is not in the possible render_modes ([]).[0m
  logger.warn(
CEM solve time: 1.3184 seconds
{"completed": 118, "missing": 0, "case": "R6_reacher_0958072154ac56b71d457e80", "arm": "REFIT_103202", "stream": "R4_ALT_CEM_1", "mode": "REPEAT3_REALACT"}
/workspace/r10/env_old/lib/python3.12/site-packages/gymnasium/envs/registration.py:729: UserWarning: [33mWARN: The environment is being initialised with render_mode='rgb_array' that is not in the possible render_modes ([]).[0m
  logger.warn(
CEM solve time: 1.2997 seconds
/workspace/r10/env_old/lib/python3.12/site-packages/gymnasium/envs/registration.py:729: UserWarning: [33mWARN: The environment is being initialised with render_mode='rgb_array' that is not in the possible render_modes ([]).[0m
  logger.warn(
CEM solve time: 1.3153 seconds
{"completed": 119, "missing": 0, "case": "R6_reacher_0958072154ac56b71d457e80", "arm": "REFIT_103202", "stream": "R4_ALT_CEM_2", "mode": "REAL3_NULLACT"}
/workspace/r10/env_old/lib/python3.12/site-packages/gymnasium/envs/registration.py:729: UserWarning: [33mWARN: The environment is being initialised with render_mode='rgb_array' that is not in the possible render_modes ([]).[0m
  logger.warn(
CEM solve time: 1.3086 seconds
{"completed": 120, "missing": 0, "case": "R6_reacher_0958072154ac56b71d457e80", "arm": "REFIT_103202", "stream": "R4_ALT_CEM_2", "mode": "REPEAT3_REALACT"}
/workspace/r10/env_old/lib/python3.12/site-packages/gymnasium/envs/registration.py:729: UserWarning: [33mWARN: The environment is being initialised with render_mode='rgb_array' that is not in the possible render_modes ([]).[0m
  logger.warn(
CEM solve time: 1.2822 seconds
/workspace/r10/env_old/lib/python3.12/site-packages/gymnasium/envs/registration.py:729: UserWarning: [33mWARN: The environment is being initialised with render_mode='rgb_array' that is not in the possible render_modes ([]).[0m
  logger.warn(
CEM solve time: 1.2868 seconds
{"completed": 121, "missing": 0, "case": "R6_reacher_0abbe32b49558f890c57967a", "arm": "REFIT_103202", "stream": "R3_ORIGINAL", "mode": "REAL3_NULLACT"}
/workspace/r10/env_old/lib/python3.12/site-packages/gymnasium/envs/registration.py:729: UserWarning: [33mWARN: The environment is being initialised with render_mode='rgb_array' that is not in the possible render_modes ([]).[0m
  logger.warn(
CEM solve time: 1.2608 seconds
{"completed": 122, "missing": 0, "case": "R6_reacher_0abbe32b49558f890c57967a", "arm": "REFIT_103202", "stream": "R3_ORIGINAL", "mode": "REPEAT3_REALACT"}
/workspace/r10/env_old/lib/python3.12/site-packages/gymnasium/envs/registration.py:729: UserWarning: [33mWARN: The environment is being initialised with render_mode='rgb_array' that is not in the possible render_modes ([]).[0m
  logger.warn(
CEM solve time: 1.3211 seconds
CEM solve time: 1.2651 seconds
/workspace/r10/env_old/lib/python3.12/site-packages/gymnasium/envs/registration.py:729: UserWarning: [33mWARN: The environment is being initialised with render_mode='rgb_array' that is not in the possible render_modes ([]).[0m
  logger.warn(
CEM solve time: 1.3184 seconds
CEM solve time: 1.2865 seconds
{"completed": 123, "missing": 0, "case": "R6_reacher_0abbe32b49558f890c57967a", "arm": "REFIT_103202", "stream": "R4_ALT_CEM_1", "mode": "REAL3_NULLACT"}
/workspace/r10/env_old/lib/python3.12/site-packages/gymnasium/envs/registration.py:729: UserWarning: [33mWARN: The environment is being initialised with render_mode='rgb_array' that is not in the possible render_modes ([]).[0m
  logger.warn(
CEM solve time: 1.3099 seconds
CEM solve time: 1.2615 seconds
{"completed": 124, "missing": 0, "case": "R6_reacher_0abbe32b49558f890c57967a", "arm": "REFIT_103202", "stream": "R4_ALT_CEM_1", "mode": "REPEAT3_REALACT"}
/workspace/r10/env_old/lib/python3.12/site-packages/gymnasium/envs/registration.py:729: UserWarning: [33mWARN: The environment is being initialised with render_mode='rgb_array' that is not in the possible render_modes ([]).[0m
  logger.warn(
CEM solve time: 1.3009 seconds
CEM solve time: 1.2480 seconds
/workspace/r10/env_old/lib/python3.12/site-packages/gymnasium/envs/registration.py:729: UserWarning: [33mWARN: The environment is being initialised with render_mode='rgb_array' that is not in the possible render_modes ([]).[0m
  logger.warn(
CEM solve time: 1.3356 seconds
CEM solve time: 1.2847 seconds
{"completed": 125, "missing": 0, "case": "R6_reacher_0abbe32b49558f890c57967a", "arm": "REFIT_103202", "stream": "R4_ALT_CEM_2", "mode": "REAL3_NULLACT"}
/workspace/r10/env_old/lib/python3.12/site-packages/gymnasium/envs/registration.py:729: UserWarning: [33mWARN: The environment is being initialised with render_mode='rgb_array' that is not in the possible render_modes ([]).[0m
  logger.warn(
CEM solve time: 1.3290 seconds
CEM solve time: 1.2803 seconds
{"completed": 126, "missing": 0, "case": "R6_reacher_0abbe32b49558f890c57967a", "arm": "REFIT_103202", "stream": "R4_ALT_CEM_2", "mode": "REPEAT3_REALACT"}
/workspace/r10/env_old/lib/python3.12/site-packages/gymnasium/envs/registration.py:729: UserWarning: [33mWARN: The environment is being initialised with render_mode='rgb_array' that is not in the possible render_modes ([]).[0m
  logger.warn(
CEM solve time: 1.2888 seconds
/workspace/r10/env_old/lib/python3.12/site-packages/gymnasium/envs/registration.py:729: UserWarning: [33mWARN: The environment is being initialised with render_mode='rgb_array' that is not in the possible render_modes ([]).[0m
  logger.warn(
CEM solve time: 1.3204 seconds
{"completed": 127, "missing": 0, "case": "R6_reacher_011ea9fb18f79bb320718d2e", "arm": "REFIT_103203", "stream": "R3_ORIGINAL", "mode": "REAL3_NULLACT"}
/workspace/r10/env_old/lib/python3.12/site-packages/gymnasium/envs/registration.py:729: UserWarning: [33mWARN: The environment is being initialised with render_mode='rgb_array' that is not in the possible render_modes ([]).[0m
  logger.warn(
CEM solve time: 1.3182 seconds
{"completed": 128, "missing": 0, "case": "R6_reacher_011ea9fb18f79bb320718d2e", "arm": "REFIT_103203", "stream": "R3_ORIGINAL", "mode": "REPEAT3_REALACT"}
/workspace/r10/env_old/lib/python3.12/site-packages/gymnasium/envs/registration.py:729: UserWarning: [33mWARN: The environment is being initialised with render_mode='rgb_array' that is not in the possible render_modes ([]).[0m
  logger.warn(
CEM solve time: 1.3129 seconds
/workspace/r10/env_old/lib/python3.12/site-packages/gymnasium/envs/registration.py:729: UserWarning: [33mWARN: The environment is being initialised with render_mode='rgb_array' that is not in the possible render_modes ([]).[0m
  logger.warn(
CEM solve time: 1.3208 seconds
{"completed": 129, "missing": 0, "case": "R6_reacher_011ea9fb18f79bb320718d2e", "arm": "REFIT_103203", "stream": "R4_ALT_CEM_1", "mode": "REAL3_NULLACT"}
/workspace/r10/env_old/lib/python3.12/site-packages/gymnasium/envs/registration.py:729: UserWarning: [33mWARN: The environment is being initialised with render_mode='rgb_array' that is not in the possible render_modes ([]).[0m
  logger.warn(
CEM solve time: 1.3202 seconds
{"completed": 130, "missing": 0, "case": "R6_reacher_011ea9fb18f79bb320718d2e", "arm": "REFIT_103203", "stream": "R4_ALT_CEM_1", "mode": "REPEAT3_REALACT"}
/workspace/r10/env_old/lib/python3.12/site-packages/gymnasium/envs/registration.py:729: UserWarning: [33mWARN: The environment is being initialised with render_mode='rgb_array' that is not in the possible render_modes ([]).[0m
  logger.warn(
CEM solve time: 1.2960 seconds
/workspace/r10/env_old/lib/python3.12/site-packages/gymnasium/envs/registration.py:729: UserWarning: [33mWARN: The environment is being initialised with render_mode='rgb_array' that is not in the possible render_modes ([]).[0m
  logger.warn(
CEM solve time: 1.3118 seconds
{"completed": 131, "missing": 0, "case": "R6_reacher_011ea9fb18f79bb320718d2e", "arm": "REFIT_103203", "stream": "R4_ALT_CEM_2", "mode": "REAL3_NULLACT"}
/workspace/r10/env_old/lib/python3.12/site-packages/gymnasium/envs/registration.py:729: UserWarning: [33mWARN: The environment is being initialised with render_mode='rgb_array' that is not in the possible render_modes ([]).[0m
  logger.warn(
CEM solve time: 1.3068 seconds
{"completed": 132, "missing": 0, "case": "R6_reacher_011ea9fb18f79bb320718d2e", "arm": "REFIT_103203", "stream": "R4_ALT_CEM_2", "mode": "REPEAT3_REALACT"}
/workspace/r10/env_old/lib/python3.12/site-packages/gymnasium/envs/registration.py:729: UserWarning: [33mWARN: The environment is being initialised with render_mode='rgb_array' that is not in the possible render_modes ([]).[0m
  logger.warn(
CEM solve time: 1.2964 seconds
CEM solve time: 1.3139 seconds
/workspace/r10/env_old/lib/python3.12/site-packages/gymnasium/envs/registration.py:729: UserWarning: [33mWARN: The environment is being initialised with render_mode='rgb_array' that is not in the possible render_modes ([]).[0m
  logger.warn(
CEM solve time: 1.2546 seconds
CEM solve time: 1.2918 seconds
{"completed": 133, "missing": 0, "case": "R6_reacher_02bf9b5015a6d24cafbda1dd", "arm": "REFIT_103203", "stream": "R3_ORIGINAL", "mode": "REAL3_NULLACT"}
/workspace/r10/env_old/lib/python3.12/site-packages/gymnasium/envs/registration.py:729: UserWarning: [33mWARN: The environment is being initialised with render_mode='rgb_array' that is not in the possible render_modes ([]).[0m
  logger.warn(
CEM solve time: 1.3114 seconds
CEM solve time: 1.3113 seconds
{"completed": 134, "missing": 0, "case": "R6_reacher_02bf9b5015a6d24cafbda1dd", "arm": "REFIT_103203", "stream": "R3_ORIGINAL", "mode": "REPEAT3_REALACT"}
/workspace/r10/env_old/lib/python3.12/site-packages/gymnasium/envs/registration.py:729: UserWarning: [33mWARN: The environment is being initialised with render_mode='rgb_array' that is not in the possible render_modes ([]).[0m
  logger.warn(
CEM solve time: 1.3319 seconds
CEM solve time: 1.2894 seconds
/workspace/r10/env_old/lib/python3.12/site-packages/gymnasium/envs/registration.py:729: UserWarning: [33mWARN: The environment is being initialised with render_mode='rgb_array' that is not in the possible render_modes ([]).[0m
  logger.warn(
CEM solve time: 1.2906 seconds
CEM solve time: 1.2964 seconds
{"completed": 135, "missing": 0, "case": "R6_reacher_02bf9b5015a6d24cafbda1dd", "arm": "REFIT_103203", "stream": "R4_ALT_CEM_1", "mode": "REAL3_NULLACT"}
/workspace/r10/env_old/lib/python3.12/site-packages/gymnasium/envs/registration.py:729: UserWarning: [33mWARN: The environment is being initialised with render_mode='rgb_array' that is not in the possible render_modes ([]).[0m
  logger.warn(
CEM solve time: 1.3200 seconds
CEM solve time: 1.3023 seconds
{"completed": 136, "missing": 0, "case": "R6_reacher_02bf9b5015a6d24cafbda1dd", "arm": "REFIT_103203", "stream": "R4_ALT_CEM_1", "mode": "REPEAT3_REALACT"}
/workspace/r10/env_old/lib/python3.12/site-packages/gymnasium/envs/registration.py:729: UserWarning: [33mWARN: The environment is being initialised with render_mode='rgb_array' that is not in the possible render_modes ([]).[0m
  logger.warn(
CEM solve time: 1.3195 seconds
CEM solve time: 1.3090 seconds
/workspace/r10/env_old/lib/python3.12/site-packages/gymnasium/envs/registration.py:729: UserWarning: [33mWARN: The environment is being initialised with render_mode='rgb_array' that is not in the possible render_modes ([]).[0m
  logger.warn(
CEM solve time: 1.2846 seconds
CEM solve time: 1.3122 seconds
{"completed": 137, "missing": 0, "case": "R6_reacher_02bf9b5015a6d24cafbda1dd", "arm": "REFIT_103203", "stream": "R4_ALT_CEM_2", "mode": "REAL3_NULLACT"}
/workspace/r10/env_old/lib/python3.12/site-packages/gymnasium/envs/registration.py:729: UserWarning: [33mWARN: The environment is being initialised with render_mode='rgb_array' that is not in the possible render_modes ([]).[0m
  logger.warn(
CEM solve time: 1.2977 seconds
CEM solve time: 1.2902 seconds
{"completed": 138, "missing": 0, "case": "R6_reacher_02bf9b5015a6d24cafbda1dd", "arm": "REFIT_103203", "stream": "R4_ALT_CEM_2", "mode": "REPEAT3_REALACT"}
/workspace/r10/env_old/lib/python3.12/site-packages/gymnasium/envs/registration.py:729: UserWarning: [33mWARN: The environment is being initialised with render_mode='rgb_array' that is not in the possible render_modes ([]).[0m
  logger.warn(
CEM solve time: 1.3060 seconds
CEM solve time: 1.2965 seconds
/workspace/r10/env_old/lib/python3.12/site-packages/gymnasium/envs/registration.py:729: UserWarning: [33mWARN: The environment is being initialised with render_mode='rgb_array' that is not in the possible render_modes ([]).[0m
  logger.warn(
CEM solve time: 1.2930 seconds
CEM solve time: 1.2700 seconds
{"completed": 139, "missing": 0, "case": "R6_reacher_04323b4ed17bb5ed62619b74", "arm": "REFIT_103203", "stream": "R3_ORIGINAL", "mode": "REAL3_NULLACT"}
/workspace/r10/env_old/lib/python3.12/site-packages/gymnasium/envs/registration.py:729: UserWarning: [33mWARN: The environment is being initialised with render_mode='rgb_array' that is not in the possible render_modes ([]).[0m
  logger.warn(
CEM solve time: 1.3272 seconds
CEM solve time: 1.2959 seconds
{"completed": 140, "missing": 0, "case": "R6_reacher_04323b4ed17bb5ed62619b74", "arm": "REFIT_103203", "stream": "R3_ORIGINAL", "mode": "REPEAT3_REALACT"}
/workspace/r10/env_old/lib/python3.12/site-packages/gymnasium/envs/registration.py:729: UserWarning: [33mWARN: The environment is being initialised with render_mode='rgb_array' that is not in the possible render_modes ([]).[0m
  logger.warn(
CEM solve time: 1.2883 seconds
/workspace/r10/env_old/lib/python3.12/site-packages/gymnasium/envs/registration.py:729: UserWarning: [33mWARN: The environment is being initialised with render_mode='rgb_array' that is not in the possible render_modes ([]).[0m
  logger.warn(
CEM solve time: 1.3032 seconds
{"completed": 141, "missing": 0, "case": "R6_reacher_04323b4ed17bb5ed62619b74", "arm": "REFIT_103203", "stream": "R4_ALT_CEM_1", "mode": "REAL3_NULLACT"}
/workspace/r10/env_old/lib/python3.12/site-packages/gymnasium/envs/registration.py:729: UserWarning: [33mWARN: The environment is being initialised with render_mode='rgb_array' that is not in the possible render_modes ([]).[0m
  logger.warn(
CEM solve time: 1.2824 seconds
{"completed": 142, "missing": 0, "case": "R6_reacher_04323b4ed17bb5ed62619b74", "arm": "REFIT_103203", "stream": "R4_ALT_CEM_1", "mode": "REPEAT3_REALACT"}
/workspace/r10/env_old/lib/python3.12/site-packages/gymnasium/envs/registration.py:729: UserWarning: [33mWARN: The environment is being initialised with render_mode='rgb_array' that is not in the possible render_modes ([]).[0m
  logger.warn(
CEM solve time: 1.3167 seconds
/workspace/r10/env_old/lib/python3.12/site-packages/gymnasium/envs/registration.py:729: UserWarning: [33mWARN: The environment is being initialised with render_mode='rgb_array' that is not in the possible render_modes ([]).[0m
  logger.warn(
CEM solve time: 1.3032 seconds
{"completed": 143, "missing": 0, "case": "R6_reacher_04323b4ed17bb5ed62619b74", "arm": "REFIT_103203", "stream": "R4_ALT_CEM_2", "mode": "REAL3_NULLACT"}
/workspace/r10/env_old/lib/python3.12/site-packages/gymnasium/envs/registration.py:729: UserWarning: [33mWARN: The environment is being initialised with render_mode='rgb_array' that is not in the possible render_modes ([]).[0m
  logger.warn(
CEM solve time: 1.3287 seconds
{"completed": 144, "missing": 0, "case": "R6_reacher_04323b4ed17bb5ed62619b74", "arm": "REFIT_103203", "stream": "R4_ALT_CEM_2", "mode": "REPEAT3_REALACT"}
/workspace/r10/env_old/lib/python3.12/site-packages/gymnasium/envs/registration.py:729: UserWarning: [33mWARN: The environment is being initialised with render_mode='rgb_array' that is not in the possible render_modes ([]).[0m
  logger.warn(
CEM solve time: 1.2666 seconds
/workspace/r10/env_old/lib/python3.12/site-packages/gymnasium/envs/registration.py:729: UserWarning: [33mWARN: The environment is being initialised with render_mode='rgb_array' that is not in the possible render_modes ([]).[0m
  logger.warn(
CEM solve time: 1.3174 seconds
{"completed": 145, "missing": 0, "case": "R6_reacher_0604aded9586b94217e9ae71", "arm": "REFIT_103203", "stream": "R3_ORIGINAL", "mode": "REAL3_NULLACT"}
/workspace/r10/env_old/lib/python3.12/site-packages/gymnasium/envs/registration.py:729: UserWarning: [33mWARN: The environment is being initialised with render_mode='rgb_array' that is not in the possible render_modes ([]).[0m
  logger.warn(
CEM solve time: 1.3306 seconds
{"completed": 146, "missing": 0, "case": "R6_reacher_0604aded9586b94217e9ae71", "arm": "REFIT_103203", "stream": "R3_ORIGINAL", "mode": "REPEAT3_REALACT"}
/workspace/r10/env_old/lib/python3.12/site-packages/gymnasium/envs/registration.py:729: UserWarning: [33mWARN: The environment is being initialised with render_mode='rgb_array' that is not in the possible render_modes ([]).[0m
  logger.warn(
CEM solve time: 1.2811 seconds
CEM solve time: 1.3462 seconds
/workspace/r10/env_old/lib/python3.12/site-packages/gymnasium/envs/registration.py:729: UserWarning: [33mWARN: The environment is being initialised with render_mode='rgb_array' that is not in the possible render_modes ([]).[0m
  logger.warn(
CEM solve time: 1.2309 seconds
CEM solve time: 1.3339 seconds
{"completed": 147, "missing": 0, "case": "R6_reacher_0604aded9586b94217e9ae71", "arm": "REFIT_103203", "stream": "R4_ALT_CEM_1", "mode": "REAL3_NULLACT"}
/workspace/r10/env_old/lib/python3.12/site-packages/gymnasium/envs/registration.py:729: UserWarning: [33mWARN: The environment is being initialised with render_mode='rgb_array' that is not in the possible render_modes ([]).[0m
  logger.warn(
CEM solve time: 1.2854 seconds
CEM solve time: 1.2729 seconds
{"completed": 148, "missing": 0, "case": "R6_reacher_0604aded9586b94217e9ae71", "arm": "REFIT_103203", "stream": "R4_ALT_CEM_1", "mode": "REPEAT3_REALACT"}
/workspace/r10/env_old/lib/python3.12/site-packages/gymnasium/envs/registration.py:729: UserWarning: [33mWARN: The environment is being initialised with render_mode='rgb_array' that is not in the possible render_modes ([]).[0m
  logger.warn(
CEM solve time: 1.2608 seconds
CEM solve time: 1.2390 seconds
/workspace/r10/env_old/lib/python3.12/site-packages/gymnasium/envs/registration.py:729: UserWarning: [33mWARN: The environment is being initialised with render_mode='rgb_array' that is not in the possible render_modes ([]).[0m
  logger.warn(
CEM solve time: 1.2483 seconds
CEM solve time: 1.2890 seconds
{"completed": 149, "missing": 0, "case": "R6_reacher_0604aded9586b94217e9ae71", "arm": "REFIT_103203", "stream": "R4_ALT_CEM_2", "mode": "REAL3_NULLACT"}
/workspace/r10/env_old/lib/python3.12/site-packages/gymnasium/envs/registration.py:729: UserWarning: [33mWARN: The environment is being initialised with render_mode='rgb_array' that is not in the possible render_modes ([]).[0m
  logger.warn(
CEM solve time: 1.2756 seconds
CEM solve time: 1.3213 seconds
{"completed": 150, "missing": 0, "case": "R6_reacher_0604aded9586b94217e9ae71", "arm": "REFIT_103203", "stream": "R4_ALT_CEM_2", "mode": "REPEAT3_REALACT"}
/workspace/r10/env_old/lib/python3.12/site-packages/gymnasium/envs/registration.py:729: UserWarning: [33mWARN: The environment is being initialised with render_mode='rgb_array' that is not in the possible render_modes ([]).[0m
  logger.warn(
CEM solve time: 1.2619 seconds
/workspace/r10/env_old/lib/python3.12/site-packages/gymnasium/envs/registration.py:729: UserWarning: [33mWARN: The environment is being initialised with render_mode='rgb_array' that is not in the possible render_modes ([]).[0m
  logger.warn(
CEM solve time: 1.2665 seconds
{"completed": 151, "missing": 0, "case": "R6_reacher_07f453cb26b9a6852312cfaf", "arm": "REFIT_103203", "stream": "R3_ORIGINAL", "mode": "REAL3_NULLACT"}
/workspace/r10/env_old/lib/python3.12/site-packages/gymnasium/envs/registration.py:729: UserWarning: [33mWARN: The environment is being initialised with render_mode='rgb_array' that is not in the possible render_modes ([]).[0m
  logger.warn(
CEM solve time: 1.2516 seconds
{"completed": 152, "missing": 0, "case": "R6_reacher_07f453cb26b9a6852312cfaf", "arm": "REFIT_103203", "stream": "R3_ORIGINAL", "mode": "REPEAT3_REALACT"}
/workspace/r10/env_old/lib/python3.12/site-packages/gymnasium/envs/registration.py:729: UserWarning: [33mWARN: The environment is being initialised with render_mode='rgb_array' that is not in the possible render_modes ([]).[0m
  logger.warn(
CEM solve time: 1.2940 seconds
/workspace/r10/env_old/lib/python3.12/site-packages/gymnasium/envs/registration.py:729: UserWarning: [33mWARN: The environment is being initialised with render_mode='rgb_array' that is not in the possible render_modes ([]).[0m
  logger.warn(
CEM solve time: 1.2503 seconds
{"completed": 153, "missing": 0, "case": "R6_reacher_07f453cb26b9a6852312cfaf", "arm": "REFIT_103203", "stream": "R4_ALT_CEM_1", "mode": "REAL3_NULLACT"}
/workspace/r10/env_old/lib/python3.12/site-packages/gymnasium/envs/registration.py:729: UserWarning: [33mWARN: The environment is being initialised with render_mode='rgb_array' that is not in the possible render_modes ([]).[0m
  logger.warn(
CEM solve time: 1.2167 seconds
{"completed": 154, "missing": 0, "case": "R6_reacher_07f453cb26b9a6852312cfaf", "arm": "REFIT_103203", "stream": "R4_ALT_CEM_1", "mode": "REPEAT3_REALACT"}
/workspace/r10/env_old/lib/python3.12/site-packages/gymnasium/envs/registration.py:729: UserWarning: [33mWARN: The environment is being initialised with render_mode='rgb_array' that is not in the possible render_modes ([]).[0m
  logger.warn(
CEM solve time: 1.2599 seconds
/workspace/r10/env_old/lib/python3.12/site-packages/gymnasium/envs/registration.py:729: UserWarning: [33mWARN: The environment is being initialised with render_mode='rgb_array' that is not in the possible render_modes ([]).[0m
  logger.warn(
CEM solve time: 1.2314 seconds
{"completed": 155, "missing": 0, "case": "R6_reacher_07f453cb26b9a6852312cfaf", "arm": "REFIT_103203", "stream": "R4_ALT_CEM_2", "mode": "REAL3_NULLACT"}
/workspace/r10/env_old/lib/python3.12/site-packages/gymnasium/envs/registration.py:729: UserWarning: [33mWARN: The environment is being initialised with render_mode='rgb_array' that is not in the possible render_modes ([]).[0m
  logger.warn(
CEM solve time: 1.2082 seconds
{"completed": 156, "missing": 0, "case": "R6_reacher_07f453cb26b9a6852312cfaf", "arm": "REFIT_103203", "stream": "R4_ALT_CEM_2", "mode": "REPEAT3_REALACT"}
/workspace/r10/env_old/lib/python3.12/site-packages/gymnasium/envs/registration.py:729: UserWarning: [33mWARN: The environment is being initialised with render_mode='rgb_array' that is not in the possible render_modes ([]).[0m
  logger.warn(
CEM solve time: 1.2302 seconds
/workspace/r10/env_old/lib/python3.12/site-packages/gymnasium/envs/registration.py:729: UserWarning: [33mWARN: The environment is being initialised with render_mode='rgb_array' that is not in the possible render_modes ([]).[0m
  logger.warn(
CEM solve time: 1.2271 seconds
{"completed": 157, "missing": 0, "case": "R6_reacher_0958072154ac56b71d457e80", "arm": "REFIT_103203", "stream": "R3_ORIGINAL", "mode": "REAL3_NULLACT"}
/workspace/r10/env_old/lib/python3.12/site-packages/gymnasium/envs/registration.py:729: UserWarning: [33mWARN: The environment is being initialised with render_mode='rgb_array' that is not in the possible render_modes ([]).[0m
  logger.warn(
CEM solve time: 1.2483 seconds
{"completed": 158, "missing": 0, "case": "R6_reacher_0958072154ac56b71d457e80", "arm": "REFIT_103203", "stream": "R3_ORIGINAL", "mode": "REPEAT3_REALACT"}
/workspace/r10/env_old/lib/python3.12/site-packages/gymnasium/envs/registration.py:729: UserWarning: [33mWARN: The environment is being initialised with render_mode='rgb_array' that is not in the possible render_modes ([]).[0m
  logger.warn(
CEM solve time: 1.1583 seconds
/workspace/r10/env_old/lib/python3.12/site-packages/gymnasium/envs/registration.py:729: UserWarning: [33mWARN: The environment is being initialised with render_mode='rgb_array' that is not in the possible render_modes ([]).[0m
  logger.warn(
CEM solve time: 1.1277 seconds
{"completed": 159, "missing": 0, "case": "R6_reacher_0958072154ac56b71d457e80", "arm": "REFIT_103203", "stream": "R4_ALT_CEM_1", "mode": "REAL3_NULLACT"}
/workspace/r10/env_old/lib/python3.12/site-packages/gymnasium/envs/registration.py:729: UserWarning: [33mWARN: The environment is being initialised with render_mode='rgb_array' that is not in the possible render_modes ([]).[0m
  logger.warn(
CEM solve time: 1.1186 seconds
{"completed": 160, "missing": 0, "case": "R6_reacher_0958072154ac56b71d457e80", "arm": "REFIT_103203", "stream": "R4_ALT_CEM_1", "mode": "REPEAT3_REALACT"}
/workspace/r10/env_old/lib/python3.12/site-packages/gymnasium/envs/registration.py:729: UserWarning: [33mWARN: The environment is being initialised with render_mode='rgb_array' that is not in the possible render_modes ([]).[0m
  logger.warn(
CEM solve time: 1.1351 seconds
/workspace/r10/env_old/lib/python3.12/site-packages/gymnasium/envs/registration.py:729: UserWarning: [33mWARN: The environment is being initialised with render_mode='rgb_array' that is not in the possible render_modes ([]).[0m
  logger.warn(
CEM solve time: 1.1311 seconds
{"completed": 161, "missing": 0, "case": "R6_reacher_0958072154ac56b71d457e80", "arm": "REFIT_103203", "stream": "R4_ALT_CEM_2", "mode": "REAL3_NULLACT"}
/workspace/r10/env_old/lib/python3.12/site-packages/gymnasium/envs/registration.py:729: UserWarning: [33mWARN: The environment is being initialised with render_mode='rgb_array' that is not in the possible render_modes ([]).[0m
  logger.warn(
CEM solve time: 1.1387 seconds
{"completed": 162, "missing": 0, "case": "R6_reacher_0958072154ac56b71d457e80", "arm": "REFIT_103203", "stream": "R4_ALT_CEM_2", "mode": "REPEAT3_REALACT"}
/workspace/r10/env_old/lib/python3.12/site-packages/gymnasium/envs/registration.py:729: UserWarning: [33mWARN: The environment is being initialised with render_mode='rgb_array' that is not in the possible render_modes ([]).[0m
  logger.warn(
CEM solve time: 1.1189 seconds
/workspace/r10/env_old/lib/python3.12/site-packages/gymnasium/envs/registration.py:729: UserWarning: [33mWARN: The environment is being initialised with render_mode='rgb_array' that is not in the possible render_modes ([]).[0m
  logger.warn(
CEM solve time: 1.1351 seconds
{"completed": 163, "missing": 0, "case": "R6_reacher_0abbe32b49558f890c57967a", "arm": "REFIT_103203", "stream": "R3_ORIGINAL", "mode": "REAL3_NULLACT"}
/workspace/r10/env_old/lib/python3.12/site-packages/gymnasium/envs/registration.py:729: UserWarning: [33mWARN: The environment is being initialised with render_mode='rgb_array' that is not in the possible render_modes ([]).[0m
  logger.warn(
CEM solve time: 1.1239 seconds
{"completed": 164, "missing": 0, "case": "R6_reacher_0abbe32b49558f890c57967a", "arm": "REFIT_103203", "stream": "R3_ORIGINAL", "mode": "REPEAT3_REALACT"}
/workspace/r10/env_old/lib/python3.12/site-packages/gymnasium/envs/registration.py:729: UserWarning: [33mWARN: The environment is being initialised with render_mode='rgb_array' that is not in the possible render_modes ([]).[0m
  logger.warn(
CEM solve time: 1.1239 seconds
/workspace/r10/env_old/lib/python3.12/site-packages/gymnasium/envs/registration.py:729: UserWarning: [33mWARN: The environment is being initialised with render_mode='rgb_array' that is not in the possible render_modes ([]).[0m
  logger.warn(
CEM solve time: 1.1278 seconds
{"completed": 165, "missing": 0, "case": "R6_reacher_0abbe32b49558f890c57967a", "arm": "REFIT_103203", "stream": "R4_ALT_CEM_1", "mode": "REAL3_NULLACT"}
/workspace/r10/env_old/lib/python3.12/site-packages/gymnasium/envs/registration.py:729: UserWarning: [33mWARN: The environment is being initialised with render_mode='rgb_array' that is not in the possible render_modes ([]).[0m
  logger.warn(
CEM solve time: 1.1238 seconds
{"completed": 166, "missing": 0, "case": "R6_reacher_0abbe32b49558f890c57967a", "arm": "REFIT_103203", "stream": "R4_ALT_CEM_1", "mode": "REPEAT3_REALACT"}
/workspace/r10/env_old/lib/python3.12/site-packages/gymnasium/envs/registration.py:729: UserWarning: [33mWARN: The environment is being initialised with render_mode='rgb_array' that is not in the possible render_modes ([]).[0m
  logger.warn(
CEM solve time: 1.1154 seconds
CEM solve time: 1.1379 seconds
/workspace/r10/env_old/lib/python3.12/site-packages/gymnasium/envs/registration.py:729: UserWarning: [33mWARN: The environment is being initialised with render_mode='rgb_array' that is not in the possible render_modes ([]).[0m
  logger.warn(
CEM solve time: 1.1196 seconds
CEM solve time: 1.1665 seconds
{"completed": 167, "missing": 0, "case": "R6_reacher_0abbe32b49558f890c57967a", "arm": "REFIT_103203", "stream": "R4_ALT_CEM_2", "mode": "REAL3_NULLACT"}
/workspace/r10/env_old/lib/python3.12/site-packages/gymnasium/envs/registration.py:729: UserWarning: [33mWARN: The environment is being initialised with render_mode='rgb_array' that is not in the possible render_modes ([]).[0m
  logger.warn(
CEM solve time: 1.1897 seconds
CEM solve time: 1.1276 seconds
{"completed": 168, "missing": 0, "case": "R6_reacher_0abbe32b49558f890c57967a", "arm": "REFIT_103203", "stream": "R4_ALT_CEM_2", "mode": "REPEAT3_REALACT"}
